Archive member included to satisfy reference by file (symbol)

e:/stm_cube_ide/stm32cubeide_1.5.1/stm32cubeide/plugins/com.st.stm32cube.ide.mcu.externaltools.gnu-tools-for-stm32.9-2020-q2-update.win32_2.0.0.202105311346/tools/bin/../lib/gcc/arm-none-eabi/9.3.1/../../../../arm-none-eabi/lib/thumb/v7e-m+fp/hard\libc_nano.a(lib_a-exit.o)
                              e:/stm_cube_ide/stm32cubeide_1.5.1/stm32cubeide/plugins/com.st.stm32cube.ide.mcu.externaltools.gnu-tools-for-stm32.9-2020-q2-update.win32_2.0.0.202105311346/tools/bin/../lib/gcc/arm-none-eabi/9.3.1/../../../../arm-none-eabi/lib/thumb/v7e-m+fp/hard/crt0.o (exit)
e:/stm_cube_ide/stm32cubeide_1.5.1/stm32cubeide/plugins/com.st.stm32cube.ide.mcu.externaltools.gnu-tools-for-stm32.9-2020-q2-update.win32_2.0.0.202105311346/tools/bin/../lib/gcc/arm-none-eabi/9.3.1/../../../../arm-none-eabi/lib/thumb/v7e-m+fp/hard\libc_nano.a(lib_a-impure.o)
                              e:/stm_cube_ide/stm32cubeide_1.5.1/stm32cubeide/plugins/com.st.stm32cube.ide.mcu.externaltools.gnu-tools-for-stm32.9-2020-q2-update.win32_2.0.0.202105311346/tools/bin/../lib/gcc/arm-none-eabi/9.3.1/../../../../arm-none-eabi/lib/thumb/v7e-m+fp/hard\libc_nano.a(lib_a-exit.o) (_global_impure_ptr)
e:/stm_cube_ide/stm32cubeide_1.5.1/stm32cubeide/plugins/com.st.stm32cube.ide.mcu.externaltools.gnu-tools-for-stm32.9-2020-q2-update.win32_2.0.0.202105311346/tools/bin/../lib/gcc/arm-none-eabi/9.3.1/../../../../arm-none-eabi/lib/thumb/v7e-m+fp/hard\libc_nano.a(lib_a-init.o)
                              e:/stm_cube_ide/stm32cubeide_1.5.1/stm32cubeide/plugins/com.st.stm32cube.ide.mcu.externaltools.gnu-tools-for-stm32.9-2020-q2-update.win32_2.0.0.202105311346/tools/bin/../lib/gcc/arm-none-eabi/9.3.1/../../../../arm-none-eabi/lib/thumb/v7e-m+fp/hard/crt0.o (__libc_init_array)
e:/stm_cube_ide/stm32cubeide_1.5.1/stm32cubeide/plugins/com.st.stm32cube.ide.mcu.externaltools.gnu-tools-for-stm32.9-2020-q2-update.win32_2.0.0.202105311346/tools/bin/../lib/gcc/arm-none-eabi/9.3.1/../../../../arm-none-eabi/lib/thumb/v7e-m+fp/hard\libc_nano.a(lib_a-memset.o)
                              e:/stm_cube_ide/stm32cubeide_1.5.1/stm32cubeide/plugins/com.st.stm32cube.ide.mcu.externaltools.gnu-tools-for-stm32.9-2020-q2-update.win32_2.0.0.202105311346/tools/bin/../lib/gcc/arm-none-eabi/9.3.1/../../../../arm-none-eabi/lib/thumb/v7e-m+fp/hard/crt0.o (memset)
e:/stm_cube_ide/stm32cubeide_1.5.1/stm32cubeide/plugins/com.st.stm32cube.ide.mcu.externaltools.gnu-tools-for-stm32.9-2020-q2-update.win32_2.0.0.202105311346/tools/bin/../lib/gcc/arm-none-eabi/9.3.1/../../../../arm-none-eabi/lib/thumb/v7e-m+fp/hard\libnosys.a(_exit.o)
                              e:/stm_cube_ide/stm32cubeide_1.5.1/stm32cubeide/plugins/com.st.stm32cube.ide.mcu.externaltools.gnu-tools-for-stm32.9-2020-q2-update.win32_2.0.0.202105311346/tools/bin/../lib/gcc/arm-none-eabi/9.3.1/../../../../arm-none-eabi/lib/thumb/v7e-m+fp/hard\libc_nano.a(lib_a-exit.o) (_exit)

Discarded input sections

 .text          0x0000000000000000        0x0 e:/stm_cube_ide/stm32cubeide_1.5.1/stm32cubeide/plugins/com.st.stm32cube.ide.mcu.externaltools.gnu-tools-for-stm32.9-2020-q2-update.win32_2.0.0.202105311346/tools/bin/../lib/gcc/arm-none-eabi/9.3.1/thumb/v7e-m+fp/hard/crti.o
 .data          0x0000000000000000        0x0 e:/stm_cube_ide/stm32cubeide_1.5.1/stm32cubeide/plugins/com.st.stm32cube.ide.mcu.externaltools.gnu-tools-for-stm32.9-2020-q2-update.win32_2.0.0.202105311346/tools/bin/../lib/gcc/arm-none-eabi/9.3.1/thumb/v7e-m+fp/hard/crti.o
 .bss           0x0000000000000000        0x0 e:/stm_cube_ide/stm32cubeide_1.5.1/stm32cubeide/plugins/com.st.stm32cube.ide.mcu.externaltools.gnu-tools-for-stm32.9-2020-q2-update.win32_2.0.0.202105311346/tools/bin/../lib/gcc/arm-none-eabi/9.3.1/thumb/v7e-m+fp/hard/crti.o
 .data          0x0000000000000000        0x4 e:/stm_cube_ide/stm32cubeide_1.5.1/stm32cubeide/plugins/com.st.stm32cube.ide.mcu.externaltools.gnu-tools-for-stm32.9-2020-q2-update.win32_2.0.0.202105311346/tools/bin/../lib/gcc/arm-none-eabi/9.3.1/thumb/v7e-m+fp/hard/crtbegin.o
 .text          0x0000000000000000       0x7c e:/stm_cube_ide/stm32cubeide_1.5.1/stm32cubeide/plugins/com.st.stm32cube.ide.mcu.externaltools.gnu-tools-for-stm32.9-2020-q2-update.win32_2.0.0.202105311346/tools/bin/../lib/gcc/arm-none-eabi/9.3.1/../../../../arm-none-eabi/lib/thumb/v7e-m+fp/hard/crt0.o
 .data          0x0000000000000000        0x0 e:/stm_cube_ide/stm32cubeide_1.5.1/stm32cubeide/plugins/com.st.stm32cube.ide.mcu.externaltools.gnu-tools-for-stm32.9-2020-q2-update.win32_2.0.0.202105311346/tools/bin/../lib/gcc/arm-none-eabi/9.3.1/../../../../arm-none-eabi/lib/thumb/v7e-m+fp/hard/crt0.o
 .bss           0x0000000000000000        0x0 e:/stm_cube_ide/stm32cubeide_1.5.1/stm32cubeide/plugins/com.st.stm32cube.ide.mcu.externaltools.gnu-tools-for-stm32.9-2020-q2-update.win32_2.0.0.202105311346/tools/bin/../lib/gcc/arm-none-eabi/9.3.1/../../../../arm-none-eabi/lib/thumb/v7e-m+fp/hard/crt0.o
 .ARM.extab     0x0000000000000000        0x0 e:/stm_cube_ide/stm32cubeide_1.5.1/stm32cubeide/plugins/com.st.stm32cube.ide.mcu.externaltools.gnu-tools-for-stm32.9-2020-q2-update.win32_2.0.0.202105311346/tools/bin/../lib/gcc/arm-none-eabi/9.3.1/../../../../arm-none-eabi/lib/thumb/v7e-m+fp/hard/crt0.o
 .ARM.exidx     0x0000000000000000       0x10 e:/stm_cube_ide/stm32cubeide_1.5.1/stm32cubeide/plugins/com.st.stm32cube.ide.mcu.externaltools.gnu-tools-for-stm32.9-2020-q2-update.win32_2.0.0.202105311346/tools/bin/../lib/gcc/arm-none-eabi/9.3.1/../../../../arm-none-eabi/lib/thumb/v7e-m+fp/hard/crt0.o
 .ARM.attributes
                0x0000000000000000       0x1c e:/stm_cube_ide/stm32cubeide_1.5.1/stm32cubeide/plugins/com.st.stm32cube.ide.mcu.externaltools.gnu-tools-for-stm32.9-2020-q2-update.win32_2.0.0.202105311346/tools/bin/../lib/gcc/arm-none-eabi/9.3.1/../../../../arm-none-eabi/lib/thumb/v7e-m+fp/hard/crt0.o
 .group         0x0000000000000000        0xc ./Core/Src/Clock_Config.o
 .group         0x0000000000000000        0xc ./Core/Src/Clock_Config.o
 .group         0x0000000000000000        0xc ./Core/Src/Clock_Config.o
 .group         0x0000000000000000        0xc ./Core/Src/Clock_Config.o
 .group         0x0000000000000000        0xc ./Core/Src/Clock_Config.o
 .group         0x0000000000000000        0xc ./Core/Src/Clock_Config.o
 .group         0x0000000000000000        0xc ./Core/Src/Clock_Config.o
 .group         0x0000000000000000        0xc ./Core/Src/Clock_Config.o
 .group         0x0000000000000000        0xc ./Core/Src/Clock_Config.o
 .group         0x0000000000000000        0xc ./Core/Src/Clock_Config.o
 .group         0x0000000000000000        0xc ./Core/Src/Clock_Config.o
 .group         0x0000000000000000        0xc ./Core/Src/Clock_Config.o
 .group         0x0000000000000000        0xc ./Core/Src/Clock_Config.o
 .group         0x0000000000000000        0xc ./Core/Src/Clock_Config.o
 .group         0x0000000000000000        0xc ./Core/Src/Clock_Config.o
 .text          0x0000000000000000        0x0 ./Core/Src/Clock_Config.o
 .data          0x0000000000000000        0x0 ./Core/Src/Clock_Config.o
 .bss           0x0000000000000000        0x0 ./Core/Src/Clock_Config.o
 .text.Init_Clock_HSE
                0x0000000000000000      0x104 ./Core/Src/Clock_Config.o
 .group         0x0000000000000000        0xc ./Core/Src/Display.o
 .group         0x0000000000000000        0xc ./Core/Src/Display.o
 .group         0x0000000000000000        0xc ./Core/Src/Display.o
 .group         0x0000000000000000        0xc ./Core/Src/Display.o
 .group         0x0000000000000000        0xc ./Core/Src/Display.o
 .group         0x0000000000000000        0xc ./Core/Src/Display.o
 .group         0x0000000000000000        0xc ./Core/Src/Display.o
 .group         0x0000000000000000        0xc ./Core/Src/Display.o
 .group         0x0000000000000000        0xc ./Core/Src/Display.o
 .group         0x0000000000000000        0xc ./Core/Src/Display.o
 .group         0x0000000000000000        0xc ./Core/Src/Display.o
 .group         0x0000000000000000        0xc ./Core/Src/Display.o
 .group         0x0000000000000000        0xc ./Core/Src/Display.o
 .group         0x0000000000000000        0xc ./Core/Src/Display.o
 .group         0x0000000000000000        0xc ./Core/Src/Display.o
 .group         0x0000000000000000        0xc ./Core/Src/Display.o
 .group         0x0000000000000000        0xc ./Core/Src/Display.o
 .group         0x0000000000000000        0xc ./Core/Src/Display.o
 .group         0x0000000000000000        0xc ./Core/Src/Display.o
 .group         0x0000000000000000        0xc ./Core/Src/Display.o
 .group         0x0000000000000000        0xc ./Core/Src/Display.o
 .group         0x0000000000000000        0xc ./Core/Src/Display.o
 .group         0x0000000000000000        0xc ./Core/Src/Display.o
 .group         0x0000000000000000        0xc ./Core/Src/Display.o
 .group         0x0000000000000000        0xc ./Core/Src/Display.o
 .group         0x0000000000000000        0xc ./Core/Src/Display.o
 .group         0x0000000000000000        0xc ./Core/Src/Display.o
 .group         0x0000000000000000        0xc ./Core/Src/Display.o
 .group         0x0000000000000000        0xc ./Core/Src/Display.o
 .group         0x0000000000000000        0xc ./Core/Src/Display.o
 .group         0x0000000000000000        0xc ./Core/Src/Display.o
 .group         0x0000000000000000        0xc ./Core/Src/Display.o
 .group         0x0000000000000000        0xc ./Core/Src/Display.o
 .group         0x0000000000000000        0xc ./Core/Src/Display.o
 .group         0x0000000000000000        0xc ./Core/Src/Display.o
 .group         0x0000000000000000        0xc ./Core/Src/Display.o
 .group         0x0000000000000000        0xc ./Core/Src/Display.o
 .group         0x0000000000000000        0xc ./Core/Src/Display.o
 .group         0x0000000000000000        0xc ./Core/Src/Display.o
 .group         0x0000000000000000        0xc ./Core/Src/Display.o
 .group         0x0000000000000000        0xc ./Core/Src/Display.o
 .group         0x0000000000000000        0xc ./Core/Src/Display.o
 .group         0x0000000000000000        0xc ./Core/Src/Display.o
 .group         0x0000000000000000        0xc ./Core/Src/Display.o
 .text          0x0000000000000000        0x0 ./Core/Src/Display.o
 .data          0x0000000000000000        0x0 ./Core/Src/Display.o
 .bss           0x0000000000000000        0x0 ./Core/Src/Display.o
 .text.Display7Seg_Init
                0x0000000000000000       0x8e ./Core/Src/Display.o
 .rodata        0x0000000000000000        0xa ./Core/Src/Display.o
 .text.Write_Display7Seg
                0x0000000000000000      0x120 ./Core/Src/Display.o
 .text.Reset_Display7Seg
                0x0000000000000000       0x4e ./Core/Src/Display.o
 .debug_info    0x0000000000000000      0xc05 ./Core/Src/Display.o
 .debug_abbrev  0x0000000000000000      0x238 ./Core/Src/Display.o
 .debug_aranges
                0x0000000000000000       0x30 ./Core/Src/Display.o
 .debug_ranges  0x0000000000000000       0x20 ./Core/Src/Display.o
 .debug_macro   0x0000000000000000      0x245 ./Core/Src/Display.o
 .debug_macro   0x0000000000000000      0xaa2 ./Core/Src/Display.o
 .debug_macro   0x0000000000000000       0x28 ./Core/Src/Display.o
 .debug_macro   0x0000000000000000       0x22 ./Core/Src/Display.o
 .debug_macro   0x0000000000000000       0x8e ./Core/Src/Display.o
 .debug_macro   0x0000000000000000       0x51 ./Core/Src/Display.o
 .debug_macro   0x0000000000000000      0x103 ./Core/Src/Display.o
 .debug_macro   0x0000000000000000       0x6a ./Core/Src/Display.o
 .debug_macro   0x0000000000000000      0x1df ./Core/Src/Display.o
 .debug_macro   0x0000000000000000       0x1c ./Core/Src/Display.o
 .debug_macro   0x0000000000000000       0x22 ./Core/Src/Display.o
 .debug_macro   0x0000000000000000       0xdf ./Core/Src/Display.o
 .debug_macro   0x0000000000000000     0x102d ./Core/Src/Display.o
 .debug_macro   0x0000000000000000      0x11f ./Core/Src/Display.o
 .debug_macro   0x0000000000000000     0xb850 ./Core/Src/Display.o
 .debug_macro   0x0000000000000000       0x52 ./Core/Src/Display.o
 .debug_macro   0x0000000000000000       0x18 ./Core/Src/Display.o
 .debug_macro   0x0000000000000000       0x3c ./Core/Src/Display.o
 .debug_macro   0x0000000000000000       0x34 ./Core/Src/Display.o
 .debug_macro   0x0000000000000000       0x16 ./Core/Src/Display.o
 .debug_macro   0x0000000000000000       0x97 ./Core/Src/Display.o
 .debug_macro   0x0000000000000000      0x333 ./Core/Src/Display.o
 .debug_macro   0x0000000000000000       0xfd ./Core/Src/Display.o
 .debug_macro   0x0000000000000000       0x10 ./Core/Src/Display.o
 .debug_macro   0x0000000000000000       0x16 ./Core/Src/Display.o
 .debug_macro   0x0000000000000000       0x43 ./Core/Src/Display.o
 .debug_macro   0x0000000000000000       0x34 ./Core/Src/Display.o
 .debug_macro   0x0000000000000000       0x10 ./Core/Src/Display.o
 .debug_macro   0x0000000000000000       0x58 ./Core/Src/Display.o
 .debug_macro   0x0000000000000000       0x71 ./Core/Src/Display.o
 .debug_macro   0x0000000000000000       0x1c ./Core/Src/Display.o
 .debug_macro   0x0000000000000000      0x12a ./Core/Src/Display.o
 .debug_macro   0x0000000000000000       0x10 ./Core/Src/Display.o
 .debug_macro   0x0000000000000000       0x1c ./Core/Src/Display.o
 .debug_macro   0x0000000000000000       0x52 ./Core/Src/Display.o
 .debug_macro   0x0000000000000000       0x22 ./Core/Src/Display.o
 .debug_macro   0x0000000000000000       0x10 ./Core/Src/Display.o
 .debug_macro   0x0000000000000000       0x40 ./Core/Src/Display.o
 .debug_macro   0x0000000000000000       0xd5 ./Core/Src/Display.o
 .debug_macro   0x0000000000000000       0x1c ./Core/Src/Display.o
 .debug_macro   0x0000000000000000       0x3d ./Core/Src/Display.o
 .debug_macro   0x0000000000000000       0x16 ./Core/Src/Display.o
 .debug_macro   0x0000000000000000      0x145 ./Core/Src/Display.o
 .debug_macro   0x0000000000000000       0x22 ./Core/Src/Display.o
 .debug_macro   0x0000000000000000       0x2e ./Core/Src/Display.o
 .debug_line    0x0000000000000000      0x7f7 ./Core/Src/Display.o
 .debug_str     0x0000000000000000    0x5335e ./Core/Src/Display.o
 .comment       0x0000000000000000       0x54 ./Core/Src/Display.o
 .debug_frame   0x0000000000000000       0x78 ./Core/Src/Display.o
 .ARM.attributes
                0x0000000000000000       0x34 ./Core/Src/Display.o
 .group         0x0000000000000000        0xc ./Core/Src/ExtInt.o
 .group         0x0000000000000000        0xc ./Core/Src/ExtInt.o
 .group         0x0000000000000000        0xc ./Core/Src/ExtInt.o
 .group         0x0000000000000000        0xc ./Core/Src/ExtInt.o
 .group         0x0000000000000000        0xc ./Core/Src/ExtInt.o
 .group         0x0000000000000000        0xc ./Core/Src/ExtInt.o
 .group         0x0000000000000000        0xc ./Core/Src/ExtInt.o
 .group         0x0000000000000000        0xc ./Core/Src/ExtInt.o
 .group         0x0000000000000000        0xc ./Core/Src/ExtInt.o
 .group         0x0000000000000000        0xc ./Core/Src/ExtInt.o
 .group         0x0000000000000000        0xc ./Core/Src/ExtInt.o
 .group         0x0000000000000000        0xc ./Core/Src/ExtInt.o
 .group         0x0000000000000000        0xc ./Core/Src/ExtInt.o
 .group         0x0000000000000000        0xc ./Core/Src/ExtInt.o
 .group         0x0000000000000000        0xc ./Core/Src/ExtInt.o
 .group         0x0000000000000000        0xc ./Core/Src/ExtInt.o
 .group         0x0000000000000000        0xc ./Core/Src/ExtInt.o
 .group         0x0000000000000000        0xc ./Core/Src/ExtInt.o
 .group         0x0000000000000000        0xc ./Core/Src/ExtInt.o
 .group         0x0000000000000000        0xc ./Core/Src/ExtInt.o
 .group         0x0000000000000000        0xc ./Core/Src/ExtInt.o
 .group         0x0000000000000000        0xc ./Core/Src/ExtInt.o
 .group         0x0000000000000000        0xc ./Core/Src/ExtInt.o
 .group         0x0000000000000000        0xc ./Core/Src/ExtInt.o
 .group         0x0000000000000000        0xc ./Core/Src/ExtInt.o
 .group         0x0000000000000000        0xc ./Core/Src/ExtInt.o
 .group         0x0000000000000000        0xc ./Core/Src/ExtInt.o
 .group         0x0000000000000000        0xc ./Core/Src/ExtInt.o
 .group         0x0000000000000000        0xc ./Core/Src/ExtInt.o
 .group         0x0000000000000000        0xc ./Core/Src/ExtInt.o
 .group         0x0000000000000000        0xc ./Core/Src/ExtInt.o
 .group         0x0000000000000000        0xc ./Core/Src/ExtInt.o
 .group         0x0000000000000000        0xc ./Core/Src/ExtInt.o
 .group         0x0000000000000000        0xc ./Core/Src/ExtInt.o
 .group         0x0000000000000000        0xc ./Core/Src/ExtInt.o
 .group         0x0000000000000000        0xc ./Core/Src/ExtInt.o
 .group         0x0000000000000000        0xc ./Core/Src/ExtInt.o
 .group         0x0000000000000000        0xc ./Core/Src/ExtInt.o
 .group         0x0000000000000000        0xc ./Core/Src/ExtInt.o
 .group         0x0000000000000000        0xc ./Core/Src/ExtInt.o
 .group         0x0000000000000000        0xc ./Core/Src/ExtInt.o
 .group         0x0000000000000000        0xc ./Core/Src/ExtInt.o
 .group         0x0000000000000000        0xc ./Core/Src/ExtInt.o
 .group         0x0000000000000000        0xc ./Core/Src/ExtInt.o
 .group         0x0000000000000000        0xc ./Core/Src/ExtInt.o
 .text          0x0000000000000000        0x0 ./Core/Src/ExtInt.o
 .data          0x0000000000000000        0x0 ./Core/Src/ExtInt.o
 .bss           0x0000000000000000        0x0 ./Core/Src/ExtInt.o
 .debug_macro   0x0000000000000000      0xaa2 ./Core/Src/ExtInt.o
 .debug_macro   0x0000000000000000       0x28 ./Core/Src/ExtInt.o
 .debug_macro   0x0000000000000000       0x22 ./Core/Src/ExtInt.o
 .debug_macro   0x0000000000000000       0x8e ./Core/Src/ExtInt.o
 .debug_macro   0x0000000000000000       0x51 ./Core/Src/ExtInt.o
 .debug_macro   0x0000000000000000      0x103 ./Core/Src/ExtInt.o
 .debug_macro   0x0000000000000000       0x6a ./Core/Src/ExtInt.o
 .debug_macro   0x0000000000000000      0x1df ./Core/Src/ExtInt.o
 .debug_macro   0x0000000000000000       0x1c ./Core/Src/ExtInt.o
 .debug_macro   0x0000000000000000       0x22 ./Core/Src/ExtInt.o
 .debug_macro   0x0000000000000000       0xdf ./Core/Src/ExtInt.o
 .debug_macro   0x0000000000000000     0x102d ./Core/Src/ExtInt.o
 .debug_macro   0x0000000000000000      0x11f ./Core/Src/ExtInt.o
 .debug_macro   0x0000000000000000     0xb850 ./Core/Src/ExtInt.o
 .debug_macro   0x0000000000000000       0x52 ./Core/Src/ExtInt.o
 .debug_macro   0x0000000000000000       0x18 ./Core/Src/ExtInt.o
 .debug_macro   0x0000000000000000       0x3c ./Core/Src/ExtInt.o
 .debug_macro   0x0000000000000000       0x34 ./Core/Src/ExtInt.o
 .debug_macro   0x0000000000000000       0x16 ./Core/Src/ExtInt.o
 .debug_macro   0x0000000000000000       0x97 ./Core/Src/ExtInt.o
 .debug_macro   0x0000000000000000      0x333 ./Core/Src/ExtInt.o
 .debug_macro   0x0000000000000000       0xfd ./Core/Src/ExtInt.o
 .debug_macro   0x0000000000000000       0x10 ./Core/Src/ExtInt.o
 .debug_macro   0x0000000000000000       0x16 ./Core/Src/ExtInt.o
 .debug_macro   0x0000000000000000       0x43 ./Core/Src/ExtInt.o
 .debug_macro   0x0000000000000000       0x34 ./Core/Src/ExtInt.o
 .debug_macro   0x0000000000000000       0x10 ./Core/Src/ExtInt.o
 .debug_macro   0x0000000000000000       0x58 ./Core/Src/ExtInt.o
 .debug_macro   0x0000000000000000       0x71 ./Core/Src/ExtInt.o
 .debug_macro   0x0000000000000000       0x1c ./Core/Src/ExtInt.o
 .debug_macro   0x0000000000000000      0x12a ./Core/Src/ExtInt.o
 .debug_macro   0x0000000000000000       0x10 ./Core/Src/ExtInt.o
 .debug_macro   0x0000000000000000       0x1c ./Core/Src/ExtInt.o
 .debug_macro   0x0000000000000000       0x52 ./Core/Src/ExtInt.o
 .debug_macro   0x0000000000000000       0x22 ./Core/Src/ExtInt.o
 .debug_macro   0x0000000000000000       0x10 ./Core/Src/ExtInt.o
 .debug_macro   0x0000000000000000       0x40 ./Core/Src/ExtInt.o
 .debug_macro   0x0000000000000000       0xd5 ./Core/Src/ExtInt.o
 .debug_macro   0x0000000000000000       0x1c ./Core/Src/ExtInt.o
 .debug_macro   0x0000000000000000       0x3d ./Core/Src/ExtInt.o
 .debug_macro   0x0000000000000000       0x16 ./Core/Src/ExtInt.o
 .debug_macro   0x0000000000000000      0x145 ./Core/Src/ExtInt.o
 .debug_macro   0x0000000000000000       0x22 ./Core/Src/ExtInt.o
 .group         0x0000000000000000        0xc ./Core/Src/GPIO.o
 .group         0x0000000000000000        0xc ./Core/Src/GPIO.o
 .group         0x0000000000000000        0xc ./Core/Src/GPIO.o
 .group         0x0000000000000000        0xc ./Core/Src/GPIO.o
 .group         0x0000000000000000        0xc ./Core/Src/GPIO.o
 .group         0x0000000000000000        0xc ./Core/Src/GPIO.o
 .group         0x0000000000000000        0xc ./Core/Src/GPIO.o
 .group         0x0000000000000000        0xc ./Core/Src/GPIO.o
 .group         0x0000000000000000        0xc ./Core/Src/GPIO.o
 .group         0x0000000000000000        0xc ./Core/Src/GPIO.o
 .group         0x0000000000000000        0xc ./Core/Src/GPIO.o
 .group         0x0000000000000000        0xc ./Core/Src/GPIO.o
 .group         0x0000000000000000        0xc ./Core/Src/GPIO.o
 .group         0x0000000000000000        0xc ./Core/Src/GPIO.o
 .group         0x0000000000000000        0xc ./Core/Src/GPIO.o
 .group         0x0000000000000000        0xc ./Core/Src/GPIO.o
 .group         0x0000000000000000        0xc ./Core/Src/GPIO.o
 .group         0x0000000000000000        0xc ./Core/Src/GPIO.o
 .group         0x0000000000000000        0xc ./Core/Src/GPIO.o
 .group         0x0000000000000000        0xc ./Core/Src/GPIO.o
 .group         0x0000000000000000        0xc ./Core/Src/GPIO.o
 .group         0x0000000000000000        0xc ./Core/Src/GPIO.o
 .group         0x0000000000000000        0xc ./Core/Src/GPIO.o
 .group         0x0000000000000000        0xc ./Core/Src/GPIO.o
 .group         0x0000000000000000        0xc ./Core/Src/GPIO.o
 .group         0x0000000000000000        0xc ./Core/Src/GPIO.o
 .group         0x0000000000000000        0xc ./Core/Src/GPIO.o
 .group         0x0000000000000000        0xc ./Core/Src/GPIO.o
 .group         0x0000000000000000        0xc ./Core/Src/GPIO.o
 .group         0x0000000000000000        0xc ./Core/Src/GPIO.o
 .group         0x0000000000000000        0xc ./Core/Src/GPIO.o
 .group         0x0000000000000000        0xc ./Core/Src/GPIO.o
 .group         0x0000000000000000        0xc ./Core/Src/GPIO.o
 .group         0x0000000000000000        0xc ./Core/Src/GPIO.o
 .group         0x0000000000000000        0xc ./Core/Src/GPIO.o
 .group         0x0000000000000000        0xc ./Core/Src/GPIO.o
 .group         0x0000000000000000        0xc ./Core/Src/GPIO.o
 .group         0x0000000000000000        0xc ./Core/Src/GPIO.o
 .group         0x0000000000000000        0xc ./Core/Src/GPIO.o
 .group         0x0000000000000000        0xc ./Core/Src/GPIO.o
 .group         0x0000000000000000        0xc ./Core/Src/GPIO.o
 .group         0x0000000000000000        0xc ./Core/Src/GPIO.o
 .group         0x0000000000000000        0xc ./Core/Src/GPIO.o
 .group         0x0000000000000000        0xc ./Core/Src/GPIO.o
 .text          0x0000000000000000        0x0 ./Core/Src/GPIO.o
 .data          0x0000000000000000        0x0 ./Core/Src/GPIO.o
 .bss           0x0000000000000000        0x0 ./Core/Src/GPIO.o
 .text.Read_GPIO
                0x0000000000000000       0x70 ./Core/Src/GPIO.o
 .text.Write_GPIO
                0x0000000000000000       0xf4 ./Core/Src/GPIO.o
 .debug_macro   0x0000000000000000      0xaa2 ./Core/Src/GPIO.o
 .debug_macro   0x0000000000000000       0x28 ./Core/Src/GPIO.o
 .debug_macro   0x0000000000000000       0x22 ./Core/Src/GPIO.o
 .debug_macro   0x0000000000000000       0x8e ./Core/Src/GPIO.o
 .debug_macro   0x0000000000000000       0x51 ./Core/Src/GPIO.o
 .debug_macro   0x0000000000000000      0x103 ./Core/Src/GPIO.o
 .debug_macro   0x0000000000000000       0x6a ./Core/Src/GPIO.o
 .debug_macro   0x0000000000000000      0x1df ./Core/Src/GPIO.o
 .debug_macro   0x0000000000000000       0x1c ./Core/Src/GPIO.o
 .debug_macro   0x0000000000000000       0x22 ./Core/Src/GPIO.o
 .debug_macro   0x0000000000000000       0xdf ./Core/Src/GPIO.o
 .debug_macro   0x0000000000000000     0x102d ./Core/Src/GPIO.o
 .debug_macro   0x0000000000000000      0x11f ./Core/Src/GPIO.o
 .debug_macro   0x0000000000000000     0xb850 ./Core/Src/GPIO.o
 .debug_macro   0x0000000000000000       0x52 ./Core/Src/GPIO.o
 .debug_macro   0x0000000000000000       0x18 ./Core/Src/GPIO.o
 .debug_macro   0x0000000000000000       0x3c ./Core/Src/GPIO.o
 .debug_macro   0x0000000000000000       0x34 ./Core/Src/GPIO.o
 .debug_macro   0x0000000000000000       0x16 ./Core/Src/GPIO.o
 .debug_macro   0x0000000000000000       0x97 ./Core/Src/GPIO.o
 .debug_macro   0x0000000000000000      0x333 ./Core/Src/GPIO.o
 .debug_macro   0x0000000000000000       0xfd ./Core/Src/GPIO.o
 .debug_macro   0x0000000000000000       0x10 ./Core/Src/GPIO.o
 .debug_macro   0x0000000000000000       0x16 ./Core/Src/GPIO.o
 .debug_macro   0x0000000000000000       0x43 ./Core/Src/GPIO.o
 .debug_macro   0x0000000000000000       0x34 ./Core/Src/GPIO.o
 .debug_macro   0x0000000000000000       0x10 ./Core/Src/GPIO.o
 .debug_macro   0x0000000000000000       0x58 ./Core/Src/GPIO.o
 .debug_macro   0x0000000000000000       0x71 ./Core/Src/GPIO.o
 .debug_macro   0x0000000000000000       0x1c ./Core/Src/GPIO.o
 .debug_macro   0x0000000000000000      0x12a ./Core/Src/GPIO.o
 .debug_macro   0x0000000000000000       0x10 ./Core/Src/GPIO.o
 .debug_macro   0x0000000000000000       0x1c ./Core/Src/GPIO.o
 .debug_macro   0x0000000000000000       0x52 ./Core/Src/GPIO.o
 .debug_macro   0x0000000000000000       0x22 ./Core/Src/GPIO.o
 .debug_macro   0x0000000000000000       0x10 ./Core/Src/GPIO.o
 .debug_macro   0x0000000000000000       0x40 ./Core/Src/GPIO.o
 .debug_macro   0x0000000000000000       0xd5 ./Core/Src/GPIO.o
 .debug_macro   0x0000000000000000       0x1c ./Core/Src/GPIO.o
 .debug_macro   0x0000000000000000       0x3d ./Core/Src/GPIO.o
 .debug_macro   0x0000000000000000       0x16 ./Core/Src/GPIO.o
 .debug_macro   0x0000000000000000      0x145 ./Core/Src/GPIO.o
 .debug_macro   0x0000000000000000       0x22 ./Core/Src/GPIO.o
 .debug_macro   0x0000000000000000       0x2e ./Core/Src/GPIO.o
 .group         0x0000000000000000        0xc ./Core/Src/main.o
 .group         0x0000000000000000        0xc ./Core/Src/main.o
 .group         0x0000000000000000        0xc ./Core/Src/main.o
 .group         0x0000000000000000        0xc ./Core/Src/main.o
 .group         0x0000000000000000        0xc ./Core/Src/main.o
 .group         0x0000000000000000        0xc ./Core/Src/main.o
 .group         0x0000000000000000        0xc ./Core/Src/main.o
 .group         0x0000000000000000        0xc ./Core/Src/main.o
 .group         0x0000000000000000        0xc ./Core/Src/main.o
 .group         0x0000000000000000        0xc ./Core/Src/main.o
 .group         0x0000000000000000        0xc ./Core/Src/main.o
 .group         0x0000000000000000        0xc ./Core/Src/main.o
 .group         0x0000000000000000        0xc ./Core/Src/main.o
 .group         0x0000000000000000        0xc ./Core/Src/main.o
 .group         0x0000000000000000        0xc ./Core/Src/main.o
 .group         0x0000000000000000        0xc ./Core/Src/main.o
 .group         0x0000000000000000        0xc ./Core/Src/main.o
 .group         0x0000000000000000        0xc ./Core/Src/main.o
 .group         0x0000000000000000        0xc ./Core/Src/main.o
 .group         0x0000000000000000        0xc ./Core/Src/main.o
 .group         0x0000000000000000        0xc ./Core/Src/main.o
 .group         0x0000000000000000        0xc ./Core/Src/main.o
 .group         0x0000000000000000        0xc ./Core/Src/main.o
 .group         0x0000000000000000        0xc ./Core/Src/main.o
 .group         0x0000000000000000        0xc ./Core/Src/main.o
 .group         0x0000000000000000        0xc ./Core/Src/main.o
 .group         0x0000000000000000        0xc ./Core/Src/main.o
 .group         0x0000000000000000        0xc ./Core/Src/main.o
 .group         0x0000000000000000        0xc ./Core/Src/main.o
 .group         0x0000000000000000        0xc ./Core/Src/main.o
 .group         0x0000000000000000        0xc ./Core/Src/main.o
 .group         0x0000000000000000        0xc ./Core/Src/main.o
 .group         0x0000000000000000        0xc ./Core/Src/main.o
 .group         0x0000000000000000        0xc ./Core/Src/main.o
 .group         0x0000000000000000        0xc ./Core/Src/main.o
 .group         0x0000000000000000        0xc ./Core/Src/main.o
 .group         0x0000000000000000        0xc ./Core/Src/main.o
 .group         0x0000000000000000        0xc ./Core/Src/main.o
 .group         0x0000000000000000        0xc ./Core/Src/main.o
 .group         0x0000000000000000        0xc ./Core/Src/main.o
 .group         0x0000000000000000        0xc ./Core/Src/main.o
 .group         0x0000000000000000        0xc ./Core/Src/main.o
 .group         0x0000000000000000        0xc ./Core/Src/main.o
 .group         0x0000000000000000        0xc ./Core/Src/main.o
 .group         0x0000000000000000        0xc ./Core/Src/main.o
 .group         0x0000000000000000        0xc ./Core/Src/main.o
 .group         0x0000000000000000        0xc ./Core/Src/main.o
 .text          0x0000000000000000        0x0 ./Core/Src/main.o
 .data          0x0000000000000000        0x0 ./Core/Src/main.o
 .bss           0x0000000000000000        0x0 ./Core/Src/main.o
 .debug_macro   0x0000000000000000      0xaa2 ./Core/Src/main.o
 .debug_macro   0x0000000000000000       0x2e ./Core/Src/main.o
 .debug_macro   0x0000000000000000       0x28 ./Core/Src/main.o
 .debug_macro   0x0000000000000000       0x22 ./Core/Src/main.o
 .debug_macro   0x0000000000000000       0x8e ./Core/Src/main.o
 .debug_macro   0x0000000000000000       0x51 ./Core/Src/main.o
 .debug_macro   0x0000000000000000      0x103 ./Core/Src/main.o
 .debug_macro   0x0000000000000000       0x6a ./Core/Src/main.o
 .debug_macro   0x0000000000000000      0x1df ./Core/Src/main.o
 .debug_macro   0x0000000000000000       0x1c ./Core/Src/main.o
 .debug_macro   0x0000000000000000       0x22 ./Core/Src/main.o
 .debug_macro   0x0000000000000000       0xdf ./Core/Src/main.o
 .debug_macro   0x0000000000000000     0x102d ./Core/Src/main.o
 .debug_macro   0x0000000000000000      0x11f ./Core/Src/main.o
 .debug_macro   0x0000000000000000     0xb850 ./Core/Src/main.o
 .debug_macro   0x0000000000000000       0x43 ./Core/Src/main.o
 .debug_macro   0x0000000000000000       0x52 ./Core/Src/main.o
 .debug_macro   0x0000000000000000       0x18 ./Core/Src/main.o
 .debug_macro   0x0000000000000000       0x3c ./Core/Src/main.o
 .debug_macro   0x0000000000000000       0x34 ./Core/Src/main.o
 .debug_macro   0x0000000000000000       0x16 ./Core/Src/main.o
 .debug_macro   0x0000000000000000       0x97 ./Core/Src/main.o
 .debug_macro   0x0000000000000000      0x333 ./Core/Src/main.o
 .debug_macro   0x0000000000000000       0xfd ./Core/Src/main.o
 .debug_macro   0x0000000000000000       0x10 ./Core/Src/main.o
 .debug_macro   0x0000000000000000       0x16 ./Core/Src/main.o
 .debug_macro   0x0000000000000000       0x43 ./Core/Src/main.o
 .debug_macro   0x0000000000000000       0x34 ./Core/Src/main.o
 .debug_macro   0x0000000000000000       0x10 ./Core/Src/main.o
 .debug_macro   0x0000000000000000       0x58 ./Core/Src/main.o
 .debug_macro   0x0000000000000000       0x71 ./Core/Src/main.o
 .debug_macro   0x0000000000000000       0x1c ./Core/Src/main.o
 .debug_macro   0x0000000000000000      0x12a ./Core/Src/main.o
 .debug_macro   0x0000000000000000       0x10 ./Core/Src/main.o
 .debug_macro   0x0000000000000000       0x1c ./Core/Src/main.o
 .debug_macro   0x0000000000000000       0x52 ./Core/Src/main.o
 .debug_macro   0x0000000000000000       0x22 ./Core/Src/main.o
 .debug_macro   0x0000000000000000       0x10 ./Core/Src/main.o
 .debug_macro   0x0000000000000000       0x40 ./Core/Src/main.o
 .debug_macro   0x0000000000000000       0xd5 ./Core/Src/main.o
 .debug_macro   0x0000000000000000       0x1c ./Core/Src/main.o
 .debug_macro   0x0000000000000000       0x3d ./Core/Src/main.o
 .debug_macro   0x0000000000000000       0x16 ./Core/Src/main.o
 .debug_macro   0x0000000000000000      0x145 ./Core/Src/main.o
 .debug_macro   0x0000000000000000       0x22 ./Core/Src/main.o
 .group         0x0000000000000000        0xc ./Core/Src/system_stm32f4xx.o
 .group         0x0000000000000000        0xc ./Core/Src/system_stm32f4xx.o
 .group         0x0000000000000000        0xc ./Core/Src/system_stm32f4xx.o
 .group         0x0000000000000000        0xc ./Core/Src/system_stm32f4xx.o
 .group         0x0000000000000000        0xc ./Core/Src/system_stm32f4xx.o
 .group         0x0000000000000000        0xc ./Core/Src/system_stm32f4xx.o
 .group         0x0000000000000000        0xc ./Core/Src/system_stm32f4xx.o
 .group         0x0000000000000000        0xc ./Core/Src/system_stm32f4xx.o
 .group         0x0000000000000000        0xc ./Core/Src/system_stm32f4xx.o
 .group         0x0000000000000000        0xc ./Core/Src/system_stm32f4xx.o
 .group         0x0000000000000000        0xc ./Core/Src/system_stm32f4xx.o
 .group         0x0000000000000000        0xc ./Core/Src/system_stm32f4xx.o
 .group         0x0000000000000000        0xc ./Core/Src/system_stm32f4xx.o
 .group         0x0000000000000000        0xc ./Core/Src/system_stm32f4xx.o
 .group         0x0000000000000000        0xc ./Core/Src/system_stm32f4xx.o
 .group         0x0000000000000000        0xc ./Core/Src/system_stm32f4xx.o
 .text          0x0000000000000000        0x0 ./Core/Src/system_stm32f4xx.o
 .data          0x0000000000000000        0x0 ./Core/Src/system_stm32f4xx.o
 .bss           0x0000000000000000        0x0 ./Core/Src/system_stm32f4xx.o
 .data.SystemCoreClock
                0x0000000000000000        0x4 ./Core/Src/system_stm32f4xx.o
 .rodata.AHBPrescTable
                0x0000000000000000       0x10 ./Core/Src/system_stm32f4xx.o
 .rodata.APBPrescTable
                0x0000000000000000        0x8 ./Core/Src/system_stm32f4xx.o
 .text.SystemCoreClockUpdate
                0x0000000000000000      0x100 ./Core/Src/system_stm32f4xx.o
 .debug_macro   0x0000000000000000      0xaa2 ./Core/Src/system_stm32f4xx.o
 .debug_macro   0x0000000000000000       0x2e ./Core/Src/system_stm32f4xx.o
 .debug_macro   0x0000000000000000       0x28 ./Core/Src/system_stm32f4xx.o
 .debug_macro   0x0000000000000000       0x22 ./Core/Src/system_stm32f4xx.o
 .debug_macro   0x0000000000000000       0x8e ./Core/Src/system_stm32f4xx.o
 .debug_macro   0x0000000000000000       0x51 ./Core/Src/system_stm32f4xx.o
 .debug_macro   0x0000000000000000      0x103 ./Core/Src/system_stm32f4xx.o
 .debug_macro   0x0000000000000000       0x6a ./Core/Src/system_stm32f4xx.o
 .debug_macro   0x0000000000000000      0x1df ./Core/Src/system_stm32f4xx.o
 .debug_macro   0x0000000000000000       0x1c ./Core/Src/system_stm32f4xx.o
 .debug_macro   0x0000000000000000       0x22 ./Core/Src/system_stm32f4xx.o
 .debug_macro   0x0000000000000000       0xdf ./Core/Src/system_stm32f4xx.o
 .debug_macro   0x0000000000000000     0x102d ./Core/Src/system_stm32f4xx.o
 .debug_macro   0x0000000000000000      0x11f ./Core/Src/system_stm32f4xx.o
 .debug_macro   0x0000000000000000     0xb850 ./Core/Src/system_stm32f4xx.o
 .debug_macro   0x0000000000000000       0x43 ./Core/Src/system_stm32f4xx.o
 .text          0x0000000000000000       0x14 ./Startup/startup_stm32f401xe.o
 .data          0x0000000000000000        0x0 ./Startup/startup_stm32f401xe.o
 .bss           0x0000000000000000        0x0 ./Startup/startup_stm32f401xe.o
 .text          0x0000000000000000        0x0 e:/stm_cube_ide/stm32cubeide_1.5.1/stm32cubeide/plugins/com.st.stm32cube.ide.mcu.externaltools.gnu-tools-for-stm32.9-2020-q2-update.win32_2.0.0.202105311346/tools/bin/../lib/gcc/arm-none-eabi/9.3.1/../../../../arm-none-eabi/lib/thumb/v7e-m+fp/hard\libc_nano.a(lib_a-exit.o)
 .data          0x0000000000000000        0x0 e:/stm_cube_ide/stm32cubeide_1.5.1/stm32cubeide/plugins/com.st.stm32cube.ide.mcu.externaltools.gnu-tools-for-stm32.9-2020-q2-update.win32_2.0.0.202105311346/tools/bin/../lib/gcc/arm-none-eabi/9.3.1/../../../../arm-none-eabi/lib/thumb/v7e-m+fp/hard\libc_nano.a(lib_a-exit.o)
 .bss           0x0000000000000000        0x0 e:/stm_cube_ide/stm32cubeide_1.5.1/stm32cubeide/plugins/com.st.stm32cube.ide.mcu.externaltools.gnu-tools-for-stm32.9-2020-q2-update.win32_2.0.0.202105311346/tools/bin/../lib/gcc/arm-none-eabi/9.3.1/../../../../arm-none-eabi/lib/thumb/v7e-m+fp/hard\libc_nano.a(lib_a-exit.o)
 .text.exit     0x0000000000000000       0x28 e:/stm_cube_ide/stm32cubeide_1.5.1/stm32cubeide/plugins/com.st.stm32cube.ide.mcu.externaltools.gnu-tools-for-stm32.9-2020-q2-update.win32_2.0.0.202105311346/tools/bin/../lib/gcc/arm-none-eabi/9.3.1/../../../../arm-none-eabi/lib/thumb/v7e-m+fp/hard\libc_nano.a(lib_a-exit.o)
 .debug_frame   0x0000000000000000       0x28 e:/stm_cube_ide/stm32cubeide_1.5.1/stm32cubeide/plugins/com.st.stm32cube.ide.mcu.externaltools.gnu-tools-for-stm32.9-2020-q2-update.win32_2.0.0.202105311346/tools/bin/../lib/gcc/arm-none-eabi/9.3.1/../../../../arm-none-eabi/lib/thumb/v7e-m+fp/hard\libc_nano.a(lib_a-exit.o)
 .ARM.attributes
                0x0000000000000000       0x34 e:/stm_cube_ide/stm32cubeide_1.5.1/stm32cubeide/plugins/com.st.stm32cube.ide.mcu.externaltools.gnu-tools-for-stm32.9-2020-q2-update.win32_2.0.0.202105311346/tools/bin/../lib/gcc/arm-none-eabi/9.3.1/../../../../arm-none-eabi/lib/thumb/v7e-m+fp/hard\libc_nano.a(lib_a-exit.o)
 .text          0x0000000000000000        0x0 e:/stm_cube_ide/stm32cubeide_1.5.1/stm32cubeide/plugins/com.st.stm32cube.ide.mcu.externaltools.gnu-tools-for-stm32.9-2020-q2-update.win32_2.0.0.202105311346/tools/bin/../lib/gcc/arm-none-eabi/9.3.1/../../../../arm-none-eabi/lib/thumb/v7e-m+fp/hard\libc_nano.a(lib_a-impure.o)
 .data          0x0000000000000000        0x0 e:/stm_cube_ide/stm32cubeide_1.5.1/stm32cubeide/plugins/com.st.stm32cube.ide.mcu.externaltools.gnu-tools-for-stm32.9-2020-q2-update.win32_2.0.0.202105311346/tools/bin/../lib/gcc/arm-none-eabi/9.3.1/../../../../arm-none-eabi/lib/thumb/v7e-m+fp/hard\libc_nano.a(lib_a-impure.o)
 .bss           0x0000000000000000        0x0 e:/stm_cube_ide/stm32cubeide_1.5.1/stm32cubeide/plugins/com.st.stm32cube.ide.mcu.externaltools.gnu-tools-for-stm32.9-2020-q2-update.win32_2.0.0.202105311346/tools/bin/../lib/gcc/arm-none-eabi/9.3.1/../../../../arm-none-eabi/lib/thumb/v7e-m+fp/hard\libc_nano.a(lib_a-impure.o)
 .data._impure_ptr
                0x0000000000000000        0x4 e:/stm_cube_ide/stm32cubeide_1.5.1/stm32cubeide/plugins/com.st.stm32cube.ide.mcu.externaltools.gnu-tools-for-stm32.9-2020-q2-update.win32_2.0.0.202105311346/tools/bin/../lib/gcc/arm-none-eabi/9.3.1/../../../../arm-none-eabi/lib/thumb/v7e-m+fp/hard\libc_nano.a(lib_a-impure.o)
 .data.impure_data
                0x0000000000000000       0x60 e:/stm_cube_ide/stm32cubeide_1.5.1/stm32cubeide/plugins/com.st.stm32cube.ide.mcu.externaltools.gnu-tools-for-stm32.9-2020-q2-update.win32_2.0.0.202105311346/tools/bin/../lib/gcc/arm-none-eabi/9.3.1/../../../../arm-none-eabi/lib/thumb/v7e-m+fp/hard\libc_nano.a(lib_a-impure.o)
 .rodata._global_impure_ptr
                0x0000000000000000        0x4 e:/stm_cube_ide/stm32cubeide_1.5.1/stm32cubeide/plugins/com.st.stm32cube.ide.mcu.externaltools.gnu-tools-for-stm32.9-2020-q2-update.win32_2.0.0.202105311346/tools/bin/../lib/gcc/arm-none-eabi/9.3.1/../../../../arm-none-eabi/lib/thumb/v7e-m+fp/hard\libc_nano.a(lib_a-impure.o)
 .ARM.attributes
                0x0000000000000000       0x32 e:/stm_cube_ide/stm32cubeide_1.5.1/stm32cubeide/plugins/com.st.stm32cube.ide.mcu.externaltools.gnu-tools-for-stm32.9-2020-q2-update.win32_2.0.0.202105311346/tools/bin/../lib/gcc/arm-none-eabi/9.3.1/../../../../arm-none-eabi/lib/thumb/v7e-m+fp/hard\libc_nano.a(lib_a-impure.o)
 .text          0x0000000000000000        0x0 e:/stm_cube_ide/stm32cubeide_1.5.1/stm32cubeide/plugins/com.st.stm32cube.ide.mcu.externaltools.gnu-tools-for-stm32.9-2020-q2-update.win32_2.0.0.202105311346/tools/bin/../lib/gcc/arm-none-eabi/9.3.1/../../../../arm-none-eabi/lib/thumb/v7e-m+fp/hard\libc_nano.a(lib_a-init.o)
 .data          0x0000000000000000        0x0 e:/stm_cube_ide/stm32cubeide_1.5.1/stm32cubeide/plugins/com.st.stm32cube.ide.mcu.externaltools.gnu-tools-for-stm32.9-2020-q2-update.win32_2.0.0.202105311346/tools/bin/../lib/gcc/arm-none-eabi/9.3.1/../../../../arm-none-eabi/lib/thumb/v7e-m+fp/hard\libc_nano.a(lib_a-init.o)
 .bss           0x0000000000000000        0x0 e:/stm_cube_ide/stm32cubeide_1.5.1/stm32cubeide/plugins/com.st.stm32cube.ide.mcu.externaltools.gnu-tools-for-stm32.9-2020-q2-update.win32_2.0.0.202105311346/tools/bin/../lib/gcc/arm-none-eabi/9.3.1/../../../../arm-none-eabi/lib/thumb/v7e-m+fp/hard\libc_nano.a(lib_a-init.o)
 .text          0x0000000000000000        0x0 e:/stm_cube_ide/stm32cubeide_1.5.1/stm32cubeide/plugins/com.st.stm32cube.ide.mcu.externaltools.gnu-tools-for-stm32.9-2020-q2-update.win32_2.0.0.202105311346/tools/bin/../lib/gcc/arm-none-eabi/9.3.1/../../../../arm-none-eabi/lib/thumb/v7e-m+fp/hard\libc_nano.a(lib_a-memset.o)
 .data          0x0000000000000000        0x0 e:/stm_cube_ide/stm32cubeide_1.5.1/stm32cubeide/plugins/com.st.stm32cube.ide.mcu.externaltools.gnu-tools-for-stm32.9-2020-q2-update.win32_2.0.0.202105311346/tools/bin/../lib/gcc/arm-none-eabi/9.3.1/../../../../arm-none-eabi/lib/thumb/v7e-m+fp/hard\libc_nano.a(lib_a-memset.o)
 .bss           0x0000000000000000        0x0 e:/stm_cube_ide/stm32cubeide_1.5.1/stm32cubeide/plugins/com.st.stm32cube.ide.mcu.externaltools.gnu-tools-for-stm32.9-2020-q2-update.win32_2.0.0.202105311346/tools/bin/../lib/gcc/arm-none-eabi/9.3.1/../../../../arm-none-eabi/lib/thumb/v7e-m+fp/hard\libc_nano.a(lib_a-memset.o)
 .text.memset   0x0000000000000000       0x10 e:/stm_cube_ide/stm32cubeide_1.5.1/stm32cubeide/plugins/com.st.stm32cube.ide.mcu.externaltools.gnu-tools-for-stm32.9-2020-q2-update.win32_2.0.0.202105311346/tools/bin/../lib/gcc/arm-none-eabi/9.3.1/../../../../arm-none-eabi/lib/thumb/v7e-m+fp/hard\libc_nano.a(lib_a-memset.o)
 .debug_frame   0x0000000000000000       0x20 e:/stm_cube_ide/stm32cubeide_1.5.1/stm32cubeide/plugins/com.st.stm32cube.ide.mcu.externaltools.gnu-tools-for-stm32.9-2020-q2-update.win32_2.0.0.202105311346/tools/bin/../lib/gcc/arm-none-eabi/9.3.1/../../../../arm-none-eabi/lib/thumb/v7e-m+fp/hard\libc_nano.a(lib_a-memset.o)
 .ARM.attributes
                0x0000000000000000       0x34 e:/stm_cube_ide/stm32cubeide_1.5.1/stm32cubeide/plugins/com.st.stm32cube.ide.mcu.externaltools.gnu-tools-for-stm32.9-2020-q2-update.win32_2.0.0.202105311346/tools/bin/../lib/gcc/arm-none-eabi/9.3.1/../../../../arm-none-eabi/lib/thumb/v7e-m+fp/hard\libc_nano.a(lib_a-memset.o)
 .text          0x0000000000000000        0x0 e:/stm_cube_ide/stm32cubeide_1.5.1/stm32cubeide/plugins/com.st.stm32cube.ide.mcu.externaltools.gnu-tools-for-stm32.9-2020-q2-update.win32_2.0.0.202105311346/tools/bin/../lib/gcc/arm-none-eabi/9.3.1/../../../../arm-none-eabi/lib/thumb/v7e-m+fp/hard\libnosys.a(_exit.o)
 .data          0x0000000000000000        0x0 e:/stm_cube_ide/stm32cubeide_1.5.1/stm32cubeide/plugins/com.st.stm32cube.ide.mcu.externaltools.gnu-tools-for-stm32.9-2020-q2-update.win32_2.0.0.202105311346/tools/bin/../lib/gcc/arm-none-eabi/9.3.1/../../../../arm-none-eabi/lib/thumb/v7e-m+fp/hard\libnosys.a(_exit.o)
 .bss           0x0000000000000000        0x0 e:/stm_cube_ide/stm32cubeide_1.5.1/stm32cubeide/plugins/com.st.stm32cube.ide.mcu.externaltools.gnu-tools-for-stm32.9-2020-q2-update.win32_2.0.0.202105311346/tools/bin/../lib/gcc/arm-none-eabi/9.3.1/../../../../arm-none-eabi/lib/thumb/v7e-m+fp/hard\libnosys.a(_exit.o)
 .text._exit    0x0000000000000000        0x2 e:/stm_cube_ide/stm32cubeide_1.5.1/stm32cubeide/plugins/com.st.stm32cube.ide.mcu.externaltools.gnu-tools-for-stm32.9-2020-q2-update.win32_2.0.0.202105311346/tools/bin/../lib/gcc/arm-none-eabi/9.3.1/../../../../arm-none-eabi/lib/thumb/v7e-m+fp/hard\libnosys.a(_exit.o)
 .debug_frame   0x0000000000000000       0x20 e:/stm_cube_ide/stm32cubeide_1.5.1/stm32cubeide/plugins/com.st.stm32cube.ide.mcu.externaltools.gnu-tools-for-stm32.9-2020-q2-update.win32_2.0.0.202105311346/tools/bin/../lib/gcc/arm-none-eabi/9.3.1/../../../../arm-none-eabi/lib/thumb/v7e-m+fp/hard\libnosys.a(_exit.o)
 .ARM.attributes
                0x0000000000000000       0x34 e:/stm_cube_ide/stm32cubeide_1.5.1/stm32cubeide/plugins/com.st.stm32cube.ide.mcu.externaltools.gnu-tools-for-stm32.9-2020-q2-update.win32_2.0.0.202105311346/tools/bin/../lib/gcc/arm-none-eabi/9.3.1/../../../../arm-none-eabi/lib/thumb/v7e-m+fp/hard\libnosys.a(_exit.o)
 .text          0x0000000000000000        0x0 e:/stm_cube_ide/stm32cubeide_1.5.1/stm32cubeide/plugins/com.st.stm32cube.ide.mcu.externaltools.gnu-tools-for-stm32.9-2020-q2-update.win32_2.0.0.202105311346/tools/bin/../lib/gcc/arm-none-eabi/9.3.1/thumb/v7e-m+fp/hard/crtend.o
 .data          0x0000000000000000        0x0 e:/stm_cube_ide/stm32cubeide_1.5.1/stm32cubeide/plugins/com.st.stm32cube.ide.mcu.externaltools.gnu-tools-for-stm32.9-2020-q2-update.win32_2.0.0.202105311346/tools/bin/../lib/gcc/arm-none-eabi/9.3.1/thumb/v7e-m+fp/hard/crtend.o
 .bss           0x0000000000000000        0x0 e:/stm_cube_ide/stm32cubeide_1.5.1/stm32cubeide/plugins/com.st.stm32cube.ide.mcu.externaltools.gnu-tools-for-stm32.9-2020-q2-update.win32_2.0.0.202105311346/tools/bin/../lib/gcc/arm-none-eabi/9.3.1/thumb/v7e-m+fp/hard/crtend.o
 .eh_frame      0x0000000000000000        0x4 e:/stm_cube_ide/stm32cubeide_1.5.1/stm32cubeide/plugins/com.st.stm32cube.ide.mcu.externaltools.gnu-tools-for-stm32.9-2020-q2-update.win32_2.0.0.202105311346/tools/bin/../lib/gcc/arm-none-eabi/9.3.1/thumb/v7e-m+fp/hard/crtend.o
 .ARM.attributes
                0x0000000000000000       0x32 e:/stm_cube_ide/stm32cubeide_1.5.1/stm32cubeide/plugins/com.st.stm32cube.ide.mcu.externaltools.gnu-tools-for-stm32.9-2020-q2-update.win32_2.0.0.202105311346/tools/bin/../lib/gcc/arm-none-eabi/9.3.1/thumb/v7e-m+fp/hard/crtend.o
 .text          0x0000000000000000        0x0 e:/stm_cube_ide/stm32cubeide_1.5.1/stm32cubeide/plugins/com.st.stm32cube.ide.mcu.externaltools.gnu-tools-for-stm32.9-2020-q2-update.win32_2.0.0.202105311346/tools/bin/../lib/gcc/arm-none-eabi/9.3.1/thumb/v7e-m+fp/hard/crtn.o
 .data          0x0000000000000000        0x0 e:/stm_cube_ide/stm32cubeide_1.5.1/stm32cubeide/plugins/com.st.stm32cube.ide.mcu.externaltools.gnu-tools-for-stm32.9-2020-q2-update.win32_2.0.0.202105311346/tools/bin/../lib/gcc/arm-none-eabi/9.3.1/thumb/v7e-m+fp/hard/crtn.o
 .bss           0x0000000000000000        0x0 e:/stm_cube_ide/stm32cubeide_1.5.1/stm32cubeide/plugins/com.st.stm32cube.ide.mcu.externaltools.gnu-tools-for-stm32.9-2020-q2-update.win32_2.0.0.202105311346/tools/bin/../lib/gcc/arm-none-eabi/9.3.1/thumb/v7e-m+fp/hard/crtn.o

Memory Configuration

Name             Origin             Length             Attributes
RAM              0x0000000020000000 0x0000000000018000 xrw
FLASH            0x0000000008000000 0x0000000000080000 xr
*default*        0x0000000000000000 0xffffffffffffffff

Linker script and memory map

LOAD e:/stm_cube_ide/stm32cubeide_1.5.1/stm32cubeide/plugins/com.st.stm32cube.ide.mcu.externaltools.gnu-tools-for-stm32.9-2020-q2-update.win32_2.0.0.202105311346/tools/bin/../lib/gcc/arm-none-eabi/9.3.1/thumb/v7e-m+fp/hard/crti.o
LOAD e:/stm_cube_ide/stm32cubeide_1.5.1/stm32cubeide/plugins/com.st.stm32cube.ide.mcu.externaltools.gnu-tools-for-stm32.9-2020-q2-update.win32_2.0.0.202105311346/tools/bin/../lib/gcc/arm-none-eabi/9.3.1/thumb/v7e-m+fp/hard/crtbegin.o
LOAD e:/stm_cube_ide/stm32cubeide_1.5.1/stm32cubeide/plugins/com.st.stm32cube.ide.mcu.externaltools.gnu-tools-for-stm32.9-2020-q2-update.win32_2.0.0.202105311346/tools/bin/../lib/gcc/arm-none-eabi/9.3.1/../../../../arm-none-eabi/lib/thumb/v7e-m+fp/hard/crt0.o
LOAD ./Core/Src/Clock_Config.o
LOAD ./Core/Src/Display.o
LOAD ./Core/Src/ExtInt.o
LOAD ./Core/Src/GPIO.o
LOAD ./Core/Src/main.o
LOAD ./Core/Src/system_stm32f4xx.o
LOAD ./Startup/startup_stm32f401xe.o
START GROUP
LOAD e:/stm_cube_ide/stm32cubeide_1.5.1/stm32cubeide/plugins/com.st.stm32cube.ide.mcu.externaltools.gnu-tools-for-stm32.9-2020-q2-update.win32_2.0.0.202105311346/tools/bin/../lib/gcc/arm-none-eabi/9.3.1/../../../../arm-none-eabi/lib/thumb/v7e-m+fp/hard\libc_nano.a
LOAD e:/stm_cube_ide/stm32cubeide_1.5.1/stm32cubeide/plugins/com.st.stm32cube.ide.mcu.externaltools.gnu-tools-for-stm32.9-2020-q2-update.win32_2.0.0.202105311346/tools/bin/../lib/gcc/arm-none-eabi/9.3.1/../../../../arm-none-eabi/lib/thumb/v7e-m+fp/hard\libm.a
END GROUP
START GROUP
LOAD e:/stm_cube_ide/stm32cubeide_1.5.1/stm32cubeide/plugins/com.st.stm32cube.ide.mcu.externaltools.gnu-tools-for-stm32.9-2020-q2-update.win32_2.0.0.202105311346/tools/bin/../lib/gcc/arm-none-eabi/9.3.1/thumb/v7e-m+fp/hard\libgcc.a
LOAD e:/stm_cube_ide/stm32cubeide_1.5.1/stm32cubeide/plugins/com.st.stm32cube.ide.mcu.externaltools.gnu-tools-for-stm32.9-2020-q2-update.win32_2.0.0.202105311346/tools/bin/../lib/gcc/arm-none-eabi/9.3.1/../../../../arm-none-eabi/lib/thumb/v7e-m+fp/hard\libc_nano.a
END GROUP
START GROUP
LOAD e:/stm_cube_ide/stm32cubeide_1.5.1/stm32cubeide/plugins/com.st.stm32cube.ide.mcu.externaltools.gnu-tools-for-stm32.9-2020-q2-update.win32_2.0.0.202105311346/tools/bin/../lib/gcc/arm-none-eabi/9.3.1/thumb/v7e-m+fp/hard\libgcc.a
LOAD e:/stm_cube_ide/stm32cubeide_1.5.1/stm32cubeide/plugins/com.st.stm32cube.ide.mcu.externaltools.gnu-tools-for-stm32.9-2020-q2-update.win32_2.0.0.202105311346/tools/bin/../lib/gcc/arm-none-eabi/9.3.1/../../../../arm-none-eabi/lib/thumb/v7e-m+fp/hard\libc_nano.a
LOAD e:/stm_cube_ide/stm32cubeide_1.5.1/stm32cubeide/plugins/com.st.stm32cube.ide.mcu.externaltools.gnu-tools-for-stm32.9-2020-q2-update.win32_2.0.0.202105311346/tools/bin/../lib/gcc/arm-none-eabi/9.3.1/../../../../arm-none-eabi/lib/thumb/v7e-m+fp/hard\libnosys.a
END GROUP
START GROUP
LOAD e:/stm_cube_ide/stm32cubeide_1.5.1/stm32cubeide/plugins/com.st.stm32cube.ide.mcu.externaltools.gnu-tools-for-stm32.9-2020-q2-update.win32_2.0.0.202105311346/tools/bin/../lib/gcc/arm-none-eabi/9.3.1/thumb/v7e-m+fp/hard\libgcc.a
LOAD e:/stm_cube_ide/stm32cubeide_1.5.1/stm32cubeide/plugins/com.st.stm32cube.ide.mcu.externaltools.gnu-tools-for-stm32.9-2020-q2-update.win32_2.0.0.202105311346/tools/bin/../lib/gcc/arm-none-eabi/9.3.1/../../../../arm-none-eabi/lib/thumb/v7e-m+fp/hard\libc_nano.a
LOAD e:/stm_cube_ide/stm32cubeide_1.5.1/stm32cubeide/plugins/com.st.stm32cube.ide.mcu.externaltools.gnu-tools-for-stm32.9-2020-q2-update.win32_2.0.0.202105311346/tools/bin/../lib/gcc/arm-none-eabi/9.3.1/../../../../arm-none-eabi/lib/thumb/v7e-m+fp/hard\libnosys.a
END GROUP
LOAD e:/stm_cube_ide/stm32cubeide_1.5.1/stm32cubeide/plugins/com.st.stm32cube.ide.mcu.externaltools.gnu-tools-for-stm32.9-2020-q2-update.win32_2.0.0.202105311346/tools/bin/../lib/gcc/arm-none-eabi/9.3.1/thumb/v7e-m+fp/hard/crtend.o
LOAD e:/stm_cube_ide/stm32cubeide_1.5.1/stm32cubeide/plugins/com.st.stm32cube.ide.mcu.externaltools.gnu-tools-for-stm32.9-2020-q2-update.win32_2.0.0.202105311346/tools/bin/../lib/gcc/arm-none-eabi/9.3.1/thumb/v7e-m+fp/hard/crtn.o
                0x0000000020018000                _estack = (ORIGIN (RAM) + LENGTH (RAM))
                0x0000000000000200                _Min_Heap_Size = 0x200
                0x0000000000000400                _Min_Stack_Size = 0x400

.isr_vector     0x0000000008000000      0x194
                0x0000000008000000                . = ALIGN (0x4)
 *(.isr_vector)
 .isr_vector    0x0000000008000000      0x194 ./Startup/startup_stm32f401xe.o
                0x0000000008000000                g_pfnVectors
                0x0000000008000194                . = ALIGN (0x4)

.text           0x0000000008000194      0x5a8
                0x0000000008000194                . = ALIGN (0x4)
 *(.text)
 .text          0x0000000008000194       0x40 e:/stm_cube_ide/stm32cubeide_1.5.1/stm32cubeide/plugins/com.st.stm32cube.ide.mcu.externaltools.gnu-tools-for-stm32.9-2020-q2-update.win32_2.0.0.202105311346/tools/bin/../lib/gcc/arm-none-eabi/9.3.1/thumb/v7e-m+fp/hard/crtbegin.o
 *(.text*)
 .text.Init_Clock_HSI
                0x00000000080001d4       0x54 ./Core/Src/Clock_Config.o
                0x00000000080001d4                Init_Clock_HSI
 .text.__NVIC_EnableIRQ
                0x0000000008000228       0x3c ./Core/Src/ExtInt.o
 .text.__NVIC_ClearPendingIRQ
                0x0000000008000264       0x3c ./Core/Src/ExtInt.o
 .text.__NVIC_SetPriority
                0x00000000080002a0       0x54 ./Core/Src/ExtInt.o
 .text.External_Interrupt_Init
                0x00000000080002f4       0x78 ./Core/Src/ExtInt.o
                0x00000000080002f4                External_Interrupt_Init
 .text.EXTI15_10_IRQHandler
                0x000000000800036c       0x28 ./Core/Src/ExtInt.o
                0x000000000800036c                EXTI15_10_IRQHandler
 .text.GPIO_Init
                0x0000000008000394      0x1e4 ./Core/Src/GPIO.o
                0x0000000008000394                GPIO_Init
 .text.Toggle_GPIO
                0x0000000008000578       0x80 ./Core/Src/GPIO.o
                0x0000000008000578                Toggle_GPIO
 .text.main     0x00000000080005f8       0x6c ./Core/Src/main.o
                0x00000000080005f8                main
 .text.SystemInit
                0x0000000008000664       0x24 ./Core/Src/system_stm32f4xx.o
                0x0000000008000664                SystemInit
 .text.Reset_Handler
                0x0000000008000688       0x50 ./Startup/startup_stm32f401xe.o
                0x0000000008000688                Reset_Handler
 .text.Default_Handler
                0x00000000080006d8        0x2 ./Startup/startup_stm32f401xe.o
                0x00000000080006d8                RTC_Alarm_IRQHandler
                0x00000000080006d8                EXTI2_IRQHandler
                0x00000000080006d8                DebugMon_Handler
                0x00000000080006d8                SPI4_IRQHandler
                0x00000000080006d8                TIM1_CC_IRQHandler
                0x00000000080006d8                DMA2_Stream5_IRQHandler
                0x00000000080006d8                HardFault_Handler
                0x00000000080006d8                DMA1_Stream5_IRQHandler
                0x00000000080006d8                SysTick_Handler
                0x00000000080006d8                PVD_IRQHandler
                0x00000000080006d8                SDIO_IRQHandler
                0x00000000080006d8                TAMP_STAMP_IRQHandler
                0x00000000080006d8                PendSV_Handler
                0x00000000080006d8                NMI_Handler
                0x00000000080006d8                EXTI3_IRQHandler
                0x00000000080006d8                TIM1_UP_TIM10_IRQHandler
                0x00000000080006d8                I2C3_ER_IRQHandler
                0x00000000080006d8                EXTI0_IRQHandler
                0x00000000080006d8                I2C2_EV_IRQHandler
                0x00000000080006d8                DMA1_Stream2_IRQHandler
                0x00000000080006d8                FPU_IRQHandler
                0x00000000080006d8                UsageFault_Handler
                0x00000000080006d8                DMA2_Stream2_IRQHandler
                0x00000000080006d8                SPI1_IRQHandler
                0x00000000080006d8                TIM1_BRK_TIM9_IRQHandler
                0x00000000080006d8                DMA2_Stream3_IRQHandler
                0x00000000080006d8                USART6_IRQHandler
                0x00000000080006d8                DMA2_Stream0_IRQHandler
                0x00000000080006d8                TIM4_IRQHandler
                0x00000000080006d8                I2C1_EV_IRQHandler
                0x00000000080006d8                DMA1_Stream6_IRQHandler
                0x00000000080006d8                DMA1_Stream1_IRQHandler
                0x00000000080006d8                TIM3_IRQHandler
                0x00000000080006d8                RCC_IRQHandler
                0x00000000080006d8                Default_Handler
                0x00000000080006d8                ADC_IRQHandler
                0x00000000080006d8                DMA1_Stream7_IRQHandler
                0x00000000080006d8                TIM5_IRQHandler
                0x00000000080006d8                DMA2_Stream7_IRQHandler
                0x00000000080006d8                I2C3_EV_IRQHandler
                0x00000000080006d8                EXTI9_5_IRQHandler
                0x00000000080006d8                RTC_WKUP_IRQHandler
                0x00000000080006d8                SPI2_IRQHandler
                0x00000000080006d8                MemManage_Handler
                0x00000000080006d8                DMA1_Stream0_IRQHandler
                0x00000000080006d8                SVC_Handler
                0x00000000080006d8                EXTI4_IRQHandler
                0x00000000080006d8                WWDG_IRQHandler
                0x00000000080006d8                TIM2_IRQHandler
                0x00000000080006d8                OTG_FS_WKUP_IRQHandler
                0x00000000080006d8                TIM1_TRG_COM_TIM11_IRQHandler
                0x00000000080006d8                EXTI1_IRQHandler
                0x00000000080006d8                USART2_IRQHandler
                0x00000000080006d8                I2C2_ER_IRQHandler
                0x00000000080006d8                DMA2_Stream1_IRQHandler
                0x00000000080006d8                FLASH_IRQHandler
                0x00000000080006d8                DMA2_Stream4_IRQHandler
                0x00000000080006d8                BusFault_Handler
                0x00000000080006d8                USART1_IRQHandler
                0x00000000080006d8                OTG_FS_IRQHandler
                0x00000000080006d8                SPI3_IRQHandler
                0x00000000080006d8                DMA1_Stream4_IRQHandler
                0x00000000080006d8                I2C1_ER_IRQHandler
                0x00000000080006d8                DMA2_Stream6_IRQHandler
                0x00000000080006d8                DMA1_Stream3_IRQHandler
 *fill*         0x00000000080006da        0x2 
 .text.__libc_init_array
                0x00000000080006dc       0x48 e:/stm_cube_ide/stm32cubeide_1.5.1/stm32cubeide/plugins/com.st.stm32cube.ide.mcu.externaltools.gnu-tools-for-stm32.9-2020-q2-update.win32_2.0.0.202105311346/tools/bin/../lib/gcc/arm-none-eabi/9.3.1/../../../../arm-none-eabi/lib/thumb/v7e-m+fp/hard\libc_nano.a(lib_a-init.o)
                0x00000000080006dc                __libc_init_array
 *(.glue_7)
 .glue_7        0x0000000008000724        0x0 linker stubs
 *(.glue_7t)
 .glue_7t       0x0000000008000724        0x0 linker stubs
 *(.eh_frame)
 .eh_frame      0x0000000008000724        0x0 e:/stm_cube_ide/stm32cubeide_1.5.1/stm32cubeide/plugins/com.st.stm32cube.ide.mcu.externaltools.gnu-tools-for-stm32.9-2020-q2-update.win32_2.0.0.202105311346/tools/bin/../lib/gcc/arm-none-eabi/9.3.1/thumb/v7e-m+fp/hard/crtbegin.o
 *(.init)
 .init          0x0000000008000724        0x4 e:/stm_cube_ide/stm32cubeide_1.5.1/stm32cubeide/plugins/com.st.stm32cube.ide.mcu.externaltools.gnu-tools-for-stm32.9-2020-q2-update.win32_2.0.0.202105311346/tools/bin/../lib/gcc/arm-none-eabi/9.3.1/thumb/v7e-m+fp/hard/crti.o
                0x0000000008000724                _init
 .init          0x0000000008000728        0x8 e:/stm_cube_ide/stm32cubeide_1.5.1/stm32cubeide/plugins/com.st.stm32cube.ide.mcu.externaltools.gnu-tools-for-stm32.9-2020-q2-update.win32_2.0.0.202105311346/tools/bin/../lib/gcc/arm-none-eabi/9.3.1/thumb/v7e-m+fp/hard/crtn.o
 *(.fini)
 .fini          0x0000000008000730        0x4 e:/stm_cube_ide/stm32cubeide_1.5.1/stm32cubeide/plugins/com.st.stm32cube.ide.mcu.externaltools.gnu-tools-for-stm32.9-2020-q2-update.win32_2.0.0.202105311346/tools/bin/../lib/gcc/arm-none-eabi/9.3.1/thumb/v7e-m+fp/hard/crti.o
                0x0000000008000730                _fini
 .fini          0x0000000008000734        0x8 e:/stm_cube_ide/stm32cubeide_1.5.1/stm32cubeide/plugins/com.st.stm32cube.ide.mcu.externaltools.gnu-tools-for-stm32.9-2020-q2-update.win32_2.0.0.202105311346/tools/bin/../lib/gcc/arm-none-eabi/9.3.1/thumb/v7e-m+fp/hard/crtn.o
                0x000000000800073c                . = ALIGN (0x4)
                0x000000000800073c                _etext = .

.vfp11_veneer   0x000000000800073c        0x0
 .vfp11_veneer  0x000000000800073c        0x0 linker stubs

.v4_bx          0x000000000800073c        0x0
 .v4_bx         0x000000000800073c        0x0 linker stubs

.iplt           0x000000000800073c        0x0
 .iplt          0x000000000800073c        0x0 e:/stm_cube_ide/stm32cubeide_1.5.1/stm32cubeide/plugins/com.st.stm32cube.ide.mcu.externaltools.gnu-tools-for-stm32.9-2020-q2-update.win32_2.0.0.202105311346/tools/bin/../lib/gcc/arm-none-eabi/9.3.1/thumb/v7e-m+fp/hard/crtbegin.o

.rel.dyn        0x000000000800073c        0x0
 .rel.iplt      0x000000000800073c        0x0 e:/stm_cube_ide/stm32cubeide_1.5.1/stm32cubeide/plugins/com.st.stm32cube.ide.mcu.externaltools.gnu-tools-for-stm32.9-2020-q2-update.win32_2.0.0.202105311346/tools/bin/../lib/gcc/arm-none-eabi/9.3.1/thumb/v7e-m+fp/hard/crtbegin.o

.rodata         0x000000000800073c        0x0
                0x000000000800073c                . = ALIGN (0x4)
 *(.rodata)
 *(.rodata*)
                0x000000000800073c                . = ALIGN (0x4)

.ARM.extab      0x000000000800073c        0x0
                0x000000000800073c                . = ALIGN (0x4)
 *(.ARM.extab* .gnu.linkonce.armextab.*)
                0x000000000800073c                . = ALIGN (0x4)

.ARM            0x000000000800073c        0x0
                0x000000000800073c                . = ALIGN (0x4)
                0x000000000800073c                __exidx_start = .
 *(.ARM.exidx*)
                0x000000000800073c                __exidx_end = .
                0x000000000800073c                . = ALIGN (0x4)

.preinit_array  0x000000000800073c        0x0
                0x000000000800073c                . = ALIGN (0x4)
                0x000000000800073c                PROVIDE (__preinit_array_start = .)
 *(.preinit_array*)
                0x000000000800073c                PROVIDE (__preinit_array_end = .)
                0x000000000800073c                . = ALIGN (0x4)

.init_array     0x000000000800073c        0x4
                0x000000000800073c                . = ALIGN (0x4)
                0x000000000800073c                PROVIDE (__init_array_start = .)
 *(SORT_BY_NAME(.init_array.*))
 *(.init_array*)
 .init_array    0x000000000800073c        0x4 e:/stm_cube_ide/stm32cubeide_1.5.1/stm32cubeide/plugins/com.st.stm32cube.ide.mcu.externaltools.gnu-tools-for-stm32.9-2020-q2-update.win32_2.0.0.202105311346/tools/bin/../lib/gcc/arm-none-eabi/9.3.1/thumb/v7e-m+fp/hard/crtbegin.o
                0x0000000008000740                PROVIDE (__init_array_end = .)
                0x0000000008000740                . = ALIGN (0x4)

.fini_array     0x0000000008000740        0x4
                0x0000000008000740                . = ALIGN (0x4)
                [!provide]                        PROVIDE (__fini_array_start = .)
 *(SORT_BY_NAME(.fini_array.*))
 *(.fini_array*)
 .fini_array    0x0000000008000740        0x4 e:/stm_cube_ide/stm32cubeide_1.5.1/stm32cubeide/plugins/com.st.stm32cube.ide.mcu.externaltools.gnu-tools-for-stm32.9-2020-q2-update.win32_2.0.0.202105311346/tools/bin/../lib/gcc/arm-none-eabi/9.3.1/thumb/v7e-m+fp/hard/crtbegin.o
                [!provide]                        PROVIDE (__fini_array_end = .)
                0x0000000008000744                . = ALIGN (0x4)
                0x0000000008000744                _sidata = LOADADDR (.data)

.data           0x0000000020000000        0x0 load address 0x0000000008000744
                0x0000000020000000                . = ALIGN (0x4)
                0x0000000020000000                _sdata = .
 *(.data)
 *(.data*)
 *(.RamFunc)
 *(.RamFunc*)
                0x0000000020000000                . = ALIGN (0x4)
                0x0000000020000000                _edata = .

.igot.plt       0x0000000020000000        0x0 load address 0x0000000008000744
 .igot.plt      0x0000000020000000        0x0 e:/stm_cube_ide/stm32cubeide_1.5.1/stm32cubeide/plugins/com.st.stm32cube.ide.mcu.externaltools.gnu-tools-for-stm32.9-2020-q2-update.win32_2.0.0.202105311346/tools/bin/../lib/gcc/arm-none-eabi/9.3.1/thumb/v7e-m+fp/hard/crtbegin.o
                0x0000000020000000                . = ALIGN (0x4)

.bss            0x0000000020000000       0x20 load address 0x0000000008000744
                0x0000000020000000                _sbss = .
                0x0000000020000000                __bss_start__ = _sbss
 *(.bss)
 .bss           0x0000000020000000       0x1c e:/stm_cube_ide/stm32cubeide_1.5.1/stm32cubeide/plugins/com.st.stm32cube.ide.mcu.externaltools.gnu-tools-for-stm32.9-2020-q2-update.win32_2.0.0.202105311346/tools/bin/../lib/gcc/arm-none-eabi/9.3.1/thumb/v7e-m+fp/hard/crtbegin.o
 *(.bss*)
 .bss.flag      0x000000002000001c        0x4 ./Core/Src/main.o
                0x000000002000001c                flag
 *(COMMON)
                0x0000000020000020                . = ALIGN (0x4)
                0x0000000020000020                _ebss = .
                0x0000000020000020                __bss_end__ = _ebss

._user_heap_stack
                0x0000000020000020      0x600 load address 0x0000000008000744
                0x0000000020000020                . = ALIGN (0x8)
                [!provide]                        PROVIDE (end = .)
                [!provide]                        PROVIDE (_end = .)
                0x0000000020000220                . = (. + _Min_Heap_Size)
 *fill*         0x0000000020000020      0x200 
                0x0000000020000620                . = (. + _Min_Stack_Size)
 *fill*         0x0000000020000220      0x400 
                0x0000000020000620                . = ALIGN (0x8)

/DISCARD/
 libc.a(*)
 libm.a(*)
 libgcc.a(*)

.ARM.attributes
                0x0000000000000000       0x30
 *(.ARM.attributes)
 .ARM.attributes
                0x0000000000000000       0x1e e:/stm_cube_ide/stm32cubeide_1.5.1/stm32cubeide/plugins/com.st.stm32cube.ide.mcu.externaltools.gnu-tools-for-stm32.9-2020-q2-update.win32_2.0.0.202105311346/tools/bin/../lib/gcc/arm-none-eabi/9.3.1/thumb/v7e-m+fp/hard/crti.o
 .ARM.attributes
                0x000000000000001e       0x34 e:/stm_cube_ide/stm32cubeide_1.5.1/stm32cubeide/plugins/com.st.stm32cube.ide.mcu.externaltools.gnu-tools-for-stm32.9-2020-q2-update.win32_2.0.0.202105311346/tools/bin/../lib/gcc/arm-none-eabi/9.3.1/thumb/v7e-m+fp/hard/crtbegin.o
 .ARM.attributes
                0x0000000000000052       0x34 ./Core/Src/Clock_Config.o
 .ARM.attributes
                0x0000000000000086       0x34 ./Core/Src/ExtInt.o
 .ARM.attributes
                0x00000000000000ba       0x34 ./Core/Src/GPIO.o
 .ARM.attributes
                0x00000000000000ee       0x34 ./Core/Src/main.o
 .ARM.attributes
                0x0000000000000122       0x34 ./Core/Src/system_stm32f4xx.o
 .ARM.attributes
                0x0000000000000156       0x21 ./Startup/startup_stm32f401xe.o
 .ARM.attributes
                0x0000000000000177       0x34 e:/stm_cube_ide/stm32cubeide_1.5.1/stm32cubeide/plugins/com.st.stm32cube.ide.mcu.externaltools.gnu-tools-for-stm32.9-2020-q2-update.win32_2.0.0.202105311346/tools/bin/../lib/gcc/arm-none-eabi/9.3.1/../../../../arm-none-eabi/lib/thumb/v7e-m+fp/hard\libc_nano.a(lib_a-init.o)
 .ARM.attributes
                0x00000000000001ab       0x1e e:/stm_cube_ide/stm32cubeide_1.5.1/stm32cubeide/plugins/com.st.stm32cube.ide.mcu.externaltools.gnu-tools-for-stm32.9-2020-q2-update.win32_2.0.0.202105311346/tools/bin/../lib/gcc/arm-none-eabi/9.3.1/thumb/v7e-m+fp/hard/crtn.o
OUTPUT(Projecto9_Exti.elf elf32-littlearm)
LOAD linker stubs
LOAD e:/stm_cube_ide/stm32cubeide_1.5.1/stm32cubeide/plugins/com.st.stm32cube.ide.mcu.externaltools.gnu-tools-for-stm32.9-2020-q2-update.win32_2.0.0.202105311346/tools/bin/../lib/gcc/arm-none-eabi/9.3.1/../../../../arm-none-eabi/lib/thumb/v7e-m+fp/hard\libc.a
LOAD e:/stm_cube_ide/stm32cubeide_1.5.1/stm32cubeide/plugins/com.st.stm32cube.ide.mcu.externaltools.gnu-tools-for-stm32.9-2020-q2-update.win32_2.0.0.202105311346/tools/bin/../lib/gcc/arm-none-eabi/9.3.1/../../../../arm-none-eabi/lib/thumb/v7e-m+fp/hard\libm.a
LOAD e:/stm_cube_ide/stm32cubeide_1.5.1/stm32cubeide/plugins/com.st.stm32cube.ide.mcu.externaltools.gnu-tools-for-stm32.9-2020-q2-update.win32_2.0.0.202105311346/tools/bin/../lib/gcc/arm-none-eabi/9.3.1/thumb/v7e-m+fp/hard\libgcc.a

.debug_info     0x0000000000000000     0x313f
 .debug_info    0x0000000000000000      0x3b0 ./Core/Src/Clock_Config.o
 .debug_info    0x00000000000003b0     0x11d4 ./Core/Src/ExtInt.o
 .debug_info    0x0000000000001584      0xbb0 ./Core/Src/GPIO.o
 .debug_info    0x0000000000002134      0xa77 ./Core/Src/main.o
 .debug_info    0x0000000000002bab      0x572 ./Core/Src/system_stm32f4xx.o
 .debug_info    0x000000000000311d       0x22 ./Startup/startup_stm32f401xe.o

.debug_abbrev   0x0000000000000000      0x8b6
 .debug_abbrev  0x0000000000000000      0x10d ./Core/Src/Clock_Config.o
 .debug_abbrev  0x000000000000010d      0x24c ./Core/Src/ExtInt.o
 .debug_abbrev  0x0000000000000359      0x23c ./Core/Src/GPIO.o
 .debug_abbrev  0x0000000000000595      0x1e6 ./Core/Src/main.o
 .debug_abbrev  0x000000000000077b      0x129 ./Core/Src/system_stm32f4xx.o
 .debug_abbrev  0x00000000000008a4       0x12 ./Startup/startup_stm32f401xe.o

.debug_aranges  0x0000000000000000      0x110
 .debug_aranges
                0x0000000000000000       0x28 ./Core/Src/Clock_Config.o
 .debug_aranges
                0x0000000000000028       0x40 ./Core/Src/ExtInt.o
 .debug_aranges
                0x0000000000000068       0x38 ./Core/Src/GPIO.o
 .debug_aranges
                0x00000000000000a0       0x20 ./Core/Src/main.o
 .debug_aranges
                0x00000000000000c0       0x28 ./Core/Src/system_stm32f4xx.o
 .debug_aranges
                0x00000000000000e8       0x28 ./Startup/startup_stm32f401xe.o

.debug_ranges   0x0000000000000000       0xb8
 .debug_ranges  0x0000000000000000       0x18 ./Core/Src/Clock_Config.o
 .debug_ranges  0x0000000000000018       0x30 ./Core/Src/ExtInt.o
 .debug_ranges  0x0000000000000048       0x28 ./Core/Src/GPIO.o
 .debug_ranges  0x0000000000000070       0x10 ./Core/Src/main.o
 .debug_ranges  0x0000000000000080       0x18 ./Core/Src/system_stm32f4xx.o
 .debug_ranges  0x0000000000000098       0x20 ./Startup/startup_stm32f401xe.o

.debug_macro    0x0000000000000000     0xe33e
 .debug_macro   0x0000000000000000       0xce ./Core/Src/Clock_Config.o
 .debug_macro   0x00000000000000ce      0xaa2 ./Core/Src/Clock_Config.o
 .debug_macro   0x0000000000000b70       0x28 ./Core/Src/Clock_Config.o
 .debug_macro   0x0000000000000b98       0x22 ./Core/Src/Clock_Config.o
 .debug_macro   0x0000000000000bba       0x8e ./Core/Src/Clock_Config.o
 .debug_macro   0x0000000000000c48       0x51 ./Core/Src/Clock_Config.o
 .debug_macro   0x0000000000000c99      0x103 ./Core/Src/Clock_Config.o
 .debug_macro   0x0000000000000d9c       0x6a ./Core/Src/Clock_Config.o
 .debug_macro   0x0000000000000e06      0x1df ./Core/Src/Clock_Config.o
 .debug_macro   0x0000000000000fe5       0x1c ./Core/Src/Clock_Config.o
 .debug_macro   0x0000000000001001       0x22 ./Core/Src/Clock_Config.o
 .debug_macro   0x0000000000001023       0xdf ./Core/Src/Clock_Config.o
 .debug_macro   0x0000000000001102     0x102d ./Core/Src/Clock_Config.o
 .debug_macro   0x000000000000212f      0x11f ./Core/Src/Clock_Config.o
 .debug_macro   0x000000000000224e     0xb850 ./Core/Src/Clock_Config.o
 .debug_macro   0x000000000000da9e       0x16 ./Core/Src/Clock_Config.o
 .debug_macro   0x000000000000dab4      0x24f ./Core/Src/ExtInt.o
 .debug_macro   0x000000000000dd03       0x2e ./Core/Src/ExtInt.o
 .debug_macro   0x000000000000dd31       0x43 ./Core/Src/ExtInt.o
 .debug_macro   0x000000000000dd74      0x23b ./Core/Src/GPIO.o
 .debug_macro   0x000000000000dfaf      0x265 ./Core/Src/main.o
 .debug_macro   0x000000000000e214       0x1c ./Core/Src/main.o
 .debug_macro   0x000000000000e230       0x34 ./Core/Src/main.o
 .debug_macro   0x000000000000e264       0xda ./Core/Src/system_stm32f4xx.o

.debug_line     0x0000000000000000     0x2258
 .debug_line    0x0000000000000000      0x54e ./Core/Src/Clock_Config.o
 .debug_line    0x000000000000054e      0x784 ./Core/Src/ExtInt.o
 .debug_line    0x0000000000000cd2      0x8c3 ./Core/Src/GPIO.o
 .debug_line    0x0000000000001595      0x701 ./Core/Src/main.o
 .debug_line    0x0000000000001c96      0x541 ./Core/Src/system_stm32f4xx.o
 .debug_line    0x00000000000021d7       0x81 ./Startup/startup_stm32f401xe.o

.debug_str      0x0000000000000000    0x53af1
 .debug_str     0x0000000000000000    0x4ed32 ./Core/Src/Clock_Config.o
                                      0x4eeb5 (size before relaxing)
 .debug_str     0x000000000004ed32     0x4b19 ./Core/Src/ExtInt.o
                                      0x53a70 (size before relaxing)
 .debug_str     0x000000000005384b      0x169 ./Core/Src/GPIO.o
                                      0x532cd (size before relaxing)
 .debug_str     0x00000000000539b4       0x75 ./Core/Src/main.o
                                      0x535ff (size before relaxing)
 .debug_str     0x0000000000053a29       0x99 ./Core/Src/system_stm32f4xx.o
                                      0x4f20b (size before relaxing)
 .debug_str     0x0000000000053ac2       0x2f ./Startup/startup_stm32f401xe.o
                                         0x60 (size before relaxing)

.comment        0x0000000000000000       0x53
 .comment       0x0000000000000000       0x53 ./Core/Src/Clock_Config.o
                                         0x54 (size before relaxing)
 .comment       0x0000000000000053       0x54 ./Core/Src/ExtInt.o
 .comment       0x0000000000000053       0x54 ./Core/Src/GPIO.o
 .comment       0x0000000000000053       0x54 ./Core/Src/main.o
 .comment       0x0000000000000053       0x54 ./Core/Src/system_stm32f4xx.o

.debug_frame    0x0000000000000000      0x278
 .debug_frame   0x0000000000000000       0x50 ./Core/Src/Clock_Config.o
 .debug_frame   0x0000000000000050       0xc0 ./Core/Src/ExtInt.o
 .debug_frame   0x0000000000000110       0xb4 ./Core/Src/GPIO.o
 .debug_frame   0x00000000000001c4       0x30 ./Core/Src/main.o
 .debug_frame   0x00000000000001f4       0x58 ./Core/Src/system_stm32f4xx.o
 .debug_frame   0x000000000000024c       0x2c e:/stm_cube_ide/stm32cubeide_1.5.1/stm32cubeide/plugins/com.st.stm32cube.ide.mcu.externaltools.gnu-tools-for-stm32.9-2020-q2-update.win32_2.0.0.202105311346/tools/bin/../lib/gcc/arm-none-eabi/9.3.1/../../../../arm-none-eabi/lib/thumb/v7e-m+fp/hard\libc_nano.a(lib_a-init.o)
