Archive member included to satisfy reference by file (symbol)

e:/stm_cube_ide/stm32cubeide_1.5.1/stm32cubeide/plugins/com.st.stm32cube.ide.mcu.externaltools.gnu-tools-for-stm32.9-2020-q2-update.win32_2.0.0.202105311346/tools/bin/../lib/gcc/arm-none-eabi/9.3.1/../../../../arm-none-eabi/lib/thumb/v7e-m+fp/hard\libc_nano.a(lib_a-exit.o)
                              e:/stm_cube_ide/stm32cubeide_1.5.1/stm32cubeide/plugins/com.st.stm32cube.ide.mcu.externaltools.gnu-tools-for-stm32.9-2020-q2-update.win32_2.0.0.202105311346/tools/bin/../lib/gcc/arm-none-eabi/9.3.1/../../../../arm-none-eabi/lib/thumb/v7e-m+fp/hard/crt0.o (exit)
e:/stm_cube_ide/stm32cubeide_1.5.1/stm32cubeide/plugins/com.st.stm32cube.ide.mcu.externaltools.gnu-tools-for-stm32.9-2020-q2-update.win32_2.0.0.202105311346/tools/bin/../lib/gcc/arm-none-eabi/9.3.1/../../../../arm-none-eabi/lib/thumb/v7e-m+fp/hard\libc_nano.a(lib_a-impure.o)
                              e:/stm_cube_ide/stm32cubeide_1.5.1/stm32cubeide/plugins/com.st.stm32cube.ide.mcu.externaltools.gnu-tools-for-stm32.9-2020-q2-update.win32_2.0.0.202105311346/tools/bin/../lib/gcc/arm-none-eabi/9.3.1/../../../../arm-none-eabi/lib/thumb/v7e-m+fp/hard\libc_nano.a(lib_a-exit.o) (_global_impure_ptr)
e:/stm_cube_ide/stm32cubeide_1.5.1/stm32cubeide/plugins/com.st.stm32cube.ide.mcu.externaltools.gnu-tools-for-stm32.9-2020-q2-update.win32_2.0.0.202105311346/tools/bin/../lib/gcc/arm-none-eabi/9.3.1/../../../../arm-none-eabi/lib/thumb/v7e-m+fp/hard\libc_nano.a(lib_a-init.o)
                              e:/stm_cube_ide/stm32cubeide_1.5.1/stm32cubeide/plugins/com.st.stm32cube.ide.mcu.externaltools.gnu-tools-for-stm32.9-2020-q2-update.win32_2.0.0.202105311346/tools/bin/../lib/gcc/arm-none-eabi/9.3.1/../../../../arm-none-eabi/lib/thumb/v7e-m+fp/hard/crt0.o (__libc_init_array)
e:/stm_cube_ide/stm32cubeide_1.5.1/stm32cubeide/plugins/com.st.stm32cube.ide.mcu.externaltools.gnu-tools-for-stm32.9-2020-q2-update.win32_2.0.0.202105311346/tools/bin/../lib/gcc/arm-none-eabi/9.3.1/../../../../arm-none-eabi/lib/thumb/v7e-m+fp/hard\libc_nano.a(lib_a-memset.o)
                              e:/stm_cube_ide/stm32cubeide_1.5.1/stm32cubeide/plugins/com.st.stm32cube.ide.mcu.externaltools.gnu-tools-for-stm32.9-2020-q2-update.win32_2.0.0.202105311346/tools/bin/../lib/gcc/arm-none-eabi/9.3.1/../../../../arm-none-eabi/lib/thumb/v7e-m+fp/hard/crt0.o (memset)
e:/stm_cube_ide/stm32cubeide_1.5.1/stm32cubeide/plugins/com.st.stm32cube.ide.mcu.externaltools.gnu-tools-for-stm32.9-2020-q2-update.win32_2.0.0.202105311346/tools/bin/../lib/gcc/arm-none-eabi/9.3.1/../../../../arm-none-eabi/lib/thumb/v7e-m+fp/hard\libc_nano.a(lib_a-sprintf.o)
                              ./Core/Src/main.o (sprintf)
e:/stm_cube_ide/stm32cubeide_1.5.1/stm32cubeide/plugins/com.st.stm32cube.ide.mcu.externaltools.gnu-tools-for-stm32.9-2020-q2-update.win32_2.0.0.202105311346/tools/bin/../lib/gcc/arm-none-eabi/9.3.1/../../../../arm-none-eabi/lib/thumb/v7e-m+fp/hard\libc_nano.a(lib_a-nano-svfprintf.o)
                              e:/stm_cube_ide/stm32cubeide_1.5.1/stm32cubeide/plugins/com.st.stm32cube.ide.mcu.externaltools.gnu-tools-for-stm32.9-2020-q2-update.win32_2.0.0.202105311346/tools/bin/../lib/gcc/arm-none-eabi/9.3.1/../../../../arm-none-eabi/lib/thumb/v7e-m+fp/hard\libc_nano.a(lib_a-sprintf.o) (_svfprintf_r)
e:/stm_cube_ide/stm32cubeide_1.5.1/stm32cubeide/plugins/com.st.stm32cube.ide.mcu.externaltools.gnu-tools-for-stm32.9-2020-q2-update.win32_2.0.0.202105311346/tools/bin/../lib/gcc/arm-none-eabi/9.3.1/../../../../arm-none-eabi/lib/thumb/v7e-m+fp/hard\libc_nano.a(lib_a-nano-vfprintf_i.o)
                              e:/stm_cube_ide/stm32cubeide_1.5.1/stm32cubeide/plugins/com.st.stm32cube.ide.mcu.externaltools.gnu-tools-for-stm32.9-2020-q2-update.win32_2.0.0.202105311346/tools/bin/../lib/gcc/arm-none-eabi/9.3.1/../../../../arm-none-eabi/lib/thumb/v7e-m+fp/hard\libc_nano.a(lib_a-nano-svfprintf.o) (_printf_i)
e:/stm_cube_ide/stm32cubeide_1.5.1/stm32cubeide/plugins/com.st.stm32cube.ide.mcu.externaltools.gnu-tools-for-stm32.9-2020-q2-update.win32_2.0.0.202105311346/tools/bin/../lib/gcc/arm-none-eabi/9.3.1/../../../../arm-none-eabi/lib/thumb/v7e-m+fp/hard\libc_nano.a(lib_a-memchr.o)
                              e:/stm_cube_ide/stm32cubeide_1.5.1/stm32cubeide/plugins/com.st.stm32cube.ide.mcu.externaltools.gnu-tools-for-stm32.9-2020-q2-update.win32_2.0.0.202105311346/tools/bin/../lib/gcc/arm-none-eabi/9.3.1/../../../../arm-none-eabi/lib/thumb/v7e-m+fp/hard\libc_nano.a(lib_a-nano-svfprintf.o) (memchr)
e:/stm_cube_ide/stm32cubeide_1.5.1/stm32cubeide/plugins/com.st.stm32cube.ide.mcu.externaltools.gnu-tools-for-stm32.9-2020-q2-update.win32_2.0.0.202105311346/tools/bin/../lib/gcc/arm-none-eabi/9.3.1/../../../../arm-none-eabi/lib/thumb/v7e-m+fp/hard\libc_nano.a(lib_a-memcpy-stub.o)
[...]
Memory Configuration

Name             Origin             Length             Attributes
RAM              0x0000000020000000 0x0000000000018000 xrw
FLASH            0x0000000008000000 0x0000000000080000 xr
*default*        0x0000000000000000 0xffffffffffffffff

Linker script and memory map

LOAD e:/stm_cube_ide/stm32cubeide_1.5.1/stm32cubeide/plugins/com.st.stm32cube.ide.mcu.externaltools.gnu-tools-for-stm32.9-2020-q2-update.win32_2.0.0.202105311346/tools/bin/../lib/gcc/arm-none-eabi/9.3.1/thumb/v7e-m+fp/hard/crti.o
LOAD e:/stm_cube_ide/stm32cubeide_1.5.1/stm32cubeide/plugins/com.st.stm32cube.ide.mcu.externaltools.gnu-tools-for-stm32.9-2020-q2-update.win32_2.0.0.202105311346/tools/bin/../lib/gcc/arm-none-eabi/9.3.1/thumb/v7e-m+fp/hard/crtbegin.o
LOAD e:/stm_cube_ide/stm32cubeide_1.5.1/stm32cubeide/plugins/com.st.stm32cube.ide.mcu.externaltools.gnu-tools-for-stm32.9-2020-q2-update.win32_2.0.0.202105311346/tools/bin/../lib/gcc/arm-none-eabi/9.3.1/../../../../arm-none-eabi/lib/thumb/v7e-m+fp/hard/crt0.o
LOAD ./Core/Src/Clock_Config.o
LOAD ./Core/Src/Display.o
LOAD ./Core/Src/GPIO.o
LOAD ./Core/Src/LCD_STM32.o
LOAD ./Core/Src/Timer.o
LOAD ./Core/Src/main.o
LOAD ./Core/Src/system_stm32f4xx.o
LOAD ./Startup/startup_stm32f401xe.o
START GROUP
LOAD e:/stm_cube_ide/stm32cubeide_1.5.1/stm32cubeide/plugins/com.st.stm32cube.ide.mcu.externaltools.gnu-tools-for-stm32.9-2020-q2-update.win32_2.0.0.202105311346/tools/bin/../lib/gcc/arm-none-eabi/9.3.1/../../../../arm-none-eabi/lib/thumb/v7e-m+fp/hard\libc_nano.a
LOAD e:/stm_cube_ide/stm32cubeide_1.5.1/stm32cubeide/plugins/com.st.stm32cube.ide.mcu.externaltools.gnu-tools-for-stm32.9-2020-q2-update.win32_2.0.0.202105311346/tools/bin/../lib/gcc/arm-none-eabi/9.3.1/../../../../arm-none-eabi/lib/thumb/v7e-m+fp/hard\libm.a
END GROUP
START GROUP
LOAD e:/stm_cube_ide/stm32cubeide_1.5.1/stm32cubeide/plugins/com.st.stm32cube.ide.mcu.externaltools.gnu-tools-for-stm32.9-2020-q2-update.win32_2.0.0.202105311346/tools/bin/../lib/gcc/arm-none-eabi/9.3.1/thumb/v7e-m+fp/hard\libgcc.a
LOAD e:/stm_cube_ide/stm32cubeide_1.5.1/stm32cubeide/plugins/com.st.stm32cube.ide.mcu.externaltools.gnu-tools-for-stm32.9-2020-q2-update.win32_2.0.0.202105311346/tools/bin/../lib/gcc/arm-none-eabi/9.3.1/../../../../arm-none-eabi/lib/thumb/v7e-m+fp/hard\libc_nano.a
END GROUP
START GROUP
LOAD e:/stm_cube_ide/stm32cubeide_1.5.1/stm32cubeide/plugins/com.st.stm32cube.ide.mcu.externaltools.gnu-tools-for-stm32.9-2020-q2-update.win32_2.0.0.202105311346/tools/bin/../lib/gcc/arm-none-eabi/9.3.1/thumb/v7e-m+fp/hard\libgcc.a
LOAD e:/stm_cube_ide/stm32cubeide_1.5.1/stm32cubeide/plugins/com.st.stm32cube.ide.mcu.externaltools.gnu-tools-for-stm32.9-2020-q2-update.win32_2.0.0.202105311346/tools/bin/../lib/gcc/arm-none-eabi/9.3.1/../../../../arm-none-eabi/lib/thumb/v7e-m+fp/hard\libc_nano.a
LOAD e:/stm_cube_ide/stm32cubeide_1.5.1/stm32cubeide/plugins/com.st.stm32cube.ide.mcu.externaltools.gnu-tools-for-stm32.9-2020-q2-update.win32_2.0.0.202105311346/tools/bin/../lib/gcc/arm-none-eabi/9.3.1/../../../../arm-none-eabi/lib/thumb/v7e-m+fp/hard\libnosys.a
END GROUP
START GROUP
LOAD e:/stm_cube_ide/stm32cubeide_1.5.1/stm32cubeide/plugins/com.st.stm32cube.ide.mcu.externaltools.gnu-tools-for-stm32.9-2020-q2-update.win32_2.0.0.202105311346/tools/bin/../lib/gcc/arm-none-eabi/9.3.1/thumb/v7e-m+fp/hard\libgcc.a
LOAD e:/stm_cube_ide/stm32cubeide_1.5.1/stm32cubeide/plugins/com.st.stm32cube.ide.mcu.externaltools.gnu-tools-for-stm32.9-2020-q2-update.win32_2.0.0.202105311346/tools/bin/../lib/gcc/arm-none-eabi/9.3.1/../../../../arm-none-eabi/lib/thumb/v7e-m+fp/hard\libc_nano.a
LOAD e:/stm_cube_ide/stm32cubeide_1.5.1/stm32cubeide/plugins/com.st.stm32cube.ide.mcu.externaltools.gnu-tools-for-stm32.9-2020-q2-update.win32_2.0.0.202105311346/tools/bin/../lib/gcc/arm-none-eabi/9.3.1/../../../../arm-none-eabi/lib/thumb/v7e-m+fp/hard\libnosys.a
END GROUP
LOAD e:/stm_cube_ide/stm32cubeide_1.5.1/stm32cubeide/plugins/com.st.stm32cube.ide.mcu.externaltools.gnu-tools-for-stm32.9-2020-q2-update.win32_2.0.0.202105311346/tools/bin/../lib/gcc/arm-none-eabi/9.3.1/thumb/v7e-m+fp/hard/crtend.o
LOAD e:/stm_cube_ide/stm32cubeide_1.5.1/stm32cubeide/plugins/com.st.stm32cube.ide.mcu.externaltools.gnu-tools-for-stm32.9-2020-q2-update.win32_2.0.0.202105311346/tools/bin/../lib/gcc/arm-none-eabi/9.3.1/thumb/v7e-m+fp/hard/crtn.o
                0x0000000020018000                _estack = (ORIGIN (RAM) + LENGTH (RAM))
                0x0000000000000200                _Min_Heap_Size = 0x200
                0x0000000000000400                _Min_Stack_Size = 0x400

.isr_vector     0x0000000008000000      0x194
                0x0000000008000000                . = ALIGN (0x4)
 *(.isr_vector)
 .isr_vector    0x0000000008000000      0x194 ./Startup/startup_stm32f401xe.o
                0x0000000008000000                g_pfnVectors
                0x0000000008000194                . = ALIGN (0x4)

.text           0x00000000080001a0     0x1518
                0x00000000080001a0                . = ALIGN (0x4)
 *(.text)
 .text          0x00000000080001a0       0x40 e:/stm_cube_ide/stm32cubeide_1.5.1/stm32cubeide/plugins/com.st.stm32cube.ide.mcu.externaltools.gnu-tools-for-stm32.9-2020-q2-update.win32_2.0.0.202105311346/tools/bin/../lib/gcc/arm-none-eabi/9.3.1/thumb/v7e-m+fp/hard/crtbegin.o
 .text          0x00000000080001e0       0xa0 e:/stm_cube_ide/stm32cubeide_1.5.1/stm32cubeide/plugins/com.st.stm32cube.ide.mcu.externaltools.gnu-tools-for-stm32.9-2020-q2-update.win32_2.0.0.202105311346/tools/bin/../lib/gcc/arm-none-eabi/9.3.1/../../../../arm-none-eabi/lib/thumb/v7e-m+fp/hard\libc_nano.a(lib_a-memchr.o)
                0x00000000080001e0                memchr
 *(.text*)
 .text.Init_Clock_HSI
                0x0000000008000280       0x54 ./Core/Src/Clock_Config.o
                0x0000000008000280                Init_Clock_HSI
 .text.GPIO_Init
                0x00000000080002d4      0x1e4 ./Core/Src/GPIO.o
                0x00000000080002d4                GPIO_Init
 .text.LCD_STM32_DataBus
                0x00000000080004b8       0xb4 ./Core/Src/LCD_STM32.o
                0x00000000080004b8                LCD_STM32_DataBus
 .text.LCD_STM32_Cmd
                0x000000000800056c       0x48 ./Core/Src/LCD_STM32.o
                0x000000000800056c                LCD_STM32_Cmd
 .text.LCD_STM32_Init
                0x00000000080005b4       0xb4 ./Core/Src/LCD_STM32.o
                0x00000000080005b4                LCD_STM32_Init
 .text.LCD_STM32_SetCursor
                0x0000000008000668       0xc8 ./Core/Src/LCD_STM32.o
                0x0000000008000668                LCD_STM32_SetCursor
 .text.LCD_STM32_Print_Char
                0x0000000008000730       0x3c ./Core/Src/LCD_STM32.o
                0x0000000008000730                LCD_STM32_Print_Char
 .text.LCD_STM32_Print_String
                0x000000000800076c       0x2e ./Core/Src/LCD_STM32.o
                0x000000000800076c                LCD_STM32_Print_String
 *fill*         0x000000000800079a        0x2 
 .text.LCD_STM32_New_Char
                0x000000000800079c      0x3b8 ./Core/Src/LCD_STM32.o
                0x000000000800079c                LCD_STM32_New_Char
 .text.LCD_STM32_Write_New_Char
                0x0000000008000b54       0x40 ./Core/Src/LCD_STM32.o
                0x0000000008000b54                LCD_STM32_Write_New_Char
 .text.__NVIC_ClearPendingIRQ
                0x0000000008000b94       0x3c ./Core/Src/Timer.o
 .text.Timer_delay_Init
                0x0000000008000bd0       0x68 ./Core/Src/Timer.o
                0x0000000008000bd0                Timer_delay_Init
 .text.Timer_delay
                0x0000000008000c38       0x56 ./Core/Src/Timer.o
                0x0000000008000c38                Timer_delay
 .text.TIM2_IRQHandler
                0x0000000008000c8e       0x1e ./Core/Src/Timer.o
                0x0000000008000c8e                TIM2_IRQHandler
 .text.main     0x0000000008000cac       0xbc ./Core/Src/main.o
                0x0000000008000cac                main
 .text.SystemInit
                0x0000000008000d68       0x24 ./Core/Src/system_stm32f4xx.o
                0x0000000008000d68                SystemInit
 .text.Reset_Handler
                0x0000000008000d8c       0x50 ./Startup/startup_stm32f401xe.o
                0x0000000008000d8c                Reset_Handler
 .text.Default_Handler
                0x0000000008000ddc        0x2 ./Startup/startup_stm32f401xe.o
                0x0000000008000ddc                RTC_Alarm_IRQHandler
                0x0000000008000ddc                EXTI2_IRQHandler
                0x0000000008000ddc                DebugMon_Handler
                0x0000000008000ddc                SPI4_IRQHandler
                0x0000000008000ddc                TIM1_CC_IRQHandler
                0x0000000008000ddc                DMA2_Stream5_IRQHandler
                0x0000000008000ddc                HardFault_Handler
                0x0000000008000ddc                DMA1_Stream5_IRQHandler
                0x0000000008000ddc                SysTick_Handler
                0x0000000008000ddc                PVD_IRQHandler
                0x0000000008000ddc                SDIO_IRQHandler
                0x0000000008000ddc                TAMP_STAMP_IRQHandler
                0x0000000008000ddc                PendSV_Handler
                0x0000000008000ddc                NMI_Handler
                0x0000000008000ddc                EXTI3_IRQHandler
                0x0000000008000ddc                TIM1_UP_TIM10_IRQHandler
                0x0000000008000ddc                I2C3_ER_IRQHandler
                0x0000000008000ddc                EXTI0_IRQHandler
                0x0000000008000ddc                I2C2_EV_IRQHandler
                0x0000000008000ddc                DMA1_Stream2_IRQHandler
                0x0000000008000ddc                FPU_IRQHandler
                0x0000000008000ddc                UsageFault_Handler
                0x0000000008000ddc                DMA2_Stream2_IRQHandler
                0x0000000008000ddc                SPI1_IRQHandler
                0x0000000008000ddc                TIM1_BRK_TIM9_IRQHandler
                0x0000000008000ddc                DMA2_Stream3_IRQHandler
                0x0000000008000ddc                USART6_IRQHandler
                0x0000000008000ddc                DMA2_Stream0_IRQHandler
                0x0000000008000ddc                TIM4_IRQHandler
                0x0000000008000ddc                I2C1_EV_IRQHandler
                0x0000000008000ddc                DMA1_Stream6_IRQHandler
                0x0000000008000ddc                DMA1_Stream1_IRQHandler
                0x0000000008000ddc                TIM3_IRQHandler
                0x0000000008000ddc                RCC_IRQHandler
                0x0000000008000ddc                Default_Handler
                0x0000000008000ddc                EXTI15_10_IRQHandler
                0x0000000008000ddc                ADC_IRQHandler
                0x0000000008000ddc                DMA1_Stream7_IRQHandler
                0x0000000008000ddc                TIM5_IRQHandler
                0x0000000008000ddc                DMA2_Stream7_IRQHandler
                0x0000000008000ddc                I2C3_EV_IRQHandler
                0x0000000008000ddc                EXTI9_5_IRQHandler
                0x0000000008000ddc                RTC_WKUP_IRQHandler
                0x0000000008000ddc                SPI2_IRQHandler
                0x0000000008000ddc                MemManage_Handler
                0x0000000008000ddc                DMA1_Stream0_IRQHandler
                0x0000000008000ddc                SVC_Handler
                0x0000000008000ddc                EXTI4_IRQHandler
                0x0000000008000ddc                WWDG_IRQHandler
                0x0000000008000ddc                OTG_FS_WKUP_IRQHandler
                0x0000000008000ddc                TIM1_TRG_COM_TIM11_IRQHandler
                0x0000000008000ddc                EXTI1_IRQHandler
                0x0000000008000ddc                USART2_IRQHandler
                0x0000000008000ddc                I2C2_ER_IRQHandler
                0x0000000008000ddc                DMA2_Stream1_IRQHandler
                0x0000000008000ddc                FLASH_IRQHandler
                0x0000000008000ddc                DMA2_Stream4_IRQHandler
                0x0000000008000ddc                BusFault_Handler
                0x0000000008000ddc                USART1_IRQHandler
                0x0000000008000ddc                OTG_FS_IRQHandler
                0x0000000008000ddc                SPI3_IRQHandler
                0x0000000008000ddc                DMA1_Stream4_IRQHandler
                0x0000000008000ddc                I2C1_ER_IRQHandler
                0x0000000008000ddc                DMA2_Stream6_IRQHandler
                0x0000000008000ddc                DMA1_Stream3_IRQHandler
 *fill*         0x0000000008000dde        0x2 
 .text.__libc_init_array
                0x0000000008000de0       0x48 e:/stm_cube_ide/stm32cubeide_1.5.1/stm32cubeide/plugins/com.st.stm32cube.ide.mcu.externaltools.gnu-tools-for-stm32.9-2020-q2-update.win32_2.0.0.202105311346/tools/bin/../lib/gcc/arm-none-eabi/9.3.1/../../../../arm-none-eabi/lib/thumb/v7e-m+fp/hard\libc_nano.a(lib_a-init.o)
                0x0000000008000de0                __libc_init_array
 .text.sprintf  0x0000000008000e28       0x40 e:/stm_cube_ide/stm32cubeide_1.5.1/stm32cubeide/plugins/com.st.stm32cube.ide.mcu.externaltools.gnu-tools-for-stm32.9-2020-q2-update.win32_2.0.0.202105311346/tools/bin/../lib/gcc/arm-none-eabi/9.3.1/../../../../arm-none-eabi/lib/thumb/v7e-m+fp/hard\libc_nano.a(lib_a-sprintf.o)
                0x0000000008000e28                siprintf
                0x0000000008000e28                sprintf
 .text.__ssputs_r
                0x0000000008000e68       0xb6 e:/stm_cube_ide/stm32cubeide_1.5.1/stm32cubeide/plugins/com.st.stm32cube.ide.mcu.externaltools.gnu-tools-for-stm32.9-2020-q2-update.win32_2.0.0.202105311346/tools/bin/../lib/gcc/arm-none-eabi/9.3.1/../../../../arm-none-eabi/lib/thumb/v7e-m+fp/hard\libc_nano.a(lib_a-nano-svfprintf.o)
                0x0000000008000e68                __ssputs_r
 *fill*         0x0000000008000f1e        0x2 
 .text._svfprintf_r
                0x0000000008000f20      0x200 e:/stm_cube_ide/stm32cubeide_1.5.1/stm32cubeide/plugins/com.st.stm32cube.ide.mcu.externaltools.gnu-tools-for-stm32.9-2020-q2-update.win32_2.0.0.202105311346/tools/bin/../lib/gcc/arm-none-eabi/9.3.1/../../../../arm-none-eabi/lib/thumb/v7e-m+fp/hard\libc_nano.a(lib_a-nano-svfprintf.o)
                0x0000000008000f20                _svfiprintf_r
                0x0000000008000f20                _svfprintf_r
 .text._printf_common
                0x0000000008001120       0xda e:/stm_cube_ide/stm32cubeide_1.5.1/stm32cubeide/plugins/com.st.stm32cube.ide.mcu.externaltools.gnu-tools-for-stm32.9-2020-q2-update.win32_2.0.0.202105311346/tools/bin/../lib/gcc/arm-none-eabi/9.3.1/../../../../arm-none-eabi/lib/thumb/v7e-m+fp/hard\libc_nano.a(lib_a-nano-vfprintf_i.o)
                0x0000000008001120                _printf_common
 *fill*         0x00000000080011fa        0x2 
 .text._printf_i
                0x00000000080011fc      0x24c e:/stm_cube_ide/stm32cubeide_1.5.1/stm32cubeide/plugins/com.st.stm32cube.ide.mcu.externaltools.gnu-tools-for-stm32.9-2020-q2-update.win32_2.0.0.202105311346/tools/bin/../lib/gcc/arm-none-eabi/9.3.1/../../../../arm-none-eabi/lib/thumb/v7e-m+fp/hard\libc_nano.a(lib_a-nano-vfprintf_i.o)
                0x00000000080011fc                _printf_i
 .text.memcpy   0x0000000008001448       0x1c e:/stm_cube_ide/stm32cubeide_1.5.1/stm32cubeide/plugins/com.st.stm32cube.ide.mcu.externaltools.gnu-tools-for-stm32.9-2020-q2-update.win32_2.0.0.202105311346/tools/bin/../lib/gcc/arm-none-eabi/9.3.1/../../../../arm-none-eabi/lib/thumb/v7e-m+fp/hard\libc_nano.a(lib_a-memcpy-stub.o)
                0x0000000008001448                memcpy
 .text.memmove  0x0000000008001464       0x34 e:/stm_cube_ide/stm32cubeide_1.5.1/stm32cubeide/plugins/com.st.stm32cube.ide.mcu.externaltools.gnu-tools-for-stm32.9-2020-q2-update.win32_2.0.0.202105311346/tools/bin/../lib/gcc/arm-none-eabi/9.3.1/../../../../arm-none-eabi/lib/thumb/v7e-m+fp/hard\libc_nano.a(lib_a-memmove.o)
                0x0000000008001464                memmove
 .text._free_r  0x0000000008001498       0xa0 e:/stm_cube_ide/stm32cubeide_1.5.1/stm32cubeide/plugins/com.st.stm32cube.ide.mcu.externaltools.gnu-tools-for-stm32.9-2020-q2-update.win32_2.0.0.202105311346/tools/bin/../lib/gcc/arm-none-eabi/9.3.1/../../../../arm-none-eabi/lib/thumb/v7e-m+fp/hard\libc_nano.a(lib_a-nano-freer.o)
                0x0000000008001498                _free_r
 .text._malloc_r
                0x0000000008001538       0xb4 e:/stm_cube_ide/stm32cubeide_1.5.1/stm32cubeide/plugins/com.st.stm32cube.ide.mcu.externaltools.gnu-tools-for-stm32.9-2020-q2-update.win32_2.0.0.202105311346/tools/bin/../lib/gcc/arm-none-eabi/9.3.1/../../../../arm-none-eabi/lib/thumb/v7e-m+fp/hard\libc_nano.a(lib_a-nano-mallocr.o)
                0x0000000008001538                _malloc_r
 .text._realloc_r
                0x00000000080015ec       0x4c e:/stm_cube_ide/stm32cubeide_1.5.1/stm32cubeide/plugins/com.st.stm32cube.ide.mcu.externaltools.gnu-tools-for-stm32.9-2020-q2-update.win32_2.0.0.202105311346/tools/bin/../lib/gcc/arm-none-eabi/9.3.1/../../../../arm-none-eabi/lib/thumb/v7e-m+fp/hard\libc_nano.a(lib_a-nano-reallocr.o)
                0x00000000080015ec                _realloc_r
 .text._sbrk_r  0x0000000008001638       0x20 e:/stm_cube_ide/stm32cubeide_1.5.1/stm32cubeide/plugins/com.st.stm32cube.ide.mcu.externaltools.gnu-tools-for-stm32.9-2020-q2-update.win32_2.0.0.202105311346/tools/bin/../lib/gcc/arm-none-eabi/9.3.1/../../../../arm-none-eabi/lib/thumb/v7e-m+fp/hard\libc_nano.a(lib_a-sbrkr.o)
                0x0000000008001638                _sbrk_r
 .text.__malloc_lock
                0x0000000008001658        0xc e:/stm_cube_ide/stm32cubeide_1.5.1/stm32cubeide/plugins/com.st.stm32cube.ide.mcu.externaltools.gnu-tools-for-stm32.9-2020-q2-update.win32_2.0.0.202105311346/tools/bin/../lib/gcc/arm-none-eabi/9.3.1/../../../../arm-none-eabi/lib/thumb/v7e-m+fp/hard\libc_nano.a(lib_a-mlock.o)
                0x0000000008001658                __malloc_lock
 .text.__malloc_unlock
                0x0000000008001664        0xc e:/stm_cube_ide/stm32cubeide_1.5.1/stm32cubeide/plugins/com.st.stm32cube.ide.mcu.externaltools.gnu-tools-for-stm32.9-2020-q2-update.win32_2.0.0.202105311346/tools/bin/../lib/gcc/arm-none-eabi/9.3.1/../../../../arm-none-eabi/lib/thumb/v7e-m+fp/hard\libc_nano.a(lib_a-mlock.o)
                0x0000000008001664                __malloc_unlock
 .text._malloc_usable_size_r
                0x0000000008001670       0x10 e:/stm_cube_ide/stm32cubeide_1.5.1/stm32cubeide/plugins/com.st.stm32cube.ide.mcu.externaltools.gnu-tools-for-stm32.9-2020-q2-update.win32_2.0.0.202105311346/tools/bin/../lib/gcc/arm-none-eabi/9.3.1/../../../../arm-none-eabi/lib/thumb/v7e-m+fp/hard\libc_nano.a(lib_a-nano-msizer.o)
                0x0000000008001670                _malloc_usable_size_r
 .text.__retarget_lock_acquire_recursive
                0x0000000008001680        0x2 e:/stm_cube_ide/stm32cubeide_1.5.1/stm32cubeide/plugins/com.st.stm32cube.ide.mcu.externaltools.gnu-tools-for-stm32.9-2020-q2-update.win32_2.0.0.202105311346/tools/bin/../lib/gcc/arm-none-eabi/9.3.1/../../../../arm-none-eabi/lib/thumb/v7e-m+fp/hard\libc_nano.a(lib_a-lock.o)
                0x0000000008001680                __retarget_lock_acquire_recursive
 .text.__retarget_lock_release_recursive
                0x0000000008001682        0x2 e:/stm_cube_ide/stm32cubeide_1.5.1/stm32cubeide/plugins/com.st.stm32cube.ide.mcu.externaltools.gnu-tools-for-stm32.9-2020-q2-update.win32_2.0.0.202105311346/tools/bin/../lib/gcc/arm-none-eabi/9.3.1/../../../../arm-none-eabi/lib/thumb/v7e-m+fp/hard\libc_nano.a(lib_a-lock.o)
                0x0000000008001682                __retarget_lock_release_recursive
 .text._sbrk    0x0000000008001684       0x1c e:/stm_cube_ide/stm32cubeide_1.5.1/stm32cubeide/plugins/com.st.stm32cube.ide.mcu.externaltools.gnu-tools-for-stm32.9-2020-q2-update.win32_2.0.0.202105311346/tools/bin/../lib/gcc/arm-none-eabi/9.3.1/../../../../arm-none-eabi/lib/thumb/v7e-m+fp/hard\libnosys.a(sbrk.o)
                0x0000000008001684                _sbrk
 *(.glue_7)
 .glue_7        0x00000000080016a0        0x0 linker stubs
 *(.glue_7t)
 .glue_7t       0x00000000080016a0        0x0 linker stubs
 *(.eh_frame)
 .eh_frame      0x00000000080016a0        0x0 e:/stm_cube_ide/stm32cubeide_1.5.1/stm32cubeide/plugins/com.st.stm32cube.ide.mcu.externaltools.gnu-tools-for-stm32.9-2020-q2-update.win32_2.0.0.202105311346/tools/bin/../lib/gcc/arm-none-eabi/9.3.1/thumb/v7e-m+fp/hard/crtbegin.o
 *(.init)
 .init          0x00000000080016a0        0x4 e:/stm_cube_ide/stm32cubeide_1.5.1/stm32cubeide/plugins/com.st.stm32cube.ide.mcu.externaltools.gnu-tools-for-stm32.9-2020-q2-update.win32_2.0.0.202105311346/tools/bin/../lib/gcc/arm-none-eabi/9.3.1/thumb/v7e-m+fp/hard/crti.o
                0x00000000080016a0                _init
 .init          0x00000000080016a4        0x8 e:/stm_cube_ide/stm32cubeide_1.5.1/stm32cubeide/plugins/com.st.stm32cube.ide.mcu.externaltools.gnu-tools-for-stm32.9-2020-q2-update.win32_2.0.0.202105311346/tools/bin/../lib/gcc/arm-none-eabi/9.3.1/thumb/v7e-m+fp/hard/crtn.o
 *(.fini)
 .fini          0x00000000080016ac        0x4 e:/stm_cube_ide/stm32cubeide_1.5.1/stm32cubeide/plugins/com.st.stm32cube.ide.mcu.externaltools.gnu-tools-for-stm32.9-2020-q2-update.win32_2.0.0.202105311346/tools/bin/../lib/gcc/arm-none-eabi/9.3.1/thumb/v7e-m+fp/hard/crti.o
                0x00000000080016ac                _fini
 .fini          0x00000000080016b0        0x8 e:/stm_cube_ide/stm32cubeide_1.5.1/stm32cubeide/plugins/com.st.stm32cube.ide.mcu.externaltools.gnu-tools-for-stm32.9-2020-q2-update.win32_2.0.0.202105311346/tools/bin/../lib/gcc/arm-none-eabi/9.3.1/thumb/v7e-m+fp/hard/crtn.o
                0x00000000080016b8                . = ALIGN (0x4)
                0x00000000080016b8                _etext = .

.vfp11_veneer   0x00000000080016b8        0x0
 .vfp11_veneer  0x00000000080016b8        0x0 linker stubs

.v4_bx          0x00000000080016b8        0x0
 .v4_bx         0x00000000080016b8        0x0 linker stubs

.iplt           0x00000000080016b8        0x0
 .iplt          0x00000000080016b8        0x0 e:/stm_cube_ide/stm32cubeide_1.5.1/stm32cubeide/plugins/com.st.stm32cube.ide.mcu.externaltools.gnu-tools-for-stm32.9-2020-q2-update.win32_2.0.0.202105311346/tools/bin/../lib/gcc/arm-none-eabi/9.3.1/thumb/v7e-m+fp/hard/crtbegin.o

.rodata         0x00000000080016b8       0x54
                0x00000000080016b8                . = ALIGN (0x4)
 *(.rodata)
 .rodata        0x00000000080016b8       0x1f ./Core/Src/main.o
 *(.rodata*)
 .rodata._svfprintf_r.str1.1
                0x00000000080016d7       0x11 e:/stm_cube_ide/stm32cubeide_1.5.1/stm32cubeide/plugins/com.st.stm32cube.ide.mcu.externaltools.gnu-tools-for-stm32.9-2020-q2-update.win32_2.0.0.202105311346/tools/bin/../lib/gcc/arm-none-eabi/9.3.1/../../../../arm-none-eabi/lib/thumb/v7e-m+fp/hard\libc_nano.a(lib_a-nano-svfprintf.o)
 .rodata._printf_i.str1.1
                0x00000000080016e8       0x22 e:/stm_cube_ide/stm32cubeide_1.5.1/stm32cubeide/plugins/com.st.stm32cube.ide.mcu.externaltools.gnu-tools-for-stm32.9-2020-q2-update.win32_2.0.0.202105311346/tools/bin/../lib/gcc/arm-none-eabi/9.3.1/../../../../arm-none-eabi/lib/thumb/v7e-m+fp/hard\libc_nano.a(lib_a-nano-vfprintf_i.o)
                0x000000000800170c                . = ALIGN (0x4)
 *fill*         0x000000000800170a        0x2 

.rel.dyn        0x000000000800170c        0x0
 .rel.iplt      0x000000000800170c        0x0 e:/stm_cube_ide/stm32cubeide_1.5.1/stm32cubeide/plugins/com.st.stm32cube.ide.mcu.externaltools.gnu-tools-for-stm32.9-2020-q2-update.win32_2.0.0.202105311346/tools/bin/../lib/gcc/arm-none-eabi/9.3.1/thumb/v7e-m+fp/hard/crtbegin.o

.ARM.extab      0x000000000800170c        0x0
                0x000000000800170c                . = ALIGN (0x4)
 *(.ARM.extab* .gnu.linkonce.armextab.*)
                0x000000000800170c                . = ALIGN (0x4)

.ARM            0x000000000800170c        0x0
                0x000000000800170c                . = ALIGN (0x4)
                0x000000000800170c                __exidx_start = .
 *(.ARM.exidx*)
                0x000000000800170c                __exidx_end = .
                0x000000000800170c                . = ALIGN (0x4)

.preinit_array  0x000000000800170c        0x0
                0x000000000800170c                . = ALIGN (0x4)
                0x000000000800170c                PROVIDE (__preinit_array_start = .)
 *(.preinit_array*)
                0x000000000800170c                PROVIDE (__preinit_array_end = .)
                0x000000000800170c                . = ALIGN (0x4)

.init_array     0x000000000800170c        0x4
                0x000000000800170c                . = ALIGN (0x4)
                0x000000000800170c                PROVIDE (__init_array_start = .)
 *(SORT_BY_NAME(.init_array.*))
 *(.init_array*)
 .init_array    0x000000000800170c        0x4 e:/stm_cube_ide/stm32cubeide_1.5.1/stm32cubeide/plugins/com.st.stm32cube.ide.mcu.externaltools.gnu-tools-for-stm32.9-2020-q2-update.win32_2.0.0.202105311346/tools/bin/../lib/gcc/arm-none-eabi/9.3.1/thumb/v7e-m+fp/hard/crtbegin.o
                0x0000000008001710                PROVIDE (__init_array_end = .)
                0x0000000008001710                . = ALIGN (0x4)

.fini_array     0x0000000008001710        0x4
                0x0000000008001710                . = ALIGN (0x4)
                [!provide]                        PROVIDE (__fini_array_start = .)
 *(SORT_BY_NAME(.fini_array.*))
 *(.fini_array*)
 .fini_array    0x0000000008001710        0x4 e:/stm_cube_ide/stm32cubeide_1.5.1/stm32cubeide/plugins/com.st.stm32cube.ide.mcu.externaltools.gnu-tools-for-stm32.9-2020-q2-update.win32_2.0.0.202105311346/tools/bin/../lib/gcc/arm-none-eabi/9.3.1/thumb/v7e-m+fp/hard/crtbegin.o
                [!provide]                        PROVIDE (__fini_array_end = .)
                0x0000000008001714                . = ALIGN (0x4)
                0x0000000008001714                _sidata = LOADADDR (.data)

.data           0x0000000020000000       0x64 load address 0x0000000008001714
                0x0000000020000000                . = ALIGN (0x4)
                0x0000000020000000                _sdata = .
 *(.data)
 *(.data*)
 .data._impure_ptr
                0x0000000020000000        0x4 e:/stm_cube_ide/stm32cubeide_1.5.1/stm32cubeide/plugins/com.st.stm32cube.ide.mcu.externaltools.gnu-tools-for-stm32.9-2020-q2-update.win32_2.0.0.202105311346/tools/bin/../lib/gcc/arm-none-eabi/9.3.1/../../../../arm-none-eabi/lib/thumb/v7e-m+fp/hard\libc_nano.a(lib_a-impure.o)
                0x0000000020000000                _impure_ptr
 .data.impure_data
                0x0000000020000004       0x60 e:/stm_cube_ide/stm32cubeide_1.5.1/stm32cubeide/plugins/com.st.stm32cube.ide.mcu.externaltools.gnu-tools-for-stm32.9-2020-q2-update.win32_2.0.0.202105311346/tools/bin/../lib/gcc/arm-none-eabi/9.3.1/../../../../arm-none-eabi/lib/thumb/v7e-m+fp/hard\libc_nano.a(lib_a-impure.o)
 *(.RamFunc)
 *(.RamFunc*)
                0x0000000020000064                . = ALIGN (0x4)
                0x0000000020000064                _edata = .

.igot.plt       0x0000000020000064        0x0 load address 0x0000000008001778
 .igot.plt      0x0000000020000064        0x0 e:/stm_cube_ide/stm32cubeide_1.5.1/stm32cubeide/plugins/com.st.stm32cube.ide.mcu.externaltools.gnu-tools-for-stm32.9-2020-q2-update.win32_2.0.0.202105311346/tools/bin/../lib/gcc/arm-none-eabi/9.3.1/thumb/v7e-m+fp/hard/crtbegin.o
                0x0000000020000064                . = ALIGN (0x4)

.bss            0x0000000020000064       0x40 load address 0x0000000008001778
                0x0000000020000064                _sbss = .
                0x0000000020000064                __bss_start__ = _sbss
 *(.bss)
 .bss           0x0000000020000064       0x1c e:/stm_cube_ide/stm32cubeide_1.5.1/stm32cubeide/plugins/com.st.stm32cube.ide.mcu.externaltools.gnu-tools-for-stm32.9-2020-q2-update.win32_2.0.0.202105311346/tools/bin/../lib/gcc/arm-none-eabi/9.3.1/thumb/v7e-m+fp/hard/crtbegin.o
 *(.bss*)
 .bss.dato      0x0000000020000080        0x5 ./Core/Src/main.o
                0x0000000020000080                dato
 *fill*         0x0000000020000085        0x3 
 .bss.__malloc_free_list
                0x0000000020000088        0x4 e:/stm_cube_ide/stm32cubeide_1.5.1/stm32cubeide/plugins/com.st.stm32cube.ide.mcu.externaltools.gnu-tools-for-stm32.9-2020-q2-update.win32_2.0.0.202105311346/tools/bin/../lib/gcc/arm-none-eabi/9.3.1/../../../../arm-none-eabi/lib/thumb/v7e-m+fp/hard\libc_nano.a(lib_a-nano-mallocr.o)
                0x0000000020000088                __malloc_free_list
 .bss.__malloc_sbrk_start
                0x000000002000008c        0x4 e:/stm_cube_ide/stm32cubeide_1.5.1/stm32cubeide/plugins/com.st.stm32cube.ide.mcu.externaltools.gnu-tools-for-stm32.9-2020-q2-update.win32_2.0.0.202105311346/tools/bin/../lib/gcc/arm-none-eabi/9.3.1/../../../../arm-none-eabi/lib/thumb/v7e-m+fp/hard\libc_nano.a(lib_a-nano-mallocr.o)
                0x000000002000008c                __malloc_sbrk_start
 .bss.heap_end.5507
                0x0000000020000090        0x4 e:/stm_cube_ide/stm32cubeide_1.5.1/stm32cubeide/plugins/com.st.stm32cube.ide.mcu.externaltools.gnu-tools-for-stm32.9-2020-q2-update.win32_2.0.0.202105311346/tools/bin/../lib/gcc/arm-none-eabi/9.3.1/../../../../arm-none-eabi/lib/thumb/v7e-m+fp/hard\libnosys.a(sbrk.o)
 *(COMMON)
 COMMON         0x0000000020000094        0x4 e:/stm_cube_ide/stm32cubeide_1.5.1/stm32cubeide/plugins/com.st.stm32cube.ide.mcu.externaltools.gnu-tools-for-stm32.9-2020-q2-update.win32_2.0.0.202105311346/tools/bin/../lib/gcc/arm-none-eabi/9.3.1/../../../../arm-none-eabi/lib/thumb/v7e-m+fp/hard\libc_nano.a(lib_a-reent.o)
                0x0000000020000094                errno
 COMMON         0x0000000020000098        0x9 e:/stm_cube_ide/stm32cubeide_1.5.1/stm32cubeide/plugins/com.st.stm32cube.ide.mcu.externaltools.gnu-tools-for-stm32.9-2020-q2-update.win32_2.0.0.202105311346/tools/bin/../lib/gcc/arm-none-eabi/9.3.1/../../../../arm-none-eabi/lib/thumb/v7e-m+fp/hard\libc_nano.a(lib_a-lock.o)
                0x0000000020000098                __lock___atexit_recursive_mutex
                0x0000000020000099                __lock___arc4random_mutex
                0x000000002000009a                __lock___env_recursive_mutex
                0x000000002000009b                __lock___sinit_recursive_mutex
                0x000000002000009c                __lock___malloc_recursive_mutex
                0x000000002000009d                __lock___at_quick_exit_mutex
                0x000000002000009e                __lock___dd_hash_mutex
                0x000000002000009f                __lock___tz_mutex
                0x00000000200000a0                __lock___sfp_recursive_mutex
                0x00000000200000a4                . = ALIGN (0x4)
 *fill*         0x00000000200000a1        0x3 
                0x00000000200000a4                _ebss = .
                0x00000000200000a4                __bss_end__ = _ebss

._user_heap_stack
                0x00000000200000a4      0x604 load address 0x0000000008001778
                0x00000000200000a8                . = ALIGN (0x8)
 *fill*         0x00000000200000a4        0x4 
                0x00000000200000a8                PROVIDE (end = .)
                [!provide]                        PROVIDE (_end = .)
                0x00000000200002a8                . = (. + _Min_Heap_Size)
 *fill*         0x00000000200000a8      0x200 
                0x00000000200006a8                . = (. + _Min_Stack_Size)
 *fill*         0x00000000200002a8      0x400 
                0x00000000200006a8                . = ALIGN (0x8)

/DISCARD/
 libc.a(*)
 libm.a(*)
 libgcc.a(*)

.ARM.attributes
                0x0000000000000000       0x30
 *(.ARM.attributes)
 .ARM.attributes
                0x0000000000000000       0x1e e:/stm_cube_ide/stm32cubeide_1.5.1/stm32cubeide/plugins/com.st.stm32cube.ide.mcu.externaltools.gnu-tools-for-stm32.9-2020-q2-update.win32_2.0.0.202105311346/tools/bin/../lib/gcc/arm-none-eabi/9.3.1/thumb/v7e-m+fp/hard/crti.o
 .ARM.attributes
                0x000000000000001e       0x34 e:/stm_cube_ide/stm32cubeide_1.5.1/stm32cubeide/plugins/com.st.stm32cube.ide.mcu.externaltools.gnu-tools-for-stm32.9-2020-q2-update.win32_2.0.0.202105311346/tools/bin/../lib/gcc/arm-none-eabi/9.3.1/thumb/v7e-m+fp/hard/crtbegin.o
 .ARM.attributes
                0x0000000000000052       0x34 ./Core/Src/Clock_Config.o
 .ARM.attributes
                0x0000000000000086       0x34 ./Core/Src/GPIO.o
 .ARM.attributes
                0x00000000000000ba       0x34 ./Core/Src/LCD_STM32.o
 .ARM.attributes
                0x00000000000000ee       0x34 ./Core/Src/Timer.o
 .ARM.attributes
                0x0000000000000122       0x34 ./Core/Src/main.o
 .ARM.attributes
                0x0000000000000156       0x34 ./Core/Src/system_stm32f4xx.o
 .ARM.attributes
                0x000000000000018a       0x21 ./Startup/startup_stm32f401xe.o
 .ARM.attributes
                0x00000000000001ab       0x32 e:/stm_cube_ide/stm32cubeide_1.5.1/stm32cubeide/plugins/com.st.stm32cube.ide.mcu.externaltools.gnu-tools-for-stm32.9-2020-q2-update.win32_2.0.0.202105311346/tools/bin/../lib/gcc/arm-none-eabi/9.3.1/../../../../arm-none-eabi/lib/thumb/v7e-m+fp/hard\libc_nano.a(lib_a-impure.o)
 .ARM.attributes
                0x00000000000001dd       0x34 e:/stm_cube_ide/stm32cubeide_1.5.1/stm32cubeide/plugins/com.st.stm32cube.ide.mcu.externaltools.gnu-tools-for-stm32.9-2020-q2-update.win32_2.0.0.202105311346/tools/bin/../lib/gcc/arm-none-eabi/9.3.1/../../../../arm-none-eabi/lib/thumb/v7e-m+fp/hard\libc_nano.a(lib_a-init.o)
 .ARM.attributes
                0x0000000000000211       0x34 e:/stm_cube_ide/stm32cubeide_1.5.1/stm32cubeide/plugins/com.st.stm32cube.ide.mcu.externaltools.gnu-tools-for-stm32.9-2020-q2-update.win32_2.0.0.202105311346/tools/bin/../lib/gcc/arm-none-eabi/9.3.1/../../../../arm-none-eabi/lib/thumb/v7e-m+fp/hard\libc_nano.a(lib_a-sprintf.o)
 .ARM.attributes
                0x0000000000000245       0x34 e:/stm_cube_ide/stm32cubeide_1.5.1/stm32cubeide/plugins/com.st.stm32cube.ide.mcu.externaltools.gnu-tools-for-stm32.9-2020-q2-update.win32_2.0.0.202105311346/tools/bin/../lib/gcc/arm-none-eabi/9.3.1/../../../../arm-none-eabi/lib/thumb/v7e-m+fp/hard\libc_nano.a(lib_a-nano-svfprintf.o)
 .ARM.attributes
                0x0000000000000279       0x34 e:/stm_cube_ide/stm32cubeide_1.5.1/stm32cubeide/plugins/com.st.stm32cube.ide.mcu.externaltools.gnu-tools-for-stm32.9-2020-q2-update.win32_2.0.0.202105311346/tools/bin/../lib/gcc/arm-none-eabi/9.3.1/../../../../arm-none-eabi/lib/thumb/v7e-m+fp/hard\libc_nano.a(lib_a-nano-vfprintf_i.o)
 .ARM.attributes
                0x00000000000002ad       0x1c e:/stm_cube_ide/stm32cubeide_1.5.1/stm32cubeide/plugins/com.st.stm32cube.ide.mcu.externaltools.gnu-tools-for-stm32.9-2020-q2-update.win32_2.0.0.202105311346/tools/bin/../lib/gcc/arm-none-eabi/9.3.1/../../../../arm-none-eabi/lib/thumb/v7e-m+fp/hard\libc_nano.a(lib_a-memchr.o)
 .ARM.attributes
                0x00000000000002c9       0x34 e:/stm_cube_ide/stm32cubeide_1.5.1/stm32cubeide/plugins/com.st.stm32cube.ide.mcu.externaltools.gnu-tools-for-stm32.9-2020-q2-update.win32_2.0.0.202105311346/tools/bin/../lib/gcc/arm-none-eabi/9.3.1/../../../../arm-none-eabi/lib/thumb/v7e-m+fp/hard\libc_nano.a(lib_a-memcpy-stub.o)
 .ARM.attributes
                0x00000000000002fd       0x34 e:/stm_cube_ide/stm32cubeide_1.5.1/stm32cubeide/plugins/com.st.stm32cube.ide.mcu.externaltools.gnu-tools-for-stm32.9-2020-q2-update.win32_2.0.0.202105311346/tools/bin/../lib/gcc/arm-none-eabi/9.3.1/../../../../arm-none-eabi/lib/thumb/v7e-m+fp/hard\libc_nano.a(lib_a-memmove.o)
 .ARM.attributes
                0x0000000000000331       0x34 e:/stm_cube_ide/stm32cubeide_1.5.1/stm32cubeide/plugins/com.st.stm32cube.ide.mcu.externaltools.gnu-tools-for-stm32.9-2020-q2-update.win32_2.0.0.202105311346/tools/bin/../lib/gcc/arm-none-eabi/9.3.1/../../../../arm-none-eabi/lib/thumb/v7e-m+fp/hard\libc_nano.a(lib_a-nano-freer.o)
 .ARM.attributes
                0x0000000000000365       0x34 e:/stm_cube_ide/stm32cubeide_1.5.1/stm32cubeide/plugins/com.st.stm32cube.ide.mcu.externaltools.gnu-tools-for-stm32.9-2020-q2-update.win32_2.0.0.202105311346/tools/bin/../lib/gcc/arm-none-eabi/9.3.1/../../../../arm-none-eabi/lib/thumb/v7e-m+fp/hard\libc_nano.a(lib_a-nano-mallocr.o)
 .ARM.attributes
                0x0000000000000399       0x34 e:/stm_cube_ide/stm32cubeide_1.5.1/stm32cubeide/plugins/com.st.stm32cube.ide.mcu.externaltools.gnu-tools-for-stm32.9-2020-q2-update.win32_2.0.0.202105311346/tools/bin/../lib/gcc/arm-none-eabi/9.3.1/../../../../arm-none-eabi/lib/thumb/v7e-m+fp/hard\libc_nano.a(lib_a-nano-reallocr.o)
 .ARM.attributes
                0x00000000000003cd       0x34 e:/stm_cube_ide/stm32cubeide_1.5.1/stm32cubeide/plugins/com.st.stm32cube.ide.mcu.externaltools.gnu-tools-for-stm32.9-2020-q2-update.win32_2.0.0.202105311346/tools/bin/../lib/gcc/arm-none-eabi/9.3.1/../../../../arm-none-eabi/lib/thumb/v7e-m+fp/hard\libc_nano.a(lib_a-sbrkr.o)
 .ARM.attributes
                0x0000000000000401       0x34 e:/stm_cube_ide/stm32cubeide_1.5.1/stm32cubeide/plugins/com.st.stm32cube.ide.mcu.externaltools.gnu-tools-for-stm32.9-2020-q2-update.win32_2.0.0.202105311346/tools/bin/../lib/gcc/arm-none-eabi/9.3.1/../../../../arm-none-eabi/lib/thumb/v7e-m+fp/hard\libc_nano.a(lib_a-mlock.o)
 .ARM.attributes
                0x0000000000000435       0x34 e:/stm_cube_ide/stm32cubeide_1.5.1/stm32cubeide/plugins/com.st.stm32cube.ide.mcu.externaltools.gnu-tools-for-stm32.9-2020-q2-update.win32_2.0.0.202105311346/tools/bin/../lib/gcc/arm-none-eabi/9.3.1/../../../../arm-none-eabi/lib/thumb/v7e-m+fp/hard\libc_nano.a(lib_a-nano-msizer.o)
 .ARM.attributes
                0x0000000000000469       0x34 e:/stm_cube_ide/stm32cubeide_1.5.1/stm32cubeide/plugins/com.st.stm32cube.ide.mcu.externaltools.gnu-tools-for-stm32.9-2020-q2-update.win32_2.0.0.202105311346/tools/bin/../lib/gcc/arm-none-eabi/9.3.1/../../../../arm-none-eabi/lib/thumb/v7e-m+fp/hard\libc_nano.a(lib_a-reent.o)
 .ARM.attributes
                0x000000000000049d       0x34 e:/stm_cube_ide/stm32cubeide_1.5.1/stm32cubeide/plugins/com.st.stm32cube.ide.mcu.externaltools.gnu-tools-for-stm32.9-2020-q2-update.win32_2.0.0.202105311346/tools/bin/../lib/gcc/arm-none-eabi/9.3.1/../../../../arm-none-eabi/lib/thumb/v7e-m+fp/hard\libc_nano.a(lib_a-lock.o)
 .ARM.attributes
                0x00000000000004d1       0x34 e:/stm_cube_ide/stm32cubeide_1.5.1/stm32cubeide/plugins/com.st.stm32cube.ide.mcu.externaltools.gnu-tools-for-stm32.9-2020-q2-update.win32_2.0.0.202105311346/tools/bin/../lib/gcc/arm-none-eabi/9.3.1/../../../../arm-none-eabi/lib/thumb/v7e-m+fp/hard\libnosys.a(sbrk.o)
 .ARM.attributes
                0x0000000000000505       0x1e e:/stm_cube_ide/stm32cubeide_1.5.1/stm32cubeide/plugins/com.st.stm32cube.ide.mcu.externaltools.gnu-tools-for-stm32.9-2020-q2-update.win32_2.0.0.202105311346/tools/bin/../lib/gcc/arm-none-eabi/9.3.1/thumb/v7e-m+fp/hard/crtn.o
OUTPUT(Projecto8_LCD.elf elf32-littlearm)
LOAD linker stubs
LOAD e:/stm_cube_ide/stm32cubeide_1.5.1/stm32cubeide/plugins/com.st.stm32cube.ide.mcu.externaltools.gnu-tools-for-stm32.9-2020-q2-update.win32_2.0.0.202105311346/tools/bin/../lib/gcc/arm-none-eabi/9.3.1/../../../../arm-none-eabi/lib/thumb/v7e-m+fp/hard\libc.a
LOAD e:/stm_cube_ide/stm32cubeide_1.5.1/stm32cubeide/plugins/com.st.stm32cube.ide.mcu.externaltools.gnu-tools-for-stm32.9-2020-q2-update.win32_2.0.0.202105311346/tools/bin/../lib/gcc/arm-none-eabi/9.3.1/../../../../arm-none-eabi/lib/thumb/v7e-m+fp/hard\libm.a
LOAD e:/stm_cube_ide/stm32cubeide_1.5.1/stm32cubeide/plugins/com.st.stm32cube.ide.mcu.externaltools.gnu-tools-for-stm32.9-2020-q2-update.win32_2.0.0.202105311346/tools/bin/../lib/gcc/arm-none-eabi/9.3.1/thumb/v7e-m+fp/hard\libgcc.a

.debug_info     0x0000000000000000     0x3ef8
 .debug_info    0x0000000000000000      0x3b0 ./Core/Src/Clock_Config.o
 .debug_info    0x00000000000003b0      0xbb0 ./Core/Src/GPIO.o
 .debug_info    0x0000000000000f60      0xd2a ./Core/Src/LCD_STM32.o
 .debug_info    0x0000000000001c8a     0x129d ./Core/Src/Timer.o
 .debug_info    0x0000000000002f27      0xa3d ./Core/Src/main.o
 .debug_info    0x0000000000003964      0x572 ./Core/Src/system_stm32f4xx.o
 .debug_info    0x0000000000003ed6       0x22 ./Startup/startup_stm32f401xe.o

.debug_abbrev   0x0000000000000000      0xb41
 .debug_abbrev  0x0000000000000000      0x10d ./Core/Src/Clock_Config.o
 .debug_abbrev  0x000000000000010d      0x23c ./Core/Src/GPIO.o
 .debug_abbrev  0x0000000000000349      0x231 ./Core/Src/LCD_STM32.o
 .debug_abbrev  0x000000000000057a      0x2a6 ./Core/Src/Timer.o
 .debug_abbrev  0x0000000000000820      0x1e6 ./Core/Src/main.o
 .debug_abbrev  0x0000000000000a06      0x129 ./Core/Src/system_stm32f4xx.o
 .debug_abbrev  0x0000000000000b2f       0x12 ./Startup/startup_stm32f401xe.o

.debug_aranges  0x0000000000000000      0x188
 .debug_aranges
                0x0000000000000000       0x28 ./Core/Src/Clock_Config.o
 .debug_aranges
                0x0000000000000028       0x38 ./Core/Src/GPIO.o
 .debug_aranges
                0x0000000000000060       0x68 ./Core/Src/LCD_STM32.o
 .debug_aranges
                0x00000000000000c8       0x50 ./Core/Src/Timer.o
 .debug_aranges
                0x0000000000000118       0x20 ./Core/Src/main.o
 .debug_aranges
                0x0000000000000138       0x28 ./Core/Src/system_stm32f4xx.o
 .debug_aranges
                0x0000000000000160       0x28 ./Startup/startup_stm32f401xe.o

.debug_ranges   0x0000000000000000      0x120
 .debug_ranges  0x0000000000000000       0x18 ./Core/Src/Clock_Config.o
 .debug_ranges  0x0000000000000018       0x28 ./Core/Src/GPIO.o
 .debug_ranges  0x0000000000000040       0x58 ./Core/Src/LCD_STM32.o
 .debug_ranges  0x0000000000000098       0x40 ./Core/Src/Timer.o
 .debug_ranges  0x00000000000000d8       0x10 ./Core/Src/main.o
 .debug_ranges  0x00000000000000e8       0x18 ./Core/Src/system_stm32f4xx.o
 .debug_ranges  0x0000000000000100       0x20 ./Startup/startup_stm32f401xe.o

.debug_macro    0x0000000000000000     0xe608
 .debug_macro   0x0000000000000000       0xce ./Core/Src/Clock_Config.o
 .debug_macro   0x00000000000000ce      0xaa2 ./Core/Src/Clock_Config.o
 .debug_macro   0x0000000000000b70       0x28 ./Core/Src/Clock_Config.o
 .debug_macro   0x0000000000000b98       0x22 ./Core/Src/Clock_Config.o
 .debug_macro   0x0000000000000bba       0x8e ./Core/Src/Clock_Config.o
 .debug_macro   0x0000000000000c48       0x51 ./Core/Src/Clock_Config.o
 .debug_macro   0x0000000000000c99      0x103 ./Core/Src/Clock_Config.o
 .debug_macro   0x0000000000000d9c       0x6a ./Core/Src/Clock_Config.o
 .debug_macro   0x0000000000000e06      0x1df ./Core/Src/Clock_Config.o
 .debug_macro   0x0000000000000fe5       0x1c ./Core/Src/Clock_Config.o
 .debug_macro   0x0000000000001001       0x22 ./Core/Src/Clock_Config.o
 .debug_macro   0x0000000000001023       0xdf ./Core/Src/Clock_Config.o
 .debug_macro   0x0000000000001102     0x102d ./Core/Src/Clock_Config.o
 .debug_macro   0x000000000000212f      0x11f ./Core/Src/Clock_Config.o
 .debug_macro   0x000000000000224e     0xb850 ./Core/Src/Clock_Config.o
 .debug_macro   0x000000000000da9e       0x16 ./Core/Src/Clock_Config.o
 .debug_macro   0x000000000000dab4      0x23b ./Core/Src/GPIO.o
 .debug_macro   0x000000000000dcef      0x267 ./Core/Src/LCD_STM32.o
 .debug_macro   0x000000000000df56       0x2e ./Core/Src/LCD_STM32.o
 .debug_macro   0x000000000000df84       0x43 ./Core/Src/LCD_STM32.o
 .debug_macro   0x000000000000dfc7       0x34 ./Core/Src/LCD_STM32.o
 .debug_macro   0x000000000000dffb       0x4c ./Core/Src/LCD_STM32.o
 .debug_macro   0x000000000000e047      0x24f ./Core/Src/Timer.o
 .debug_macro   0x000000000000e296      0x27c ./Core/Src/main.o
 .debug_macro   0x000000000000e512       0x1c ./Core/Src/main.o
 .debug_macro   0x000000000000e52e       0xda ./Core/Src/system_stm32f4xx.o

.debug_line     0x0000000000000000     0x2c58
 .debug_line    0x0000000000000000      0x54c ./Core/Src/Clock_Config.o
 .debug_line    0x000000000000054c      0x8c1 ./Core/Src/GPIO.o
 .debug_line    0x0000000000000e0d      0x960 ./Core/Src/LCD_STM32.o
 .debug_line    0x000000000000176d      0x804 ./Core/Src/Timer.o
 .debug_line    0x0000000000001f71      0x727 ./Core/Src/main.o
 .debug_line    0x0000000000002698      0x53f ./Core/Src/system_stm32f4xx.o
 .debug_line    0x0000000000002bd7       0x81 ./Startup/startup_stm32f401xe.o

.debug_str      0x0000000000000000    0x53d5b
 .debug_str     0x0000000000000000    0x4ed31 ./Core/Src/Clock_Config.o
                                      0x4eeb4 (size before relaxing)
 .debug_str     0x000000000004ed31     0x44be ./Core/Src/GPIO.o
                                      0x532cc (size before relaxing)
 .debug_str     0x00000000000531ef      0x5c0 ./Core/Src/LCD_STM32.o
                                      0x5383f (size before relaxing)
 .debug_str     0x00000000000537af      0x4c7 ./Core/Src/Timer.o
                                      0x53a87 (size before relaxing)
 .debug_str     0x0000000000053c76       0x1d ./Core/Src/main.o
                                      0x53718 (size before relaxing)
 .debug_str     0x0000000000053c93       0x99 ./Core/Src/system_stm32f4xx.o
                                      0x4f20a (size before relaxing)
 .debug_str     0x0000000000053d2c       0x2f ./Startup/startup_stm32f401xe.o
                                         0x5f (size before relaxing)

.comment        0x0000000000000000       0x53
 .comment       0x0000000000000000       0x53 ./Core/Src/Clock_Config.o
                                         0x54 (size before relaxing)
 .comment       0x0000000000000053       0x54 ./Core/Src/GPIO.o
 .comment       0x0000000000000053       0x54 ./Core/Src/LCD_STM32.o
 .comment       0x0000000000000053       0x54 ./Core/Src/Timer.o
 .comment       0x0000000000000053       0x54 ./Core/Src/main.o
 .comment       0x0000000000000053       0x54 ./Core/Src/system_stm32f4xx.o

.debug_frame    0x0000000000000000      0x838
 .debug_frame   0x0000000000000000       0x50 ./Core/Src/Clock_Config.o
 .debug_frame   0x0000000000000050       0xb4 ./Core/Src/GPIO.o
 .debug_frame   0x0000000000000104      0x170 ./Core/Src/LCD_STM32.o
 .debug_frame   0x0000000000000274      0x118 ./Core/Src/Timer.o
 .debug_frame   0x000000000000038c       0x30 ./Core/Src/main.o
 .debug_frame   0x00000000000003bc       0x58 ./Core/Src/system_stm32f4xx.o
 .debug_frame   0x0000000000000414       0x2c e:/stm_cube_ide/stm32cubeide_1.5.1/stm32cubeide/plugins/com.st.stm32cube.ide.mcu.externaltools.gnu-tools-for-stm32.9-2020-q2-update.win32_2.0.0.202105311346/tools/bin/../lib/gcc/arm-none-eabi/9.3.1/../../../../arm-none-eabi/lib/thumb/v7e-m+fp/hard\libc_nano.a(lib_a-init.o)
 .debug_frame   0x0000000000000440       0x6c e:/stm_cube_ide/stm32cubeide_1.5.1/stm32cubeide/plugins/com.st.stm32cube.ide.mcu.externaltools.gnu-tools-for-stm32.9-2020-q2-update.win32_2.0.0.202105311346/tools/bin/../lib/gcc/arm-none-eabi/9.3.1/../../../../arm-none-eabi/lib/thumb/v7e-m+fp/hard\libc_nano.a(lib_a-sprintf.o)
 .debug_frame   0x00000000000004ac       0x90 e:/stm_cube_ide/stm32cubeide_1.5.1/stm32cubeide/plugins/com.st.stm32cube.ide.mcu.externaltools.gnu-tools-for-stm32.9-2020-q2-update.win32_2.0.0.202105311346/tools/bin/../lib/gcc/arm-none-eabi/9.3.1/../../../../arm-none-eabi/lib/thumb/v7e-m+fp/hard\libc_nano.a(lib_a-nano-svfprintf.o)
 .debug_frame   0x000000000000053c       0x60 e:/stm_cube_ide/stm32cubeide_1.5.1/stm32cubeide/plugins/com.st.stm32cube.ide.mcu.externaltools.gnu-tools-for-stm32.9-2020-q2-update.win32_2.0.0.202105311346/tools/bin/../lib/gcc/arm-none-eabi/9.3.1/../../../../arm-none-eabi/lib/thumb/v7e-m+fp/hard\libc_nano.a(lib_a-nano-vfprintf_i.o)
 .debug_frame   0x000000000000059c       0x28 e:/stm_cube_ide/stm32cubeide_1.5.1/stm32cubeide/plugins/com.st.stm32cube.ide.mcu.externaltools.gnu-tools-for-stm32.9-2020-q2-update.win32_2.0.0.202105311346/tools/bin/../lib/gcc/arm-none-eabi/9.3.1/../../../../arm-none-eabi/lib/thumb/v7e-m+fp/hard\libc_nano.a(lib_a-memcpy-stub.o)
 .debug_frame   0x00000000000005c4       0x28 e:/stm_cube_ide/stm32cubeide_1.5.1/stm32cubeide/plugins/com.st.stm32cube.ide.mcu.externaltools.gnu-tools-for-stm32.9-2020-q2-update.win32_2.0.0.202105311346/tools/bin/../lib/gcc/arm-none-eabi/9.3.1/../../../../arm-none-eabi/lib/thumb/v7e-m+fp/hard\libc_nano.a(lib_a-memmove.o)
 .debug_frame   0x00000000000005ec       0x38 e:/stm_cube_ide/stm32cubeide_1.5.1/stm32cubeide/plugins/com.st.stm32cube.ide.mcu.externaltools.gnu-tools-for-stm32.9-2020-q2-update.win32_2.0.0.202105311346/tools/bin/../lib/gcc/arm-none-eabi/9.3.1/../../../../arm-none-eabi/lib/thumb/v7e-m+fp/hard\libc_nano.a(lib_a-nano-freer.o)
 .debug_frame   0x0000000000000624       0x30 e:/stm_cube_ide/stm32cubeide_1.5.1/stm32cubeide/plugins/com.st.stm32cube.ide.mcu.externaltools.gnu-tools-for-stm32.9-2020-q2-update.win32_2.0.0.202105311346/tools/bin/../lib/gcc/arm-none-eabi/9.3.1/../../../../arm-none-eabi/lib/thumb/v7e-m+fp/hard\libc_nano.a(lib_a-nano-mallocr.o)
 .debug_frame   0x0000000000000654       0x3c e:/stm_cube_ide/stm32cubeide_1.5.1/stm32cubeide/plugins/com.st.stm32cube.ide.mcu.externaltools.gnu-tools-for-stm32.9-2020-q2-update.win32_2.0.0.202105311346/tools/bin/../lib/gcc/arm-none-eabi/9.3.1/../../../../arm-none-eabi/lib/thumb/v7e-m+fp/hard\libc_nano.a(lib_a-nano-reallocr.o)
 .debug_frame   0x0000000000000690       0x2c e:/stm_cube_ide/stm32cubeide_1.5.1/stm32cubeide/plugins/com.st.stm32cube.ide.mcu.externaltools.gnu-tools-for-stm32.9-2020-q2-update.win32_2.0.0.202105311346/tools/bin/../lib/gcc/arm-none-eabi/9.3.1/../../../../arm-none-eabi/lib/thumb/v7e-m+fp/hard\libc_nano.a(lib_a-sbrkr.o)
 .debug_frame   0x00000000000006bc       0x30 e:/stm_cube_ide/stm32cubeide_1.5.1/stm32cubeide/plugins/com.st.stm32cube.ide.mcu.externaltools.gnu-tools-for-stm32.9-2020-q2-update.win32_2.0.0.202105311346/tools/bin/../lib/gcc/arm-none-eabi/9.3.1/../../../../arm-none-eabi/lib/thumb/v7e-m+fp/hard\libc_nano.a(lib_a-mlock.o)
 .debug_frame   0x00000000000006ec       0x20 e:/stm_cube_ide/stm32cubeide_1.5.1/stm32cubeide/plugins/com.st.stm32cube.ide.mcu.externaltools.gnu-tools-for-stm32.9-2020-q2-update.win32_2.0.0.202105311346/tools/bin/../lib/gcc/arm-none-eabi/9.3.1/../../../../arm-none-eabi/lib/thumb/v7e-m+fp/hard\libc_nano.a(lib_a-nano-msizer.o)
 .debug_frame   0x000000000000070c       0x5c e:/stm_cube_ide/stm32cubeide_1.5.1/stm32cubeide/plugins/com.st.stm32cube.ide.mcu.externaltools.gnu-tools-for-stm32.9-2020-q2-update.win32_2.0.0.202105311346/tools/bin/../lib/gcc/arm-none-eabi/9.3.1/../../../../arm-none-eabi/lib/thumb/v7e-m+fp/hard\libc_nano.a(lib_a-reent.o)
 .debug_frame   0x0000000000000768       0xb0 e:/stm_cube_ide/stm32cubeide_1.5.1/stm32cubeide/plugins/com.st.stm32cube.ide.mcu.externaltools.gnu-tools-for-stm32.9-2020-q2-update.win32_2.0.0.202105311346/tools/bin/../lib/gcc/arm-none-eabi/9.3.1/../../../../arm-none-eabi/lib/thumb/v7e-m+fp/hard\libc_nano.a(lib_a-lock.o)
 .debug_frame   0x0000000000000818       0x20 e:/stm_cube_ide/stm32cubeide_1.5.1/stm32cubeide/plugins/com.st.stm32cube.ide.mcu.externaltools.gnu-tools-for-stm32.9-2020-q2-update.win32_2.0.0.202105311346/tools/bin/../lib/gcc/arm-none-eabi/9.3.1/../../../../arm-none-eabi/lib/thumb/v7e-m+fp/hard\libnosys.a(sbrk.o)
