Archive member included to satisfy reference by file (symbol)

e:/stm_cube_ide/stm32cubeide_1.5.1/stm32cubeide/plugins/com.st.stm32cube.ide.mcu.externaltools.gnu-tools-for-stm32.9-2020-q2-update.win32_2.0.0.202105311346/tools/bin/../lib/gcc/arm-none-eabi/9.3.1/../../../../arm-none-eabi/lib/thumb/v7e-m+fp/hard\libc_nano.a(lib_a-exit.o)
                              e:/stm_cube_ide/stm32cubeide_1.5.1/stm32cubeide/plugins/com.st.stm32cube.ide.mcu.externaltools.gnu-tools-for-stm32.9-2020-q2-update.win32_2.0.0.202105311346/tools/bin/../lib/gcc/arm-none-eabi/9.3.1/../../../../arm-none-eabi/lib/thumb/v7e-m+fp/hard/crt0.o (exit)
e:/stm_cube_ide/stm32cubeide_1.5.1/stm32cubeide/plugins/com.st.stm32cube.ide.mcu.externaltools.gnu-tools-for-stm32.9-2020-q2-update.win32_2.0.0.202105311346/tools/bin/../lib/gcc/arm-none-eabi/9.3.1/../../../../arm-none-eabi/lib/thumb/v7e-m+fp/hard\libc_nano.a(lib_a-impure.o)
                              e:/stm_cube_ide/stm32cubeide_1.5.1/stm32cubeide/plugins/com.st.stm32cube.ide.mcu.externaltools.gnu-tools-for-stm32.9-2020-q2-update.win32_2.0.0.202105311346/tools/bin/../lib/gcc/arm-none-eabi/9.3.1/../../../../arm-none-eabi/lib/thumb/v7e-m+fp/hard\libc_nano.a(lib_a-exit.o) (_global_impure_ptr)
e:/stm_cube_ide/stm32cubeide_1.5.1/stm32cubeide/plugins/com.st.stm32cube.ide.mcu.externaltools.gnu-tools-for-stm32.9-2020-q2-update.win32_2.0.0.202105311346/tools/bin/../lib/gcc/arm-none-eabi/9.3.1/../../../../arm-none-eabi/lib/thumb/v7e-m+fp/hard\libc_nano.a(lib_a-init.o)
                              e:/stm_cube_ide/stm32cubeide_1.5.1/stm32cubeide/plugins/com.st.stm32cube.ide.mcu.externaltools.gnu-tools-for-stm32.9-2020-q2-update.win32_2.0.0.202105311346/tools/bin/../lib/gcc/arm-none-eabi/9.3.1/../../../../arm-none-eabi/lib/thumb/v7e-m+fp/hard/crt0.o (__libc_init_array)
e:/stm_cube_ide/stm32cubeide_1.5.1/stm32cubeide/plugins/com.st.stm32cube.ide.mcu.externaltools.gnu-tools-for-stm32.9-2020-q2-update.win32_2.0.0.202105311346/tools/bin/../lib/gcc/arm-none-eabi/9.3.1/../../../../arm-none-eabi/lib/thumb/v7e-m+fp/hard\libc_nano.a(lib_a-memset.o)
                              e:/stm_cube_ide/stm32cubeide_1.5.1/stm32cubeide/plugins/com.st.stm32cube.ide.mcu.externaltools.gnu-tools-for-stm32.9-2020-q2-update.win32_2.0.0.202105311346/tools/bin/../lib/gcc/arm-none-eabi/9.3.1/../../../../arm-none-eabi/lib/thumb/v7e-m+fp/hard/crt0.o (memset)
e:/stm_cube_ide/stm32cubeide_1.5.1/stm32cubeide/plugins/com.st.stm32cube.ide.mcu.externaltools.gnu-tools-for-stm32.9-2020-q2-update.win32_2.0.0.202105311346/tools/bin/../lib/gcc/arm-none-eabi/9.3.1/../../../../arm-none-eabi/lib/thumb/v7e-m+fp/hard\libnosys.a(_exit.o)
                              e:/stm_cube_ide/stm32cubeide_1.5.1/stm32cubeide/plugins/com.st.stm32cube.ide.mcu.externaltools.gnu-tools-for-stm32.9-2020-q2-update.win32_2.0.0.202105311346/tools/bin/../lib/gcc/arm-none-eabi/9.3.1/../../../../arm-none-eabi/lib/thumb/v7e-m+fp/hard\libc_nano.a(lib_a-exit.o) (_exit)

Discarded input sections

 .text          0x0000000000000000        0x0 e:/stm_cube_ide/stm32cubeide_1.5.1/stm32cubeide/plugins/com.st.stm32cube.ide.mcu.externaltools.gnu-tools-for-stm32.9-2020-q2-update.win32_2.0.0.202105311346/tools/bin/../lib/gcc/arm-none-eabi/9.3.1/thumb/v7e-m+fp/hard/crti.o
 .data          0x0000000000000000        0x0 e:/stm_cube_ide/stm32cubeide_1.5.1/stm32cubeide/plugins/com.st.stm32cube.ide.mcu.externaltools.gnu-tools-for-stm32.9-2020-q2-update.win32_2.0.0.202105311346/tools/bin/../lib/gcc/arm-none-eabi/9.3.1/thumb/v7e-m+fp/hard/crti.o
 .bss           0x0000000000000000        0x0 e:/stm_cube_ide/stm32cubeide_1.5.1/stm32cubeide/plugins/com.st.stm32cube.ide.mcu.externaltools.gnu-tools-for-stm32.9-2020-q2-update.win32_2.0.0.202105311346/tools/bin/../lib/gcc/arm-none-eabi/9.3.1/thumb/v7e-m+fp/hard/crti.o
 .data          0x0000000000000000        0x4 e:/stm_cube_ide/stm32cubeide_1.5.1/stm32cubeide/plugins/com.st.stm32cube.ide.mcu.externaltools.gnu-tools-for-stm32.9-2020-q2-update.win32_2.0.0.202105311346/tools/bin/../lib/gcc/arm-none-eabi/9.3.1/thumb/v7e-m+fp/hard/crtbegin.o
 .text          0x0000000000000000       0x7c e:/stm_cube_ide/stm32cubeide_1.5.1/stm32cubeide/plugins/com.st.stm32cube.ide.mcu.externaltools.gnu-tools-for-stm32.9-2020-q2-update.win32_2.0.0.202105311346/tools/bin/../lib/gcc/arm-none-eabi/9.3.1/../../../../arm-none-eabi/lib/thumb/v7e-m+fp/hard/crt0.o
 .data          0x0000000000000000        0x0 e:/stm_cube_ide/stm32cubeide_1.5.1/stm32cubeide/plugins/com.st.stm32cube.ide.mcu.externaltools.gnu-tools-for-stm32.9-2020-q2-update.win32_2.0.0.202105311346/tools/bin/../lib/gcc/arm-none-eabi/9.3.1/../../../../arm-none-eabi/lib/thumb/v7e-m+fp/hard/crt0.o
 .bss           0x0000000000000000        0x0 e:/stm_cube_ide/stm32cubeide_1.5.1/stm32cubeide/plugins/com.st.stm32cube.ide.mcu.externaltools.gnu-tools-for-stm32.9-2020-q2-update.win32_2.0.0.202105311346/tools/bin/../lib/gcc/arm-none-eabi/9.3.1/../../../../arm-none-eabi/lib/thumb/v7e-m+fp/hard/crt0.o
 .ARM.extab     0x0000000000000000        0x0 e:/stm_cube_ide/stm32cubeide_1.5.1/stm32cubeide/plugins/com.st.stm32cube.ide.mcu.externaltools.gnu-tools-for-stm32.9-2020-q2-update.win32_2.0.0.202105311346/tools/bin/../lib/gcc/arm-none-eabi/9.3.1/../../../../arm-none-eabi/lib/thumb/v7e-m+fp/hard/crt0.o
 .ARM.exidx     0x0000000000000000       0x10 e:/stm_cube_ide/stm32cubeide_1.5.1/stm32cubeide/plugins/com.st.stm32cube.ide.mcu.externaltools.gnu-tools-for-stm32.9-2020-q2-update.win32_2.0.0.202105311346/tools/bin/../lib/gcc/arm-none-eabi/9.3.1/../../../../arm-none-eabi/lib/thumb/v7e-m+fp/hard/crt0.o
 .ARM.attributes
                0x0000000000000000       0x1c e:/stm_cube_ide/stm32cubeide_1.5.1/stm32cubeide/plugins/com.st.stm32cube.ide.mcu.externaltools.gnu-tools-for-stm32.9-2020-q2-update.win32_2.0.0.202105311346/tools/bin/../lib/gcc/arm-none-eabi/9.3.1/../../../../arm-none-eabi/lib/thumb/v7e-m+fp/hard/crt0.o
 .group         0x0000000000000000        0xc ./Core/Src/Clock_Config.o
 .group         0x0000000000000000        0xc ./Core/Src/Clock_Config.o
 .group         0x0000000000000000        0xc ./Core/Src/Clock_Config.o
 .group         0x0000000000000000        0xc ./Core/Src/Clock_Config.o
 .group         0x0000000000000000        0xc ./Core/Src/Clock_Config.o
 .group         0x0000000000000000        0xc ./Core/Src/Clock_Config.o
 .group         0x0000000000000000        0xc ./Core/Src/Clock_Config.o
 .group         0x0000000000000000        0xc ./Core/Src/Clock_Config.o
 .group         0x0000000000000000        0xc ./Core/Src/Clock_Config.o
 .group         0x0000000000000000        0xc ./Core/Src/Clock_Config.o
 .group         0x0000000000000000        0xc ./Core/Src/Clock_Config.o
 .group         0x0000000000000000        0xc ./Core/Src/Clock_Config.o
 .group         0x0000000000000000        0xc ./Core/Src/Clock_Config.o
 .group         0x0000000000000000        0xc ./Core/Src/Clock_Config.o
 .group         0x0000000000000000        0xc ./Core/Src/Clock_Config.o
 .text          0x0000000000000000        0x0 ./Core/Src/Clock_Config.o
 .data          0x0000000000000000        0x0 ./Core/Src/Clock_Config.o
 .bss           0x0000000000000000        0x0 ./Core/Src/Clock_Config.o
 .group         0x0000000000000000        0xc ./Core/Src/GPIO.o
 .group         0x0000000000000000        0xc ./Core/Src/GPIO.o
 .group         0x0000000000000000        0xc ./Core/Src/GPIO.o
 .group         0x0000000000000000        0xc ./Core/Src/GPIO.o
 .group         0x0000000000000000        0xc ./Core/Src/GPIO.o
 .group         0x0000000000000000        0xc ./Core/Src/GPIO.o
 .group         0x0000000000000000        0xc ./Core/Src/GPIO.o
 .group         0x0000000000000000        0xc ./Core/Src/GPIO.o
 .group         0x0000000000000000        0xc ./Core/Src/GPIO.o
 .group         0x0000000000000000        0xc ./Core/Src/GPIO.o
 .group         0x0000000000000000        0xc ./Core/Src/GPIO.o
 .group         0x0000000000000000        0xc ./Core/Src/GPIO.o
 .group         0x0000000000000000        0xc ./Core/Src/GPIO.o
 .group         0x0000000000000000        0xc ./Core/Src/GPIO.o
 .group         0x0000000000000000        0xc ./Core/Src/GPIO.o
 .group         0x0000000000000000        0xc ./Core/Src/GPIO.o
 .group         0x0000000000000000        0xc ./Core/Src/GPIO.o
 .group         0x0000000000000000        0xc ./Core/Src/GPIO.o
 .group         0x0000000000000000        0xc ./Core/Src/GPIO.o
 .group         0x0000000000000000        0xc ./Core/Src/GPIO.o
 .group         0x0000000000000000        0xc ./Core/Src/GPIO.o
 .group         0x0000000000000000        0xc ./Core/Src/GPIO.o
 .group         0x0000000000000000        0xc ./Core/Src/GPIO.o
 .group         0x0000000000000000        0xc ./Core/Src/GPIO.o
 .group         0x0000000000000000        0xc ./Core/Src/GPIO.o
 .group         0x0000000000000000        0xc ./Core/Src/GPIO.o
 .group         0x0000000000000000        0xc ./Core/Src/GPIO.o
 .group         0x0000000000000000        0xc ./Core/Src/GPIO.o
 .group         0x0000000000000000        0xc ./Core/Src/GPIO.o
 .group         0x0000000000000000        0xc ./Core/Src/GPIO.o
 .group         0x0000000000000000        0xc ./Core/Src/GPIO.o
 .group         0x0000000000000000        0xc ./Core/Src/GPIO.o
 .group         0x0000000000000000        0xc ./Core/Src/GPIO.o
 .group         0x0000000000000000        0xc ./Core/Src/GPIO.o
 .group         0x0000000000000000        0xc ./Core/Src/GPIO.o
 .group         0x0000000000000000        0xc ./Core/Src/GPIO.o
 .group         0x0000000000000000        0xc ./Core/Src/GPIO.o
 .group         0x0000000000000000        0xc ./Core/Src/GPIO.o
 .group         0x0000000000000000        0xc ./Core/Src/GPIO.o
 .group         0x0000000000000000        0xc ./Core/Src/GPIO.o
 .group         0x0000000000000000        0xc ./Core/Src/GPIO.o
 .group         0x0000000000000000        0xc ./Core/Src/GPIO.o
 .group         0x0000000000000000        0xc ./Core/Src/GPIO.o
 .group         0x0000000000000000        0xc ./Core/Src/GPIO.o
 .text          0x0000000000000000        0x0 ./Core/Src/GPIO.o
 .data          0x0000000000000000        0x0 ./Core/Src/GPIO.o
 .bss           0x0000000000000000        0x0 ./Core/Src/GPIO.o
 .debug_macro   0x0000000000000000      0xaa2 ./Core/Src/GPIO.o
 .debug_macro   0x0000000000000000       0x28 ./Core/Src/GPIO.o
 .debug_macro   0x0000000000000000       0x22 ./Core/Src/GPIO.o
 .debug_macro   0x0000000000000000       0x8e ./Core/Src/GPIO.o
 .debug_macro   0x0000000000000000       0x51 ./Core/Src/GPIO.o
 .debug_macro   0x0000000000000000      0x103 ./Core/Src/GPIO.o
 .debug_macro   0x0000000000000000       0x6a ./Core/Src/GPIO.o
 .debug_macro   0x0000000000000000      0x1df ./Core/Src/GPIO.o
 .debug_macro   0x0000000000000000       0x1c ./Core/Src/GPIO.o
 .debug_macro   0x0000000000000000       0x22 ./Core/Src/GPIO.o
 .debug_macro   0x0000000000000000       0xdf ./Core/Src/GPIO.o
 .debug_macro   0x0000000000000000     0x102d ./Core/Src/GPIO.o
 .debug_macro   0x0000000000000000      0x11f ./Core/Src/GPIO.o
 .debug_macro   0x0000000000000000     0xb850 ./Core/Src/GPIO.o
 .group         0x0000000000000000        0xc ./Core/Src/main.o
 .group         0x0000000000000000        0xc ./Core/Src/main.o
 .group         0x0000000000000000        0xc ./Core/Src/main.o
 .group         0x0000000000000000        0xc ./Core/Src/main.o
 .group         0x0000000000000000        0xc ./Core/Src/main.o
 .group         0x0000000000000000        0xc ./Core/Src/main.o
 .group         0x0000000000000000        0xc ./Core/Src/main.o
 .group         0x0000000000000000        0xc ./Core/Src/main.o
 .group         0x0000000000000000        0xc ./Core/Src/main.o
 .group         0x0000000000000000        0xc ./Core/Src/main.o
 .group         0x0000000000000000        0xc ./Core/Src/main.o
 .group         0x0000000000000000        0xc ./Core/Src/main.o
 .group         0x0000000000000000        0xc ./Core/Src/main.o
 .group         0x0000000000000000        0xc ./Core/Src/main.o
 .group         0x0000000000000000        0xc ./Core/Src/main.o
 .group         0x0000000000000000        0xc ./Core/Src/main.o
 .group         0x0000000000000000        0xc ./Core/Src/main.o
 .group         0x0000000000000000        0xc ./Core/Src/main.o
 .group         0x0000000000000000        0xc ./Core/Src/main.o
 .group         0x0000000000000000        0xc ./Core/Src/main.o
 .group         0x0000000000000000        0xc ./Core/Src/main.o
 .group         0x0000000000000000        0xc ./Core/Src/main.o
 .group         0x0000000000000000        0xc ./Core/Src/main.o
 .group         0x0000000000000000        0xc ./Core/Src/main.o
 .group         0x0000000000000000        0xc ./Core/Src/main.o
 .group         0x0000000000000000        0xc ./Core/Src/main.o
 .group         0x0000000000000000        0xc ./Core/Src/main.o
 .group         0x0000000000000000        0xc ./Core/Src/main.o
 .group         0x0000000000000000        0xc ./Core/Src/main.o
 .group         0x0000000000000000        0xc ./Core/Src/main.o
 .group         0x0000000000000000        0xc ./Core/Src/main.o
 .group         0x0000000000000000        0xc ./Core/Src/main.o
 .group         0x0000000000000000        0xc ./Core/Src/main.o
 .group         0x0000000000000000        0xc ./Core/Src/main.o
 .group         0x0000000000000000        0xc ./Core/Src/main.o
 .group         0x0000000000000000        0xc ./Core/Src/main.o
 .group         0x0000000000000000        0xc ./Core/Src/main.o
 .group         0x0000000000000000        0xc ./Core/Src/main.o
 .group         0x0000000000000000        0xc ./Core/Src/main.o
 .group         0x0000000000000000        0xc ./Core/Src/main.o
 .group         0x0000000000000000        0xc ./Core/Src/main.o
 .group         0x0000000000000000        0xc ./Core/Src/main.o
 .group         0x0000000000000000        0xc ./Core/Src/main.o
 .group         0x0000000000000000        0xc ./Core/Src/main.o
 .group         0x0000000000000000        0xc ./Core/Src/main.o
 .group         0x0000000000000000        0xc ./Core/Src/main.o
 .group         0x0000000000000000        0xc ./Core/Src/main.o
 .text          0x0000000000000000        0x0 ./Core/Src/main.o
 .data          0x0000000000000000        0x0 ./Core/Src/main.o
 .bss           0x0000000000000000        0x0 ./Core/Src/main.o
 .debug_macro   0x0000000000000000      0xaa2 ./Core/Src/main.o
 .debug_macro   0x0000000000000000       0x28 ./Core/Src/main.o
 .debug_macro   0x0000000000000000       0x22 ./Core/Src/main.o
 .debug_macro   0x0000000000000000       0x8e ./Core/Src/main.o
 .debug_macro   0x0000000000000000       0x51 ./Core/Src/main.o
 .debug_macro   0x0000000000000000      0x103 ./Core/Src/main.o
 .debug_macro   0x0000000000000000       0x6a ./Core/Src/main.o
 .debug_macro   0x0000000000000000      0x1df ./Core/Src/main.o
 .debug_macro   0x0000000000000000       0x1c ./Core/Src/main.o
 .debug_macro   0x0000000000000000       0x22 ./Core/Src/main.o
 .debug_macro   0x0000000000000000       0xdf ./Core/Src/main.o
 .debug_macro   0x0000000000000000     0x102d ./Core/Src/main.o
 .debug_macro   0x0000000000000000      0x11f ./Core/Src/main.o
 .debug_macro   0x0000000000000000     0xb850 ./Core/Src/main.o
 .debug_macro   0x0000000000000000       0x52 ./Core/Src/main.o
 .debug_macro   0x0000000000000000       0x18 ./Core/Src/main.o
 .debug_macro   0x0000000000000000       0x3c ./Core/Src/main.o
 .debug_macro   0x0000000000000000       0x34 ./Core/Src/main.o
 .debug_macro   0x0000000000000000       0x16 ./Core/Src/main.o
 .debug_macro   0x0000000000000000       0x97 ./Core/Src/main.o
 .debug_macro   0x0000000000000000      0x333 ./Core/Src/main.o
 .debug_macro   0x0000000000000000       0xfd ./Core/Src/main.o
 .debug_macro   0x0000000000000000       0x10 ./Core/Src/main.o
 .debug_macro   0x0000000000000000       0x16 ./Core/Src/main.o
 .debug_macro   0x0000000000000000       0x43 ./Core/Src/main.o
 .debug_macro   0x0000000000000000       0x34 ./Core/Src/main.o
 .debug_macro   0x0000000000000000       0x10 ./Core/Src/main.o
 .debug_macro   0x0000000000000000       0x58 ./Core/Src/main.o
 .debug_macro   0x0000000000000000       0x71 ./Core/Src/main.o
 .debug_macro   0x0000000000000000       0x1c ./Core/Src/main.o
 .debug_macro   0x0000000000000000      0x12a ./Core/Src/main.o
 .debug_macro   0x0000000000000000       0x10 ./Core/Src/main.o
 .debug_macro   0x0000000000000000       0x1c ./Core/Src/main.o
 .debug_macro   0x0000000000000000       0x52 ./Core/Src/main.o
 .debug_macro   0x0000000000000000       0x22 ./Core/Src/main.o
 .debug_macro   0x0000000000000000       0x10 ./Core/Src/main.o
 .debug_macro   0x0000000000000000       0x40 ./Core/Src/main.o
 .debug_macro   0x0000000000000000       0xd5 ./Core/Src/main.o
 .debug_macro   0x0000000000000000       0x1c ./Core/Src/main.o
 .debug_macro   0x0000000000000000       0x3d ./Core/Src/main.o
 .debug_macro   0x0000000000000000       0x16 ./Core/Src/main.o
 .debug_macro   0x0000000000000000      0x145 ./Core/Src/main.o
 .debug_macro   0x0000000000000000       0x22 ./Core/Src/main.o
 .group         0x0000000000000000        0xc ./Core/Src/system_stm32f4xx.o
 .group         0x0000000000000000        0xc ./Core/Src/system_stm32f4xx.o
 .group         0x0000000000000000        0xc ./Core/Src/system_stm32f4xx.o
 .group         0x0000000000000000        0xc ./Core/Src/system_stm32f4xx.o
 .group         0x0000000000000000        0xc ./Core/Src/system_stm32f4xx.o
 .group         0x0000000000000000        0xc ./Core/Src/system_stm32f4xx.o
 .group         0x0000000000000000        0xc ./Core/Src/system_stm32f4xx.o
 .group         0x0000000000000000        0xc ./Core/Src/system_stm32f4xx.o
 .group         0x0000000000000000        0xc ./Core/Src/system_stm32f4xx.o
 .group         0x0000000000000000        0xc ./Core/Src/system_stm32f4xx.o
 .group         0x0000000000000000        0xc ./Core/Src/system_stm32f4xx.o
 .group         0x0000000000000000        0xc ./Core/Src/system_stm32f4xx.o
 .group         0x0000000000000000        0xc ./Core/Src/system_stm32f4xx.o
 .group         0x0000000000000000        0xc ./Core/Src/system_stm32f4xx.o
 .group         0x0000000000000000        0xc ./Core/Src/system_stm32f4xx.o
 .group         0x0000000000000000        0xc ./Core/Src/system_stm32f4xx.o
 .text          0x0000000000000000        0x0 ./Core/Src/system_stm32f4xx.o
 .data          0x0000000000000000        0x0 ./Core/Src/system_stm32f4xx.o
 .bss           0x0000000000000000        0x0 ./Core/Src/system_stm32f4xx.o
 .data.SystemCoreClock
                0x0000000000000000        0x4 ./Core/Src/system_stm32f4xx.o
 .rodata.AHBPrescTable
                0x0000000000000000       0x10 ./Core/Src/system_stm32f4xx.o
 .rodata.APBPrescTable
                0x0000000000000000        0x8 ./Core/Src/system_stm32f4xx.o
 .text.SystemCoreClockUpdate
                0x0000000000000000      0x100 ./Core/Src/system_stm32f4xx.o
 .debug_macro   0x0000000000000000      0xaa2 ./Core/Src/system_stm32f4xx.o
 .debug_macro   0x0000000000000000       0x2e ./Core/Src/system_stm32f4xx.o
 .debug_macro   0x0000000000000000       0x28 ./Core/Src/system_stm32f4xx.o
 .debug_macro   0x0000000000000000       0x22 ./Core/Src/system_stm32f4xx.o
 .debug_macro   0x0000000000000000       0x8e ./Core/Src/system_stm32f4xx.o
 .debug_macro   0x0000000000000000       0x51 ./Core/Src/system_stm32f4xx.o
 .debug_macro   0x0000000000000000      0x103 ./Core/Src/system_stm32f4xx.o
 .debug_macro   0x0000000000000000       0x6a ./Core/Src/system_stm32f4xx.o
 .debug_macro   0x0000000000000000      0x1df ./Core/Src/system_stm32f4xx.o
 .debug_macro   0x0000000000000000       0x1c ./Core/Src/system_stm32f4xx.o
 .debug_macro   0x0000000000000000       0x22 ./Core/Src/system_stm32f4xx.o
 .debug_macro   0x0000000000000000       0xdf ./Core/Src/system_stm32f4xx.o
 .debug_macro   0x0000000000000000     0x102d ./Core/Src/system_stm32f4xx.o
 .debug_macro   0x0000000000000000      0x11f ./Core/Src/system_stm32f4xx.o
 .debug_macro   0x0000000000000000     0xb850 ./Core/Src/system_stm32f4xx.o
 .debug_macro   0x0000000000000000       0x43 ./Core/Src/system_stm32f4xx.o
 .text          0x0000000000000000       0x14 ./Startup/startup_stm32f401xe.o
 .data          0x0000000000000000        0x0 ./Startup/startup_stm32f401xe.o
 .bss           0x0000000000000000        0x0 ./Startup/startup_stm32f401xe.o
 .text          0x0000000000000000        0x0 e:/stm_cube_ide/stm32cubeide_1.5.1/stm32cubeide/plugins/com.st.stm32cube.ide.mcu.externaltools.gnu-tools-for-stm32.9-2020-q2-update.win32_2.0.0.202105311346/tools/bin/../lib/gcc/arm-none-eabi/9.3.1/../../../../arm-none-eabi/lib/thumb/v7e-m+fp/hard\libc_nano.a(lib_a-exit.o)
 .data          0x0000000000000000        0x0 e:/stm_cube_ide/stm32cubeide_1.5.1/stm32cubeide/plugins/com.st.stm32cube.ide.mcu.externaltools.gnu-tools-for-stm32.9-2020-q2-update.win32_2.0.0.202105311346/tools/bin/../lib/gcc/arm-none-eabi/9.3.1/../../../../arm-none-eabi/lib/thumb/v7e-m+fp/hard\libc_nano.a(lib_a-exit.o)
 .bss           0x0000000000000000        0x0 e:/stm_cube_ide/stm32cubeide_1.5.1/stm32cubeide/plugins/com.st.stm32cube.ide.mcu.externaltools.gnu-tools-for-stm32.9-2020-q2-update.win32_2.0.0.202105311346/tools/bin/../lib/gcc/arm-none-eabi/9.3.1/../../../../arm-none-eabi/lib/thumb/v7e-m+fp/hard\libc_nano.a(lib_a-exit.o)
 .text.exit     0x0000000000000000       0x28 e:/stm_cube_ide/stm32cubeide_1.5.1/stm32cubeide/plugins/com.st.stm32cube.ide.mcu.externaltools.gnu-tools-for-stm32.9-2020-q2-update.win32_2.0.0.202105311346/tools/bin/../lib/gcc/arm-none-eabi/9.3.1/../../../../arm-none-eabi/lib/thumb/v7e-m+fp/hard\libc_nano.a(lib_a-exit.o)
 .debug_frame   0x0000000000000000       0x28 e:/stm_cube_ide/stm32cubeide_1.5.1/stm32cubeide/plugins/com.st.stm32cube.ide.mcu.externaltools.gnu-tools-for-stm32.9-2020-q2-update.win32_2.0.0.202105311346/tools/bin/../lib/gcc/arm-none-eabi/9.3.1/../../../../arm-none-eabi/lib/thumb/v7e-m+fp/hard\libc_nano.a(lib_a-exit.o)
 .ARM.attributes
                0x0000000000000000       0x34 e:/stm_cube_ide/stm32cubeide_1.5.1/stm32cubeide/plugins/com.st.stm32cube.ide.mcu.externaltools.gnu-tools-for-stm32.9-2020-q2-update.win32_2.0.0.202105311346/tools/bin/../lib/gcc/arm-none-eabi/9.3.1/../../../../arm-none-eabi/lib/thumb/v7e-m+fp/hard\libc_nano.a(lib_a-exit.o)
 .text          0x0000000000000000        0x0 e:/stm_cube_ide/stm32cubeide_1.5.1/stm32cubeide/plugins/com.st.stm32cube.ide.mcu.externaltools.gnu-tools-for-stm32.9-2020-q2-update.win32_2.0.0.202105311346/tools/bin/../lib/gcc/arm-none-eabi/9.3.1/../../../../arm-none-eabi/lib/thumb/v7e-m+fp/hard\libc_nano.a(lib_a-impure.o)
 .data          0x0000000000000000        0x0 e:/stm_cube_ide/stm32cubeide_1.5.1/stm32cubeide/plugins/com.st.stm32cube.ide.mcu.externaltools.gnu-tools-for-stm32.9-2020-q2-update.win32_2.0.0.202105311346/tools/bin/../lib/gcc/arm-none-eabi/9.3.1/../../../../arm-none-eabi/lib/thumb/v7e-m+fp/hard\libc_nano.a(lib_a-impure.o)
 .bss           0x0000000000000000        0x0 e:/stm_cube_ide/stm32cubeide_1.5.1/stm32cubeide/plugins/com.st.stm32cube.ide.mcu.externaltools.gnu-tools-for-stm32.9-2020-q2-update.win32_2.0.0.202105311346/tools/bin/../lib/gcc/arm-none-eabi/9.3.1/../../../../arm-none-eabi/lib/thumb/v7e-m+fp/hard\libc_nano.a(lib_a-impure.o)
 .data._impure_ptr
                0x0000000000000000        0x4 e:/stm_cube_ide/stm32cubeide_1.5.1/stm32cubeide/plugins/com.st.stm32cube.ide.mcu.externaltools.gnu-tools-for-stm32.9-2020-q2-update.win32_2.0.0.202105311346/tools/bin/../lib/gcc/arm-none-eabi/9.3.1/../../../../arm-none-eabi/lib/thumb/v7e-m+fp/hard\libc_nano.a(lib_a-impure.o)
 .data.impure_data
                0x0000000000000000       0x60 e:/stm_cube_ide/stm32cubeide_1.5.1/stm32cubeide/plugins/com.st.stm32cube.ide.mcu.externaltools.gnu-tools-for-stm32.9-2020-q2-update.win32_2.0.0.202105311346/tools/bin/../lib/gcc/arm-none-eabi/9.3.1/../../../../arm-none-eabi/lib/thumb/v7e-m+fp/hard\libc_nano.a(lib_a-impure.o)
 .rodata._global_impure_ptr
                0x0000000000000000        0x4 e:/stm_cube_ide/stm32cubeide_1.5.1/stm32cubeide/plugins/com.st.stm32cube.ide.mcu.externaltools.gnu-tools-for-stm32.9-2020-q2-update.win32_2.0.0.202105311346/tools/bin/../lib/gcc/arm-none-eabi/9.3.1/../../../../arm-none-eabi/lib/thumb/v7e-m+fp/hard\libc_nano.a(lib_a-impure.o)
 .ARM.attributes
                0x0000000000000000       0x32 e:/stm_cube_ide/stm32cubeide_1.5.1/stm32cubeide/plugins/com.st.stm32cube.ide.mcu.externaltools.gnu-tools-for-stm32.9-2020-q2-update.win32_2.0.0.202105311346/tools/bin/../lib/gcc/arm-none-eabi/9.3.1/../../../../arm-none-eabi/lib/thumb/v7e-m+fp/hard\libc_nano.a(lib_a-impure.o)
 .text          0x0000000000000000        0x0 e:/stm_cube_ide/stm32cubeide_1.5.1/stm32cubeide/plugins/com.st.stm32cube.ide.mcu.externaltools.gnu-tools-for-stm32.9-2020-q2-update.win32_2.0.0.202105311346/tools/bin/../lib/gcc/arm-none-eabi/9.3.1/../../../../arm-none-eabi/lib/thumb/v7e-m+fp/hard\libc_nano.a(lib_a-init.o)
 .data          0x0000000000000000        0x0 e:/stm_cube_ide/stm32cubeide_1.5.1/stm32cubeide/plugins/com.st.stm32cube.ide.mcu.externaltools.gnu-tools-for-stm32.9-2020-q2-update.win32_2.0.0.202105311346/tools/bin/../lib/gcc/arm-none-eabi/9.3.1/../../../../arm-none-eabi/lib/thumb/v7e-m+fp/hard\libc_nano.a(lib_a-init.o)
 .bss           0x0000000000000000        0x0 e:/stm_cube_ide/stm32cubeide_1.5.1/stm32cubeide/plugins/com.st.stm32cube.ide.mcu.externaltools.gnu-tools-for-stm32.9-2020-q2-update.win32_2.0.0.202105311346/tools/bin/../lib/gcc/arm-none-eabi/9.3.1/../../../../arm-none-eabi/lib/thumb/v7e-m+fp/hard\libc_nano.a(lib_a-init.o)
 .text          0x0000000000000000        0x0 e:/stm_cube_ide/stm32cubeide_1.5.1/stm32cubeide/plugins/com.st.stm32cube.ide.mcu.externaltools.gnu-tools-for-stm32.9-2020-q2-update.win32_2.0.0.202105311346/tools/bin/../lib/gcc/arm-none-eabi/9.3.1/../../../../arm-none-eabi/lib/thumb/v7e-m+fp/hard\libc_nano.a(lib_a-memset.o)
 .data          0x0000000000000000        0x0 e:/stm_cube_ide/stm32cubeide_1.5.1/stm32cubeide/plugins/com.st.stm32cube.ide.mcu.externaltools.gnu-tools-for-stm32.9-2020-q2-update.win32_2.0.0.202105311346/tools/bin/../lib/gcc/arm-none-eabi/9.3.1/../../../../arm-none-eabi/lib/thumb/v7e-m+fp/hard\libc_nano.a(lib_a-memset.o)
 .bss           0x0000000000000000        0x0 e:/stm_cube_ide/stm32cubeide_1.5.1/stm32cubeide/plugins/com.st.stm32cube.ide.mcu.externaltools.gnu-tools-for-stm32.9-2020-q2-update.win32_2.0.0.202105311346/tools/bin/../lib/gcc/arm-none-eabi/9.3.1/../../../../arm-none-eabi/lib/thumb/v7e-m+fp/hard\libc_nano.a(lib_a-memset.o)
 .text.memset   0x0000000000000000       0x10 e:/stm_cube_ide/stm32cubeide_1.5.1/stm32cubeide/plugins/com.st.stm32cube.ide.mcu.externaltools.gnu-tools-for-stm32.9-2020-q2-update.win32_2.0.0.202105311346/tools/bin/../lib/gcc/arm-none-eabi/9.3.1/../../../../arm-none-eabi/lib/thumb/v7e-m+fp/hard\libc_nano.a(lib_a-memset.o)
 .debug_frame   0x0000000000000000       0x20 e:/stm_cube_ide/stm32cubeide_1.5.1/stm32cubeide/plugins/com.st.stm32cube.ide.mcu.externaltools.gnu-tools-for-stm32.9-2020-q2-update.win32_2.0.0.202105311346/tools/bin/../lib/gcc/arm-none-eabi/9.3.1/../../../../arm-none-eabi/lib/thumb/v7e-m+fp/hard\libc_nano.a(lib_a-memset.o)
 .ARM.attributes
                0x0000000000000000       0x34 e:/stm_cube_ide/stm32cubeide_1.5.1/stm32cubeide/plugins/com.st.stm32cube.ide.mcu.externaltools.gnu-tools-for-stm32.9-2020-q2-update.win32_2.0.0.202105311346/tools/bin/../lib/gcc/arm-none-eabi/9.3.1/../../../../arm-none-eabi/lib/thumb/v7e-m+fp/hard\libc_nano.a(lib_a-memset.o)
 .text          0x0000000000000000        0x0 e:/stm_cube_ide/stm32cubeide_1.5.1/stm32cubeide/plugins/com.st.stm32cube.ide.mcu.externaltools.gnu-tools-for-stm32.9-2020-q2-update.win32_2.0.0.202105311346/tools/bin/../lib/gcc/arm-none-eabi/9.3.1/../../../../arm-none-eabi/lib/thumb/v7e-m+fp/hard\libnosys.a(_exit.o)
 .data          0x0000000000000000        0x0 e:/stm_cube_ide/stm32cubeide_1.5.1/stm32cubeide/plugins/com.st.stm32cube.ide.mcu.externaltools.gnu-tools-for-stm32.9-2020-q2-update.win32_2.0.0.202105311346/tools/bin/../lib/gcc/arm-none-eabi/9.3.1/../../../../arm-none-eabi/lib/thumb/v7e-m+fp/hard\libnosys.a(_exit.o)
 .bss           0x0000000000000000        0x0 e:/stm_cube_ide/stm32cubeide_1.5.1/stm32cubeide/plugins/com.st.stm32cube.ide.mcu.externaltools.gnu-tools-for-stm32.9-2020-q2-update.win32_2.0.0.202105311346/tools/bin/../lib/gcc/arm-none-eabi/9.3.1/../../../../arm-none-eabi/lib/thumb/v7e-m+fp/hard\libnosys.a(_exit.o)
 .text._exit    0x0000000000000000        0x2 e:/stm_cube_ide/stm32cubeide_1.5.1/stm32cubeide/plugins/com.st.stm32cube.ide.mcu.externaltools.gnu-tools-for-stm32.9-2020-q2-update.win32_2.0.0.202105311346/tools/bin/../lib/gcc/arm-none-eabi/9.3.1/../../../../arm-none-eabi/lib/thumb/v7e-m+fp/hard\libnosys.a(_exit.o)
 .debug_frame   0x0000000000000000       0x20 e:/stm_cube_ide/stm32cubeide_1.5.1/stm32cubeide/plugins/com.st.stm32cube.ide.mcu.externaltools.gnu-tools-for-stm32.9-2020-q2-update.win32_2.0.0.202105311346/tools/bin/../lib/gcc/arm-none-eabi/9.3.1/../../../../arm-none-eabi/lib/thumb/v7e-m+fp/hard\libnosys.a(_exit.o)
 .ARM.attributes
                0x0000000000000000       0x34 e:/stm_cube_ide/stm32cubeide_1.5.1/stm32cubeide/plugins/com.st.stm32cube.ide.mcu.externaltools.gnu-tools-for-stm32.9-2020-q2-update.win32_2.0.0.202105311346/tools/bin/../lib/gcc/arm-none-eabi/9.3.1/../../../../arm-none-eabi/lib/thumb/v7e-m+fp/hard\libnosys.a(_exit.o)
 .text          0x0000000000000000        0x0 e:/stm_cube_ide/stm32cubeide_1.5.1/stm32cubeide/plugins/com.st.stm32cube.ide.mcu.externaltools.gnu-tools-for-stm32.9-2020-q2-update.win32_2.0.0.202105311346/tools/bin/../lib/gcc/arm-none-eabi/9.3.1/thumb/v7e-m+fp/hard/crtend.o
 .data          0x0000000000000000        0x0 e:/stm_cube_ide/stm32cubeide_1.5.1/stm32cubeide/plugins/com.st.stm32cube.ide.mcu.externaltools.gnu-tools-for-stm32.9-2020-q2-update.win32_2.0.0.202105311346/tools/bin/../lib/gcc/arm-none-eabi/9.3.1/thumb/v7e-m+fp/hard/crtend.o
 .bss           0x0000000000000000        0x0 e:/stm_cube_ide/stm32cubeide_1.5.1/stm32cubeide/plugins/com.st.stm32cube.ide.mcu.externaltools.gnu-tools-for-stm32.9-2020-q2-update.win32_2.0.0.202105311346/tools/bin/../lib/gcc/arm-none-eabi/9.3.1/thumb/v7e-m+fp/hard/crtend.o
 .eh_frame      0x0000000000000000        0x4 e:/stm_cube_ide/stm32cubeide_1.5.1/stm32cubeide/plugins/com.st.stm32cube.ide.mcu.externaltools.gnu-tools-for-stm32.9-2020-q2-update.win32_2.0.0.202105311346/tools/bin/../lib/gcc/arm-none-eabi/9.3.1/thumb/v7e-m+fp/hard/crtend.o
 .ARM.attributes
                0x0000000000000000       0x32 e:/stm_cube_ide/stm32cubeide_1.5.1/stm32cubeide/plugins/com.st.stm32cube.ide.mcu.externaltools.gnu-tools-for-stm32.9-2020-q2-update.win32_2.0.0.202105311346/tools/bin/../lib/gcc/arm-none-eabi/9.3.1/thumb/v7e-m+fp/hard/crtend.o
 .text          0x0000000000000000        0x0 e:/stm_cube_ide/stm32cubeide_1.5.1/stm32cubeide/plugins/com.st.stm32cube.ide.mcu.externaltools.gnu-tools-for-stm32.9-2020-q2-update.win32_2.0.0.202105311346/tools/bin/../lib/gcc/arm-none-eabi/9.3.1/thumb/v7e-m+fp/hard/crtn.o
 .data          0x0000000000000000        0x0 e:/stm_cube_ide/stm32cubeide_1.5.1/stm32cubeide/plugins/com.st.stm32cube.ide.mcu.externaltools.gnu-tools-for-stm32.9-2020-q2-update.win32_2.0.0.202105311346/tools/bin/../lib/gcc/arm-none-eabi/9.3.1/thumb/v7e-m+fp/hard/crtn.o
 .bss           0x0000000000000000        0x0 e:/stm_cube_ide/stm32cubeide_1.5.1/stm32cubeide/plugins/com.st.stm32cube.ide.mcu.externaltools.gnu-tools-for-stm32.9-2020-q2-update.win32_2.0.0.202105311346/tools/bin/../lib/gcc/arm-none-eabi/9.3.1/thumb/v7e-m+fp/hard/crtn.o

Memory Configuration

Name             Origin             Length             Attributes
RAM              0x0000000020000000 0x0000000000018000 xrw
FLASH            0x0000000008000000 0x0000000000080000 xr
*default*        0x0000000000000000 0xffffffffffffffff

Linker script and memory map

LOAD e:/stm_cube_ide/stm32cubeide_1.5.1/stm32cubeide/plugins/com.st.stm32cube.ide.mcu.externaltools.gnu-tools-for-stm32.9-2020-q2-update.win32_2.0.0.202105311346/tools/bin/../lib/gcc/arm-none-eabi/9.3.1/thumb/v7e-m+fp/hard/crti.o
LOAD e:/stm_cube_ide/stm32cubeide_1.5.1/stm32cubeide/plugins/com.st.stm32cube.ide.mcu.externaltools.gnu-tools-for-stm32.9-2020-q2-update.win32_2.0.0.202105311346/tools/bin/../lib/gcc/arm-none-eabi/9.3.1/thumb/v7e-m+fp/hard/crtbegin.o
LOAD e:/stm_cube_ide/stm32cubeide_1.5.1/stm32cubeide/plugins/com.st.stm32cube.ide.mcu.externaltools.gnu-tools-for-stm32.9-2020-q2-update.win32_2.0.0.202105311346/tools/bin/../lib/gcc/arm-none-eabi/9.3.1/../../../../arm-none-eabi/lib/thumb/v7e-m+fp/hard/crt0.o
LOAD ./Core/Src/Clock_Config.o
LOAD ./Core/Src/GPIO.o
LOAD ./Core/Src/main.o
LOAD ./Core/Src/system_stm32f4xx.o
LOAD ./Startup/startup_stm32f401xe.o
START GROUP
LOAD e:/stm_cube_ide/stm32cubeide_1.5.1/stm32cubeide/plugins/com.st.stm32cube.ide.mcu.externaltools.gnu-tools-for-stm32.9-2020-q2-update.win32_2.0.0.202105311346/tools/bin/../lib/gcc/arm-none-eabi/9.3.1/../../../../arm-none-eabi/lib/thumb/v7e-m+fp/hard\libc_nano.a
LOAD e:/stm_cube_ide/stm32cubeide_1.5.1/stm32cubeide/plugins/com.st.stm32cube.ide.mcu.externaltools.gnu-tools-for-stm32.9-2020-q2-update.win32_2.0.0.202105311346/tools/bin/../lib/gcc/arm-none-eabi/9.3.1/../../../../arm-none-eabi/lib/thumb/v7e-m+fp/hard\libm.a
END GROUP
START GROUP
LOAD e:/stm_cube_ide/stm32cubeide_1.5.1/stm32cubeide/plugins/com.st.stm32cube.ide.mcu.externaltools.gnu-tools-for-stm32.9-2020-q2-update.win32_2.0.0.202105311346/tools/bin/../lib/gcc/arm-none-eabi/9.3.1/thumb/v7e-m+fp/hard\libgcc.a
LOAD e:/stm_cube_ide/stm32cubeide_1.5.1/stm32cubeide/plugins/com.st.stm32cube.ide.mcu.externaltools.gnu-tools-for-stm32.9-2020-q2-update.win32_2.0.0.202105311346/tools/bin/../lib/gcc/arm-none-eabi/9.3.1/../../../../arm-none-eabi/lib/thumb/v7e-m+fp/hard\libc_nano.a
END GROUP
START GROUP
LOAD e:/stm_cube_ide/stm32cubeide_1.5.1/stm32cubeide/plugins/com.st.stm32cube.ide.mcu.externaltools.gnu-tools-for-stm32.9-2020-q2-update.win32_2.0.0.202105311346/tools/bin/../lib/gcc/arm-none-eabi/9.3.1/thumb/v7e-m+fp/hard\libgcc.a
LOAD e:/stm_cube_ide/stm32cubeide_1.5.1/stm32cubeide/plugins/com.st.stm32cube.ide.mcu.externaltools.gnu-tools-for-stm32.9-2020-q2-update.win32_2.0.0.202105311346/tools/bin/../lib/gcc/arm-none-eabi/9.3.1/../../../../arm-none-eabi/lib/thumb/v7e-m+fp/hard\libc_nano.a
LOAD e:/stm_cube_ide/stm32cubeide_1.5.1/stm32cubeide/plugins/com.st.stm32cube.ide.mcu.externaltools.gnu-tools-for-stm32.9-2020-q2-update.win32_2.0.0.202105311346/tools/bin/../lib/gcc/arm-none-eabi/9.3.1/../../../../arm-none-eabi/lib/thumb/v7e-m+fp/hard\libnosys.a
END GROUP
START GROUP
LOAD e:/stm_cube_ide/stm32cubeide_1.5.1/stm32cubeide/plugins/com.st.stm32cube.ide.mcu.externaltools.gnu-tools-for-stm32.9-2020-q2-update.win32_2.0.0.202105311346/tools/bin/../lib/gcc/arm-none-eabi/9.3.1/thumb/v7e-m+fp/hard\libgcc.a
LOAD e:/stm_cube_ide/stm32cubeide_1.5.1/stm32cubeide/plugins/com.st.stm32cube.ide.mcu.externaltools.gnu-tools-for-stm32.9-2020-q2-update.win32_2.0.0.202105311346/tools/bin/../lib/gcc/arm-none-eabi/9.3.1/../../../../arm-none-eabi/lib/thumb/v7e-m+fp/hard\libc_nano.a
LOAD e:/stm_cube_ide/stm32cubeide_1.5.1/stm32cubeide/plugins/com.st.stm32cube.ide.mcu.externaltools.gnu-tools-for-stm32.9-2020-q2-update.win32_2.0.0.202105311346/tools/bin/../lib/gcc/arm-none-eabi/9.3.1/../../../../arm-none-eabi/lib/thumb/v7e-m+fp/hard\libnosys.a
END GROUP
LOAD e:/stm_cube_ide/stm32cubeide_1.5.1/stm32cubeide/plugins/com.st.stm32cube.ide.mcu.externaltools.gnu-tools-for-stm32.9-2020-q2-update.win32_2.0.0.202105311346/tools/bin/../lib/gcc/arm-none-eabi/9.3.1/thumb/v7e-m+fp/hard/crtend.o
LOAD e:/stm_cube_ide/stm32cubeide_1.5.1/stm32cubeide/plugins/com.st.stm32cube.ide.mcu.externaltools.gnu-tools-for-stm32.9-2020-q2-update.win32_2.0.0.202105311346/tools/bin/../lib/gcc/arm-none-eabi/9.3.1/thumb/v7e-m+fp/hard/crtn.o
                0x0000000020018000                _estack = (ORIGIN (RAM) + LENGTH (RAM))
                0x0000000000000200                _Min_Heap_Size = 0x200
                0x0000000000000400                _Min_Stack_Size = 0x400

.isr_vector     0x0000000008000000      0x194
                0x0000000008000000                . = ALIGN (0x4)
 *(.isr_vector)
 .isr_vector    0x0000000008000000      0x194 ./Startup/startup_stm32f401xe.o
                0x0000000008000000                g_pfnVectors
                0x0000000008000194                . = ALIGN (0x4)

.text           0x0000000008000194      0x5fc
                0x0000000008000194                . = ALIGN (0x4)
 *(.text)
 .text          0x0000000008000194       0x40 e:/stm_cube_ide/stm32cubeide_1.5.1/stm32cubeide/plugins/com.st.stm32cube.ide.mcu.externaltools.gnu-tools-for-stm32.9-2020-q2-update.win32_2.0.0.202105311346/tools/bin/../lib/gcc/arm-none-eabi/9.3.1/thumb/v7e-m+fp/hard/crtbegin.o
 *(.text*)
 .text.Init_Clock
                0x00000000080001d4      0x104 ./Core/Src/Clock_Config.o
                0x00000000080001d4                Init_Clock
 .text.GPIO_Init
                0x00000000080002d8      0x194 ./Core/Src/GPIO.o
                0x00000000080002d8                GPIO_Init
 .text.Read_GPIO
                0x000000000800046c       0x70 ./Core/Src/GPIO.o
                0x000000000800046c                Read_GPIO
 .text.Write_GPIO
                0x00000000080004dc       0xf4 ./Core/Src/GPIO.o
                0x00000000080004dc                Write_GPIO
 .text.Toggle_GPIO
                0x00000000080005d0       0x80 ./Core/Src/GPIO.o
                0x00000000080005d0                Toggle_GPIO
 .text.main     0x0000000008000650       0x68 ./Core/Src/main.o
                0x0000000008000650                main
 .text.SystemInit
                0x00000000080006b8       0x24 ./Core/Src/system_stm32f4xx.o
                0x00000000080006b8                SystemInit
 .text.Reset_Handler
                0x00000000080006dc       0x50 ./Startup/startup_stm32f401xe.o
                0x00000000080006dc                Reset_Handler
 .text.Default_Handler
                0x000000000800072c        0x2 ./Startup/startup_stm32f401xe.o
                0x000000000800072c                RTC_Alarm_IRQHandler
                0x000000000800072c                EXTI2_IRQHandler
                0x000000000800072c                DebugMon_Handler
                0x000000000800072c                SPI4_IRQHandler
                0x000000000800072c                TIM1_CC_IRQHandler
                0x000000000800072c                DMA2_Stream5_IRQHandler
                0x000000000800072c                HardFault_Handler
                0x000000000800072c                DMA1_Stream5_IRQHandler
                0x000000000800072c                SysTick_Handler
                0x000000000800072c                PVD_IRQHandler
                0x000000000800072c                SDIO_IRQHandler
                0x000000000800072c                TAMP_STAMP_IRQHandler
                0x000000000800072c                PendSV_Handler
                0x000000000800072c                NMI_Handler
                0x000000000800072c                EXTI3_IRQHandler
                0x000000000800072c                TIM1_UP_TIM10_IRQHandler
                0x000000000800072c                I2C3_ER_IRQHandler
                0x000000000800072c                EXTI0_IRQHandler
                0x000000000800072c                I2C2_EV_IRQHandler
                0x000000000800072c                DMA1_Stream2_IRQHandler
                0x000000000800072c                FPU_IRQHandler
                0x000000000800072c                UsageFault_Handler
                0x000000000800072c                DMA2_Stream2_IRQHandler
                0x000000000800072c                SPI1_IRQHandler
                0x000000000800072c                TIM1_BRK_TIM9_IRQHandler
                0x000000000800072c                DMA2_Stream3_IRQHandler
                0x000000000800072c                USART6_IRQHandler
                0x000000000800072c                DMA2_Stream0_IRQHandler
                0x000000000800072c                TIM4_IRQHandler
                0x000000000800072c                I2C1_EV_IRQHandler
                0x000000000800072c                DMA1_Stream6_IRQHandler
                0x000000000800072c                DMA1_Stream1_IRQHandler
                0x000000000800072c                TIM3_IRQHandler
                0x000000000800072c                RCC_IRQHandler
                0x000000000800072c                Default_Handler
                0x000000000800072c                EXTI15_10_IRQHandler
                0x000000000800072c                ADC_IRQHandler
                0x000000000800072c                DMA1_Stream7_IRQHandler
                0x000000000800072c                TIM5_IRQHandler
                0x000000000800072c                DMA2_Stream7_IRQHandler
                0x000000000800072c                I2C3_EV_IRQHandler
                0x000000000800072c                EXTI9_5_IRQHandler
                0x000000000800072c                RTC_WKUP_IRQHandler
                0x000000000800072c                SPI2_IRQHandler
                0x000000000800072c                MemManage_Handler
                0x000000000800072c                DMA1_Stream0_IRQHandler
                0x000000000800072c                SVC_Handler
                0x000000000800072c                EXTI4_IRQHandler
                0x000000000800072c                WWDG_IRQHandler
                0x000000000800072c                TIM2_IRQHandler
                0x000000000800072c                OTG_FS_WKUP_IRQHandler
                0x000000000800072c                TIM1_TRG_COM_TIM11_IRQHandler
                0x000000000800072c                EXTI1_IRQHandler
                0x000000000800072c                USART2_IRQHandler
                0x000000000800072c                I2C2_ER_IRQHandler
                0x000000000800072c                DMA2_Stream1_IRQHandler
                0x000000000800072c                FLASH_IRQHandler
                0x000000000800072c                DMA2_Stream4_IRQHandler
                0x000000000800072c                BusFault_Handler
                0x000000000800072c                USART1_IRQHandler
                0x000000000800072c                OTG_FS_IRQHandler
                0x000000000800072c                SPI3_IRQHandler
                0x000000000800072c                DMA1_Stream4_IRQHandler
                0x000000000800072c                I2C1_ER_IRQHandler
                0x000000000800072c                DMA2_Stream6_IRQHandler
                0x000000000800072c                DMA1_Stream3_IRQHandler
 *fill*         0x000000000800072e        0x2 
 .text.__libc_init_array
                0x0000000008000730       0x48 e:/stm_cube_ide/stm32cubeide_1.5.1/stm32cubeide/plugins/com.st.stm32cube.ide.mcu.externaltools.gnu-tools-for-stm32.9-2020-q2-update.win32_2.0.0.202105311346/tools/bin/../lib/gcc/arm-none-eabi/9.3.1/../../../../arm-none-eabi/lib/thumb/v7e-m+fp/hard\libc_nano.a(lib_a-init.o)
                0x0000000008000730                __libc_init_array
 *(.glue_7)
 .glue_7        0x0000000008000778        0x0 linker stubs
 *(.glue_7t)
 .glue_7t       0x0000000008000778        0x0 linker stubs
 *(.eh_frame)
 .eh_frame      0x0000000008000778        0x0 e:/stm_cube_ide/stm32cubeide_1.5.1/stm32cubeide/plugins/com.st.stm32cube.ide.mcu.externaltools.gnu-tools-for-stm32.9-2020-q2-update.win32_2.0.0.202105311346/tools/bin/../lib/gcc/arm-none-eabi/9.3.1/thumb/v7e-m+fp/hard/crtbegin.o
 *(.init)
 .init          0x0000000008000778        0x4 e:/stm_cube_ide/stm32cubeide_1.5.1/stm32cubeide/plugins/com.st.stm32cube.ide.mcu.externaltools.gnu-tools-for-stm32.9-2020-q2-update.win32_2.0.0.202105311346/tools/bin/../lib/gcc/arm-none-eabi/9.3.1/thumb/v7e-m+fp/hard/crti.o
                0x0000000008000778                _init
 .init          0x000000000800077c        0x8 e:/stm_cube_ide/stm32cubeide_1.5.1/stm32cubeide/plugins/com.st.stm32cube.ide.mcu.externaltools.gnu-tools-for-stm32.9-2020-q2-update.win32_2.0.0.202105311346/tools/bin/../lib/gcc/arm-none-eabi/9.3.1/thumb/v7e-m+fp/hard/crtn.o
 *(.fini)
 .fini          0x0000000008000784        0x4 e:/stm_cube_ide/stm32cubeide_1.5.1/stm32cubeide/plugins/com.st.stm32cube.ide.mcu.externaltools.gnu-tools-for-stm32.9-2020-q2-update.win32_2.0.0.202105311346/tools/bin/../lib/gcc/arm-none-eabi/9.3.1/thumb/v7e-m+fp/hard/crti.o
                0x0000000008000784                _fini
 .fini          0x0000000008000788        0x8 e:/stm_cube_ide/stm32cubeide_1.5.1/stm32cubeide/plugins/com.st.stm32cube.ide.mcu.externaltools.gnu-tools-for-stm32.9-2020-q2-update.win32_2.0.0.202105311346/tools/bin/../lib/gcc/arm-none-eabi/9.3.1/thumb/v7e-m+fp/hard/crtn.o
                0x0000000008000790                . = ALIGN (0x4)
                0x0000000008000790                _etext = .

.vfp11_veneer   0x0000000008000790        0x0
 .vfp11_veneer  0x0000000008000790        0x0 linker stubs

.v4_bx          0x0000000008000790        0x0
 .v4_bx         0x0000000008000790        0x0 linker stubs

.iplt           0x0000000008000790        0x0
 .iplt          0x0000000008000790        0x0 e:/stm_cube_ide/stm32cubeide_1.5.1/stm32cubeide/plugins/com.st.stm32cube.ide.mcu.externaltools.gnu-tools-for-stm32.9-2020-q2-update.win32_2.0.0.202105311346/tools/bin/../lib/gcc/arm-none-eabi/9.3.1/thumb/v7e-m+fp/hard/crtbegin.o

.rel.dyn        0x0000000008000790        0x0
 .rel.iplt      0x0000000008000790        0x0 e:/stm_cube_ide/stm32cubeide_1.5.1/stm32cubeide/plugins/com.st.stm32cube.ide.mcu.externaltools.gnu-tools-for-stm32.9-2020-q2-update.win32_2.0.0.202105311346/tools/bin/../lib/gcc/arm-none-eabi/9.3.1/thumb/v7e-m+fp/hard/crtbegin.o

.rodata         0x0000000008000790        0x0
                0x0000000008000790                . = ALIGN (0x4)
 *(.rodata)
 *(.rodata*)
                0x0000000008000790                . = ALIGN (0x4)

.ARM.extab      0x0000000008000790        0x0
                0x0000000008000790                . = ALIGN (0x4)
 *(.ARM.extab* .gnu.linkonce.armextab.*)
                0x0000000008000790                . = ALIGN (0x4)

.ARM            0x0000000008000790        0x0
                0x0000000008000790                . = ALIGN (0x4)
                0x0000000008000790                __exidx_start = .
 *(.ARM.exidx*)
                0x0000000008000790                __exidx_end = .
                0x0000000008000790                . = ALIGN (0x4)

.preinit_array  0x0000000008000790        0x0
                0x0000000008000790                . = ALIGN (0x4)
                0x0000000008000790                PROVIDE (__preinit_array_start = .)
 *(.preinit_array*)
                0x0000000008000790                PROVIDE (__preinit_array_end = .)
                0x0000000008000790                . = ALIGN (0x4)

.init_array     0x0000000008000790        0x4
                0x0000000008000790                . = ALIGN (0x4)
                0x0000000008000790                PROVIDE (__init_array_start = .)
 *(SORT_BY_NAME(.init_array.*))
 *(.init_array*)
 .init_array    0x0000000008000790        0x4 e:/stm_cube_ide/stm32cubeide_1.5.1/stm32cubeide/plugins/com.st.stm32cube.ide.mcu.externaltools.gnu-tools-for-stm32.9-2020-q2-update.win32_2.0.0.202105311346/tools/bin/../lib/gcc/arm-none-eabi/9.3.1/thumb/v7e-m+fp/hard/crtbegin.o
                0x0000000008000794                PROVIDE (__init_array_end = .)
                0x0000000008000794                . = ALIGN (0x4)

.fini_array     0x0000000008000794        0x4
                0x0000000008000794                . = ALIGN (0x4)
                [!provide]                        PROVIDE (__fini_array_start = .)
 *(SORT_BY_NAME(.fini_array.*))
 *(.fini_array*)
 .fini_array    0x0000000008000794        0x4 e:/stm_cube_ide/stm32cubeide_1.5.1/stm32cubeide/plugins/com.st.stm32cube.ide.mcu.externaltools.gnu-tools-for-stm32.9-2020-q2-update.win32_2.0.0.202105311346/tools/bin/../lib/gcc/arm-none-eabi/9.3.1/thumb/v7e-m+fp/hard/crtbegin.o
                [!provide]                        PROVIDE (__fini_array_end = .)
                0x0000000008000798                . = ALIGN (0x4)
                0x0000000008000798                _sidata = LOADADDR (.data)

.data           0x0000000020000000        0x0 load address 0x0000000008000798
                0x0000000020000000                . = ALIGN (0x4)
                0x0000000020000000                _sdata = .
 *(.data)
 *(.data*)
 *(.RamFunc)
 *(.RamFunc*)
                0x0000000020000000                . = ALIGN (0x4)
                0x0000000020000000                _edata = .

.igot.plt       0x0000000020000000        0x0 load address 0x0000000008000798
 .igot.plt      0x0000000020000000        0x0 e:/stm_cube_ide/stm32cubeide_1.5.1/stm32cubeide/plugins/com.st.stm32cube.ide.mcu.externaltools.gnu-tools-for-stm32.9-2020-q2-update.win32_2.0.0.202105311346/tools/bin/../lib/gcc/arm-none-eabi/9.3.1/thumb/v7e-m+fp/hard/crtbegin.o
                0x0000000020000000                . = ALIGN (0x4)

.bss            0x0000000020000000       0x1c load address 0x0000000008000798
                0x0000000020000000                _sbss = .
                0x0000000020000000                __bss_start__ = _sbss
 *(.bss)
 .bss           0x0000000020000000       0x1c e:/stm_cube_ide/stm32cubeide_1.5.1/stm32cubeide/plugins/com.st.stm32cube.ide.mcu.externaltools.gnu-tools-for-stm32.9-2020-q2-update.win32_2.0.0.202105311346/tools/bin/../lib/gcc/arm-none-eabi/9.3.1/thumb/v7e-m+fp/hard/crtbegin.o
 *(.bss*)
 *(COMMON)
                0x000000002000001c                . = ALIGN (0x4)
                0x000000002000001c                _ebss = .
                0x000000002000001c                __bss_end__ = _ebss

._user_heap_stack
                0x000000002000001c      0x604 load address 0x0000000008000798
                0x0000000020000020                . = ALIGN (0x8)
 *fill*         0x000000002000001c        0x4 
                [!provide]                        PROVIDE (end = .)
                [!provide]                        PROVIDE (_end = .)
                0x0000000020000220                . = (. + _Min_Heap_Size)
 *fill*         0x0000000020000020      0x200 
                0x0000000020000620                . = (. + _Min_Stack_Size)
 *fill*         0x0000000020000220      0x400 
                0x0000000020000620                . = ALIGN (0x8)

/DISCARD/
 libc.a(*)
 libm.a(*)
 libgcc.a(*)

.ARM.attributes
                0x0000000000000000       0x30
 *(.ARM.attributes)
 .ARM.attributes
                0x0000000000000000       0x1e e:/stm_cube_ide/stm32cubeide_1.5.1/stm32cubeide/plugins/com.st.stm32cube.ide.mcu.externaltools.gnu-tools-for-stm32.9-2020-q2-update.win32_2.0.0.202105311346/tools/bin/../lib/gcc/arm-none-eabi/9.3.1/thumb/v7e-m+fp/hard/crti.o
 .ARM.attributes
                0x000000000000001e       0x34 e:/stm_cube_ide/stm32cubeide_1.5.1/stm32cubeide/plugins/com.st.stm32cube.ide.mcu.externaltools.gnu-tools-for-stm32.9-2020-q2-update.win32_2.0.0.202105311346/tools/bin/../lib/gcc/arm-none-eabi/9.3.1/thumb/v7e-m+fp/hard/crtbegin.o
 .ARM.attributes
                0x0000000000000052       0x34 ./Core/Src/Clock_Config.o
 .ARM.attributes
                0x0000000000000086       0x34 ./Core/Src/GPIO.o
 .ARM.attributes
                0x00000000000000ba       0x34 ./Core/Src/main.o
 .ARM.attributes
                0x00000000000000ee       0x34 ./Core/Src/system_stm32f4xx.o
 .ARM.attributes
                0x0000000000000122       0x21 ./Startup/startup_stm32f401xe.o
 .ARM.attributes
                0x0000000000000143       0x34 e:/stm_cube_ide/stm32cubeide_1.5.1/stm32cubeide/plugins/com.st.stm32cube.ide.mcu.externaltools.gnu-tools-for-stm32.9-2020-q2-update.win32_2.0.0.202105311346/tools/bin/../lib/gcc/arm-none-eabi/9.3.1/../../../../arm-none-eabi/lib/thumb/v7e-m+fp/hard\libc_nano.a(lib_a-init.o)
 .ARM.attributes
                0x0000000000000177       0x1e e:/stm_cube_ide/stm32cubeide_1.5.1/stm32cubeide/plugins/com.st.stm32cube.ide.mcu.externaltools.gnu-tools-for-stm32.9-2020-q2-update.win32_2.0.0.202105311346/tools/bin/../lib/gcc/arm-none-eabi/9.3.1/thumb/v7e-m+fp/hard/crtn.o
OUTPUT(Projecto3_GPIO_Library.elf elf32-littlearm)
LOAD linker stubs
LOAD e:/stm_cube_ide/stm32cubeide_1.5.1/stm32cubeide/plugins/com.st.stm32cube.ide.mcu.externaltools.gnu-tools-for-stm32.9-2020-q2-update.win32_2.0.0.202105311346/tools/bin/../lib/gcc/arm-none-eabi/9.3.1/../../../../arm-none-eabi/lib/thumb/v7e-m+fp/hard\libc.a
LOAD e:/stm_cube_ide/stm32cubeide_1.5.1/stm32cubeide/plugins/com.st.stm32cube.ide.mcu.externaltools.gnu-tools-for-stm32.9-2020-q2-update.win32_2.0.0.202105311346/tools/bin/../lib/gcc/arm-none-eabi/9.3.1/../../../../arm-none-eabi/lib/thumb/v7e-m+fp/hard\libm.a
LOAD e:/stm_cube_ide/stm32cubeide_1.5.1/stm32cubeide/plugins/com.st.stm32cube.ide.mcu.externaltools.gnu-tools-for-stm32.9-2020-q2-update.win32_2.0.0.202105311346/tools/bin/../lib/gcc/arm-none-eabi/9.3.1/thumb/v7e-m+fp/hard\libgcc.a

.debug_info     0x0000000000000000     0x1f62
 .debug_info    0x0000000000000000      0x39e ./Core/Src/Clock_Config.o
 .debug_info    0x000000000000039e      0xbb0 ./Core/Src/GPIO.o
 .debug_info    0x0000000000000f4e      0xa80 ./Core/Src/main.o
 .debug_info    0x00000000000019ce      0x572 ./Core/Src/system_stm32f4xx.o
 .debug_info    0x0000000000001f40       0x22 ./Startup/startup_stm32f401xe.o

.debug_abbrev   0x0000000000000000      0x660
 .debug_abbrev  0x0000000000000000      0x10d ./Core/Src/Clock_Config.o
 .debug_abbrev  0x000000000000010d      0x23c ./Core/Src/GPIO.o
 .debug_abbrev  0x0000000000000349      0x1dc ./Core/Src/main.o
 .debug_abbrev  0x0000000000000525      0x129 ./Core/Src/system_stm32f4xx.o
 .debug_abbrev  0x000000000000064e       0x12 ./Startup/startup_stm32f401xe.o

.debug_aranges  0x0000000000000000       0xc8
 .debug_aranges
                0x0000000000000000       0x20 ./Core/Src/Clock_Config.o
 .debug_aranges
                0x0000000000000020       0x38 ./Core/Src/GPIO.o
 .debug_aranges
                0x0000000000000058       0x20 ./Core/Src/main.o
 .debug_aranges
                0x0000000000000078       0x28 ./Core/Src/system_stm32f4xx.o
 .debug_aranges
                0x00000000000000a0       0x28 ./Startup/startup_stm32f401xe.o

.debug_ranges   0x0000000000000000       0x80
 .debug_ranges  0x0000000000000000       0x10 ./Core/Src/Clock_Config.o
 .debug_ranges  0x0000000000000010       0x28 ./Core/Src/GPIO.o
 .debug_ranges  0x0000000000000038       0x10 ./Core/Src/main.o
 .debug_ranges  0x0000000000000048       0x18 ./Core/Src/system_stm32f4xx.o
 .debug_ranges  0x0000000000000060       0x20 ./Startup/startup_stm32f401xe.o

.debug_macro    0x0000000000000000     0xed1d
 .debug_macro   0x0000000000000000       0xce ./Core/Src/Clock_Config.o
 .debug_macro   0x00000000000000ce      0xaa2 ./Core/Src/Clock_Config.o
 .debug_macro   0x0000000000000b70       0x28 ./Core/Src/Clock_Config.o
 .debug_macro   0x0000000000000b98       0x22 ./Core/Src/Clock_Config.o
 .debug_macro   0x0000000000000bba       0x8e ./Core/Src/Clock_Config.o
 .debug_macro   0x0000000000000c48       0x51 ./Core/Src/Clock_Config.o
 .debug_macro   0x0000000000000c99      0x103 ./Core/Src/Clock_Config.o
 .debug_macro   0x0000000000000d9c       0x6a ./Core/Src/Clock_Config.o
 .debug_macro   0x0000000000000e06      0x1df ./Core/Src/Clock_Config.o
 .debug_macro   0x0000000000000fe5       0x1c ./Core/Src/Clock_Config.o
 .debug_macro   0x0000000000001001       0x22 ./Core/Src/Clock_Config.o
 .debug_macro   0x0000000000001023       0xdf ./Core/Src/Clock_Config.o
 .debug_macro   0x0000000000001102     0x102d ./Core/Src/Clock_Config.o
 .debug_macro   0x000000000000212f      0x11f ./Core/Src/Clock_Config.o
 .debug_macro   0x000000000000224e     0xb850 ./Core/Src/Clock_Config.o
 .debug_macro   0x000000000000da9e       0x16 ./Core/Src/Clock_Config.o
 .debug_macro   0x000000000000dab4      0x23b ./Core/Src/GPIO.o
 .debug_macro   0x000000000000dcef       0x52 ./Core/Src/GPIO.o
 .debug_macro   0x000000000000dd41       0x18 ./Core/Src/GPIO.o
 .debug_macro   0x000000000000dd59       0x3c ./Core/Src/GPIO.o
 .debug_macro   0x000000000000dd95       0x34 ./Core/Src/GPIO.o
 .debug_macro   0x000000000000ddc9       0x16 ./Core/Src/GPIO.o
 .debug_macro   0x000000000000dddf       0x97 ./Core/Src/GPIO.o
 .debug_macro   0x000000000000de76      0x333 ./Core/Src/GPIO.o
 .debug_macro   0x000000000000e1a9       0xfd ./Core/Src/GPIO.o
 .debug_macro   0x000000000000e2a6       0x10 ./Core/Src/GPIO.o
 .debug_macro   0x000000000000e2b6       0x16 ./Core/Src/GPIO.o
 .debug_macro   0x000000000000e2cc       0x43 ./Core/Src/GPIO.o
 .debug_macro   0x000000000000e30f       0x34 ./Core/Src/GPIO.o
 .debug_macro   0x000000000000e343       0x10 ./Core/Src/GPIO.o
 .debug_macro   0x000000000000e353       0x58 ./Core/Src/GPIO.o
 .debug_macro   0x000000000000e3ab       0x71 ./Core/Src/GPIO.o
 .debug_macro   0x000000000000e41c       0x1c ./Core/Src/GPIO.o
 .debug_macro   0x000000000000e438      0x12a ./Core/Src/GPIO.o
 .debug_macro   0x000000000000e562       0x10 ./Core/Src/GPIO.o
 .debug_macro   0x000000000000e572       0x1c ./Core/Src/GPIO.o
 .debug_macro   0x000000000000e58e       0x52 ./Core/Src/GPIO.o
 .debug_macro   0x000000000000e5e0       0x22 ./Core/Src/GPIO.o
 .debug_macro   0x000000000000e602       0x10 ./Core/Src/GPIO.o
 .debug_macro   0x000000000000e612       0x40 ./Core/Src/GPIO.o
 .debug_macro   0x000000000000e652       0xd5 ./Core/Src/GPIO.o
 .debug_macro   0x000000000000e727       0x1c ./Core/Src/GPIO.o
 .debug_macro   0x000000000000e743       0x3d ./Core/Src/GPIO.o
 .debug_macro   0x000000000000e780       0x16 ./Core/Src/GPIO.o
 .debug_macro   0x000000000000e796      0x145 ./Core/Src/GPIO.o
 .debug_macro   0x000000000000e8db       0x22 ./Core/Src/GPIO.o
 .debug_macro   0x000000000000e8fd       0x2e ./Core/Src/GPIO.o
 .debug_macro   0x000000000000e92b      0x257 ./Core/Src/main.o
 .debug_macro   0x000000000000eb82       0x2e ./Core/Src/main.o
 .debug_macro   0x000000000000ebb0       0x43 ./Core/Src/main.o
 .debug_macro   0x000000000000ebf3       0x1c ./Core/Src/main.o
 .debug_macro   0x000000000000ec0f       0x34 ./Core/Src/main.o
 .debug_macro   0x000000000000ec43       0xda ./Core/Src/system_stm32f4xx.o

.debug_line     0x0000000000000000     0x1a92
 .debug_line    0x0000000000000000      0x527 ./Core/Src/Clock_Config.o
 .debug_line    0x0000000000000527      0x894 ./Core/Src/GPIO.o
 .debug_line    0x0000000000000dbb      0x705 ./Core/Src/main.o
 .debug_line    0x00000000000014c0      0x551 ./Core/Src/system_stm32f4xx.o
 .debug_line    0x0000000000001a11       0x81 ./Startup/startup_stm32f401xe.o

.debug_str      0x0000000000000000    0x536af
 .debug_str     0x0000000000000000    0x4ed27 ./Core/Src/Clock_Config.o
                                      0x4eeaa (size before relaxing)
 .debug_str     0x000000000004ed27     0x44be ./Core/Src/GPIO.o
                                      0x532d5 (size before relaxing)
 .debug_str     0x00000000000531e5      0x376 ./Core/Src/main.o
                                      0x535f8 (size before relaxing)
 .debug_str     0x000000000005355b       0xed ./Core/Src/system_stm32f4xx.o
                                      0x4f213 (size before relaxing)
 .debug_str     0x0000000000053648       0x67 ./Startup/startup_stm32f401xe.o

.comment        0x0000000000000000       0x53
 .comment       0x0000000000000000       0x53 ./Core/Src/Clock_Config.o
                                         0x54 (size before relaxing)
 .comment       0x0000000000000053       0x54 ./Core/Src/GPIO.o
 .comment       0x0000000000000053       0x54 ./Core/Src/main.o
 .comment       0x0000000000000053       0x54 ./Core/Src/system_stm32f4xx.o

.debug_frame    0x0000000000000000      0x198
 .debug_frame   0x0000000000000000       0x30 ./Core/Src/Clock_Config.o
 .debug_frame   0x0000000000000030       0xb4 ./Core/Src/GPIO.o
 .debug_frame   0x00000000000000e4       0x30 ./Core/Src/main.o
 .debug_frame   0x0000000000000114       0x58 ./Core/Src/system_stm32f4xx.o
 .debug_frame   0x000000000000016c       0x2c e:/stm_cube_ide/stm32cubeide_1.5.1/stm32cubeide/plugins/com.st.stm32cube.ide.mcu.externaltools.gnu-tools-for-stm32.9-2020-q2-update.win32_2.0.0.202105311346/tools/bin/../lib/gcc/arm-none-eabi/9.3.1/../../../../arm-none-eabi/lib/thumb/v7e-m+fp/hard\libc_nano.a(lib_a-init.o)
