23:53:48 **** Incremental Build of configuration Debug for project Projecto2_GPIO_Input ****
make -j2 all 
arm-none-eabi-gcc "../Core/Src/main.c" -mcpu=cortex-m4 -std=gnu11 -g3 -DDEBUG -DSTM32F401xE -c -I"E:/github/STM32F401RE_Cmsis/Projecto2_GPIO_Input/Core/Inc" -I"E:/github/STM32F401RE_Cmsis/Projecto2_GPIO_Input/CMSIS/Include" -O0 -ffunction-sections -fdata-sections -Wall -fstack-usage -MMD -MP -MF"Core/Src/main.d" -MT"Core/Src/main.o" --specs=nano.specs -mfpu=fpv4-sp-d16 -mfloat-abi=hard -mthumb -o "Core/Src/main.o"
arm-none-eabi-gcc -o "Projecto2_GPIO_Input.elf" @"objects.list"   -mcpu=cortex-m4 -T"E:\github\STM32F401RE_Cmsis\Projecto2_GPIO_Input\STM32F401RETX_FLASH.ld" --specs=nosys.specs -Wl,-Map="Projecto2_GPIO_Input.map" -Wl,--gc-sections -static --specs=nano.specs -mfpu=fpv4-sp-d16 -mfloat-abi=hard -mthumb -Wl,--start-group -lc -lm -Wl,--end-group
Finished building target: Projecto2_GPIO_Input.elf
 
arm-none-eabi-size   Projecto2_GPIO_Input.elf 
arm-none-eabi-objdump -h -S  Projecto2_GPIO_Input.elf  > "Projecto2_GPIO_Input.list"
   text	   data	    bss	    dec	    hex	filename
   1184	      8	   1568	   2760	    ac8	Projecto2_GPIO_Input.elf
Finished building: default.size.stdout
Finished building: Projecto2_GPIO_Input.list
 
arm-none-eabi-objcopy  -O ihex  Projecto2_GPIO_Input.elf  "Projecto2_GPIO_Input.hex"
 
arm-none-eabi-objcopy  -O binary  Projecto2_GPIO_Input.elf  "Projecto2_GPIO_Input.bin"
Finished building: Projecto2_GPIO_Input.hex
Finished building: Projecto2_GPIO_Input.bin
 
 
23:53:57 **** Incremental Build of configuration Debug for project Projecto2_GPIO_Input ****
make -j2 all 
arm-none-eabi-gcc "../Core/Src/main.c" -mcpu=cortex-m4 -std=gnu11 -g3 -DDEBUG -DSTM32F401xE -c -I"E:/github/STM32F401RE_Cmsis/Projecto2_GPIO_Input/Core/Inc" -I"E:/github/STM32F401RE_Cmsis/Projecto2_GPIO_Input/CMSIS/Include" -O0 -ffunction-sections -fdata-sections -Wall -fstack-usage -MMD -MP -MF"Core/Src/main.d" -MT"Core/Src/main.o" --specs=nano.specs -mfpu=fpv4-sp-d16 -mfloat-abi=hard -mthumb -o "Core/Src/main.o"
arm-none-eabi-gcc -o "Projecto2_GPIO_Input.elf" @"objects.list"   -mcpu=cortex-m4 -T"E:\github\STM32F401RE_Cmsis\Projecto2_GPIO_Input\STM32F401RETX_FLASH.ld" --specs=nosys.specs -Wl,-Map="Projecto2_GPIO_Input.map" -Wl,--gc-sections -static --specs=nano.specs -mfpu=fpv4-sp-d16 -mfloat-abi=hard -mthumb -Wl,--start-group -lc -lm -Wl,--end-group
Finished building target: Projecto2_GPIO_Input.elf
 
arm-none-eabi-size   Projecto2_GPIO_Input.elf 
arm-none-eabi-objdump -h -S  Projecto2_GPIO_Input.elf  > "Projecto2_GPIO_Input.list"
   text	   data	    bss	    dec	    hex	filename
   1184	      8	   1568	   2760	    ac8	Projecto2_GPIO_Input.elf
Finished building: default.size.stdout
 
arm-none-eabi-objcopy  -O ihex  Projecto2_GPIO_Input.elf  "Projecto2_GPIO_Input.hex"
Finished building: Projecto2_GPIO_Input.list
 
arm-none-eabi-objcopy  -O binary  Projecto2_GPIO_Input.elf  "Projecto2_GPIO_Input.bin"
Finished building: Projecto2_GPIO_Input.hex
 
Finished building: Projecto2_GPIO_Input.bin
 
23:54:38 **** Incremental Build of configuration Debug for project Projecto2_GPIO_Input ****
make -j2 all 
arm-none-eabi-gcc -o "Projecto2_GPIO_Input.elf" @"objects.list"   -mcpu=cortex-m4 -T"E:\github\STM32F401RE_Cmsis\Projecto2_GPIO_Input\STM32F401RETX_FLASH.ld" --specs=nosys.specs -Wl,-Map="Projecto2_GPIO_Input.map" -Wl,--gc-sections -static --specs=nano.specs -mfpu=fpv4-sp-d16 -mfloat-abi=hard -mthumb -Wl,--start-group -lc -lm -Wl,--end-group
Finished building target: Projecto2_GPIO_Input.elf
 
arm-none-eabi-size   Projecto2_GPIO_Input.elf 
arm-none-eabi-objdump -h -S  Projecto2_GPIO_Input.elf  > "Projecto2_GPIO_Input.list"
   text	   data	    bss	    dec	    hex	filename
   1184	      8	   1568	   2760	    ac8	Projecto2_GPIO_Input.elf
Finished building: default.size.stdout
 
arm-none-eabi-objcopy  -O ihex  Projecto2_GPIO_Input.elf  "Projecto2_GPIO_Input.hex"
Finished building: Projecto2_GPIO_Input.list
 
arm-none-eabi-objcopy  -O binary  Projecto2_GPIO_Input.elf  "Projecto2_GPIO_Input.bin"
Finished building: Projecto2_GPIO_Input.hex
 
Finished building: Projecto2_GPIO_Input.bin
 
