01:18:26 **** Incremental Build of configuration Debug for project Projecto11_SystickInterrupt ****
make -j2 all 
arm-none-eabi-gcc "../Core/Src/main.c" -mcpu=cortex-m4 -std=gnu11 -g3 -DDEBUG -DSTM32F401xE -c -I"E:/github/STM32F401RE_Cmsis/Projecto11_SystickInterrupt/Core/Inc" -I"E:/github/STM32F401RE_Cmsis/Projecto11_SystickInterrupt/CMSIS/Include" -O0 -ffunction-sections -fdata-sections -Wall -fstack-usage -MMD -MP -MF"Core/Src/main.d" -MT"Core/Src/main.o" --specs=nano.specs -mfpu=fpv4-sp-d16 -mfloat-abi=hard -mthumb -o "Core/Src/main.o"
arm-none-eabi-gcc -o "Projecto11_SystickInterrupt.elf" @"objects.list"   -mcpu=cortex-m4 -T"E:\github\STM32F401RE_Cmsis\Projecto11_SystickInterrupt\STM32F401RETX_FLASH.ld" --specs=nosys.specs -Wl,-Map="Projecto11_SystickInterrupt.map" -Wl,--gc-sections -static --specs=nano.specs -mfpu=fpv4-sp-d16 -mfloat-abi=hard -mthumb -Wl,--start-group -lc -lm -Wl,--end-group
Finished building target: Projecto11_SystickInterrupt.elf
 
arm-none-eabi-size   Projecto11_SystickInterrupt.elf 
arm-none-eabi-objdump -h -S  Projecto11_SystickInterrupt.elf  > "Projecto11_SystickInterrupt.list"
   text	   data	    bss	    dec	    hex	filename
   1740	      8	   1568	   3316	    cf4	Projecto11_SystickInterrupt.elf
Finished building: default.size.stdout
 
arm-none-eabi-objcopy  -O ihex  Projecto11_SystickInterrupt.elf  "Projecto11_SystickInterrupt.hex"
Finished building: Projecto11_SystickInterrupt.list
 
arm-none-eabi-objcopy  -O binary  Projecto11_SystickInterrupt.elf  "Projecto11_SystickInterrupt.bin"
Finished building: Projecto11_SystickInterrupt.bin
Finished building: Projecto11_SystickInterrupt.hex
 
 

01:18:32 Build Finished. 0 errors, 0 warnings. (took 6s.540ms)

